Component: ARM Compiler 5.06 update 7 (build 960) Tool: armlink [4d3601]

==============================================================================

Section Cross References

    startup_stm32h743xx.o(STACK) refers (Special) to heapauxi.o(.text) for __use_two_region_memory
    startup_stm32h743xx.o(HEAP) refers (Special) to heapauxi.o(.text) for __use_two_region_memory
    startup_stm32h743xx.o(RESET) refers (Special) to heapauxi.o(.text) for __use_two_region_memory
    startup_stm32h743xx.o(RESET) refers to startup_stm32h743xx.o(STACK) for __initial_sp
    startup_stm32h743xx.o(RESET) refers to startup_stm32h743xx.o(.text) for Reset_Handler
    startup_stm32h743xx.o(RESET) refers to stm32h7xx_it.o(i.NMI_Handler) for NMI_Handler
    startup_stm32h743xx.o(RESET) refers to stm32h7xx_it.o(i.HardFault_Handler) for HardFault_Handler
    startup_stm32h743xx.o(RESET) refers to stm32h7xx_it.o(i.MemManage_Handler) for MemManage_Handler
    startup_stm32h743xx.o(RESET) refers to stm32h7xx_it.o(i.BusFault_Handler) for BusFault_Handler
    startup_stm32h743xx.o(RESET) refers to stm32h7xx_it.o(i.UsageFault_Handler) for UsageFault_Handler
    startup_stm32h743xx.o(RESET) refers to port.o(.emb_text) for SVC_Handler
    startup_stm32h743xx.o(RESET) refers to stm32h7xx_it.o(i.DebugMon_Handler) for DebugMon_Handler
    startup_stm32h743xx.o(RESET) refers to cmsis_os2.o(i.SysTick_Handler) for SysTick_Handler
    startup_stm32h743xx.o(RESET) refers to stm32h7xx_it.o(i.DMA1_Stream0_IRQHandler) for DMA1_Stream0_IRQHandler
    startup_stm32h743xx.o(RESET) refers to stm32h7xx_it.o(i.DMA1_Stream1_IRQHandler) for DMA1_Stream1_IRQHandler
    startup_stm32h743xx.o(RESET) refers to stm32h7xx_it.o(i.FDCAN1_IT0_IRQHandler) for FDCAN1_IT0_IRQHandler
    startup_stm32h743xx.o(RESET) refers to stm32h7xx_it.o(i.FDCAN2_IT0_IRQHandler) for FDCAN2_IT0_IRQHandler
    startup_stm32h743xx.o(RESET) refers to stm32h7xx_it.o(i.USART3_IRQHandler) for USART3_IRQHandler
    startup_stm32h743xx.o(RESET) refers to stm32h7xx_it.o(i.TIM8_BRK_TIM12_IRQHandler) for TIM8_BRK_TIM12_IRQHandler
    startup_stm32h743xx.o(RESET) refers to stm32h7xx_it.o(i.TIM8_UP_TIM13_IRQHandler) for TIM8_UP_TIM13_IRQHandler
    startup_stm32h743xx.o(RESET) refers to stm32h7xx_it.o(i.TIM8_TRG_COM_TIM14_IRQHandler) for TIM8_TRG_COM_TIM14_IRQHandler
    startup_stm32h743xx.o(RESET) refers to stm32h7xx_it.o(i.TIM6_DAC_IRQHandler) for TIM6_DAC_IRQHandler
    startup_stm32h743xx.o(RESET) refers to stm32h7xx_it.o(i.TIM7_IRQHandler) for TIM7_IRQHandler
    startup_stm32h743xx.o(RESET) refers to stm32h7xx_it.o(i.UART8_IRQHandler) for UART8_IRQHandler
    startup_stm32h743xx.o(.text) refers (Special) to heapauxi.o(.text) for __use_two_region_memory
    startup_stm32h743xx.o(.text) refers to system_stm32h7xx.o(i.SystemInit) for SystemInit
    startup_stm32h743xx.o(.text) refers to __main.o(!!!main) for __main
    startup_stm32h743xx.o(.text) refers to startup_stm32h743xx.o(HEAP) for Heap_Mem
    startup_stm32h743xx.o(.text) refers to startup_stm32h743xx.o(STACK) for Stack_Mem
    tinn.o(i.act) refers to expf.o(i.__hardfp_expf) for __hardfp_expf
    tinn.o(i.bprop) refers to tinn.o(i.pderr) for pderr
    tinn.o(i.bprop) refers to tinn.o(i.pdact) for pdact
    tinn.o(i.fprop) refers to tinn.o(i.act) for act
    tinn.o(i.frand) refers to rand.o(.emb_text) for rand
    tinn.o(i.toterr) refers to tinn.o(i.err) for err
    tinn.o(i.wbrand) refers to tinn.o(i.frand) for frand
    tinn.o(i.xtbuild) refers to calloc.o(.text) for calloc
    tinn.o(i.xtbuild) refers to rt_memcpy_w.o(.text) for __aeabi_memcpy4
    tinn.o(i.xtbuild) refers to tinn.o(i.wbrand) for wbrand
    tinn.o(i.xtfree) refers to h1_free.o(.text) for free
    tinn.o(i.xtload) refers to tinn.o(i.xtbuild) for xtbuild
    tinn.o(i.xtload) refers to rt_memcpy_w.o(.text) for __aeabi_memcpy4
    tinn.o(i.xtpredict) refers to rt_memcpy_w.o(.text) for __aeabi_memcpy4
    tinn.o(i.xtpredict) refers to tinn.o(i.fprop) for fprop
    tinn.o(i.xtsave) refers to stm32h7xx_hal_uart.o(i.HAL_UART_Transmit) for HAL_UART_Transmit
    tinn.o(i.xttrain) refers to rt_memcpy_w.o(.text) for __aeabi_memcpy4
    tinn.o(i.xttrain) refers to tinn.o(i.bprop) for bprop
    tinn.o(i.xttrain) refers to tinn.o(i.toterr) for toterr
    main.o(i.DMA_recieve) refers to main.o(i.update_target_info) for update_target_info
    main.o(i.DMA_recieve) refers to main.o(.bss) for pos_log
    main.o(i.DMA_recieve) refers to main.o(.data) for current_pos
    main.o(i.Fifo_update) refers to main.o(.bss) for buffer
    main.o(i.HAL_TIM_PeriodElapsedCallback) refers to stm32h7xx_hal.o(i.HAL_IncTick) for HAL_IncTick
    main.o(i.HAL_TIM_PeriodElapsedCallback) refers to main.o(i.acceration_limit) for acceration_limit
    main.o(i.HAL_TIM_PeriodElapsedCallback) refers to move.o(i.check_dead_barrier) for check_dead_barrier
    main.o(i.HAL_TIM_PeriodElapsedCallback) refers to main.o(i.executive_auto_move) for executive_auto_move
[...]
    SPI_SetSpeed                             0x08009673   Thumb Code    50  nrf.o(i.SPI_SetSpeed)
    StartDefaultTask                         0x080096e5   Thumb Code   190  freertos.o(i.StartDefaultTask)
    SysTick_Handler                          0x080097bd   Thumb Code    22  cmsis_os2.o(i.SysTick_Handler)
    SystemClock_Config                       0x080097d5   Thumb Code   216  main.o(i.SystemClock_Config)
    SystemInit                               0x080098b9   Thumb Code   212  system_stm32h7xx.o(i.SystemInit)
    TIM6_DAC_IRQHandler                      0x080099b5   Thumb Code    10  stm32h7xx_it.o(i.TIM6_DAC_IRQHandler)
    TIM7_IRQHandler                          0x080099c5   Thumb Code    10  stm32h7xx_it.o(i.TIM7_IRQHandler)
    TIM8_BRK_TIM12_IRQHandler                0x080099d5   Thumb Code    10  stm32h7xx_it.o(i.TIM8_BRK_TIM12_IRQHandler)
    TIM8_TRG_COM_TIM14_IRQHandler            0x080099e5   Thumb Code    16  stm32h7xx_it.o(i.TIM8_TRG_COM_TIM14_IRQHandler)
    TIM8_UP_TIM13_IRQHandler                 0x080099fd   Thumb Code    10  stm32h7xx_it.o(i.TIM8_UP_TIM13_IRQHandler)
    TIM_Base_SetConfig                       0x08009a0d   Thumb Code   170  stm32h7xx_hal_tim.o(i.TIM_Base_SetConfig)
    TIM_CCxChannelCmd                        0x08009ad9   Thumb Code    34  stm32h7xx_hal_tim.o(i.TIM_CCxChannelCmd)
    TIM_DMADelayPulseHalfCplt                0x08009b63   Thumb Code    64  stm32h7xx_hal_tim.o(i.TIM_DMADelayPulseHalfCplt)
    TIM_DMAError                             0x08009ba3   Thumb Code    94  stm32h7xx_hal_tim.o(i.TIM_DMAError)
    TIM_ETR_SetConfig                        0x08009c01   Thumb Code    22  stm32h7xx_hal_tim.o(i.TIM_ETR_SetConfig)
    TIM_OC2_SetConfig                        0x08009cdd   Thumb Code   156  stm32h7xx_hal_tim.o(i.TIM_OC2_SetConfig)
    UART8_IRQHandler                         0x08009fe9   Thumb Code    10  stm32h7xx_it.o(i.UART8_IRQHandler)
    UART_AdvFeatureConfig                    0x0800a051   Thumb Code   248  stm32h7xx_hal_uart.o(i.UART_AdvFeatureConfig)
    UART_CheckIdleState                      0x0800a149   Thumb Code   118  stm32h7xx_hal_uart.o(i.UART_CheckIdleState)
    UART_SetConfig                           0x0800a911   Thumb Code  1402  stm32h7xx_hal_uart.o(i.UART_SetConfig)
    UART_Start_Receive_DMA                   0x0800ae9d   Thumb Code   200  stm32h7xx_hal_uart.o(i.UART_Start_Receive_DMA)
    UART_Start_Receive_IT                    0x0800af71   Thumb Code   352  stm32h7xx_hal_uart.o(i.UART_Start_Receive_IT)
    UART_WaitOnFlagUntilTimeout              0x0800b0e1   Thumb Code   254  stm32h7xx_hal_uart.o(i.UART_WaitOnFlagUntilTimeout)
    USART3_IRQHandler                        0x0800b1e1   Thumb Code    10  stm32h7xx_it.o(i.USART3_IRQHandler)
    UsageFault_Handler                       0x0800b1f1   Thumb Code     4  stm32h7xx_it.o(i.UsageFault_Handler)
    VESC_CAN_DECODE                          0x0800b1f5   Thumb Code    76  vesc_can.o(i.VESC_CAN_DECODE)
    VESC_DECODE_CURRENT                      0x0800b245   Thumb Code    28  vesc_can.o(i.VESC_DECODE_CURRENT)
    VESC_DECODE_POS                          0x0800b261   Thumb Code    36  vesc_can.o(i.VESC_DECODE_POS)
    VESC_DECODE_RPM                          0x0800b289   Thumb Code    28  vesc_can.o(i.VESC_DECODE_RPM)
    __ARM_fpclassify                         0x0800b2a5   Thumb Code    48  fpclassify.o(i.__ARM_fpclassify)
    __ARM_fpclassifyf                        0x0800b2d5   Thumb Code    38  fpclassifyf.o(i.__ARM_fpclassifyf)
    __hardfp_atan2f                          0x0800b33d   Thumb Code   594  atan2f.o(i.__hardfp_atan2f)
    __hardfp_cosf                            0x0800b5f1   Thumb Code   276  cosf.o(i.__hardfp_cosf)
    __hardfp_pow                             0x0800b741   Thumb Code  2140  pow.o(i.__hardfp_pow)
    __hardfp_sinf                            0x0800c039   Thumb Code   344  sinf.o(i.__hardfp_sinf)
    __hardfp_sqrt                            0x0800c1cd   Thumb Code   102  sqrt.o(i.__hardfp_sqrt)
    __hardfp_sqrtf                           0x0800c233   Thumb Code    58  sqrtf.o(i.__hardfp_sqrtf)
    __kernel_poly                            0x0800c26d   Thumb Code   112  poly.o(i.__kernel_poly)
    __mathlib_dbl_divzero                    0x0800c2e1   Thumb Code    14  dunder.o(i.__mathlib_dbl_divzero)
    __mathlib_dbl_infnan2                    0x0800c301   Thumb Code     6  dunder.o(i.__mathlib_dbl_infnan2)
    __mathlib_dbl_invalid                    0x0800c309   Thumb Code    10  dunder.o(i.__mathlib_dbl_invalid)
    __mathlib_dbl_overflow                   0x0800c321   Thumb Code    10  dunder.o(i.__mathlib_dbl_overflow)
    __mathlib_dbl_underflow                  0x0800c339   Thumb Code    10  dunder.o(i.__mathlib_dbl_underflow)
    __mathlib_flt_infnan                     0x0800c351   Thumb Code     6  funder.o(i.__mathlib_flt_infnan)
    __mathlib_flt_infnan2                    0x0800c357   Thumb Code     6  funder.o(i.__mathlib_flt_infnan2)
    __mathlib_flt_invalid                    0x0800c35d   Thumb Code    10  funder.o(i.__mathlib_flt_invalid)
    __mathlib_flt_underflow                  0x0800c36d   Thumb Code    10  funder.o(i.__mathlib_flt_underflow)
    __mathlib_rredf2                         0x0800c37d   Thumb Code   316  rredf.o(i.__mathlib_rredf2)
    acceration_limit                         0x0800c4d1   Thumb Code   224  main.o(i.acceration_limit)
    add_barrier                              0x0800c5c9   Thumb Code   124  move.o(i.add_barrier)
    add_mission                              0x0800c649   Thumb Code   214  freertos.o(i.add_mission)
    auto_drive_longdistance                  0x0800c751   Thumb Code  1492  user_task.o(i.auto_drive_longdistance)
    auto_drive_shortdistance                 0x0800cd61   Thumb Code   278  user_task.o(i.auto_drive_shortdistance)
    auto_pick_up                             0x0800ce95   Thumb Code   632  user_task.o(i.auto_pick_up)
    auto_place                               0x0800d141   Thumb Code   580  user_task.o(i.auto_place)
    auto_turn                                0x0800d3bd   Thumb Code    20  user_task.o(i.auto_turn)
    catapult_activate                        0x0800d3d5   Thumb Code     6  user_task.o(i.catapult_activate)
    check_dead_barrier                       0x0800d3dd   Thumb Code   116  move.o(i.check_dead_barrier)
    coordinate_transform                     0x0800d459   Thumb Code   246  move.o(i.coordinate_transform)
    evaluate_place_pos                       0x0800d559   Thumb Code   352  move.o(i.evaluate_place_pos)
    executive_auto_move                      0x0800d6e1   Thumb Code   302  main.o(i.executive_auto_move)
    fabs                                     0x0800d835   Thumb Code    24  fabs.o(i.fabs)
    find_barrier                             0x0800d84d   Thumb Code    28  move.o(i.find_barrier)
    grab_pos_set                             0x0800d86d   Thumb Code    84  user_task.o(i.grab_pos_set)
    hmi_init                                 0x0800d8cd   Thumb Code    20  hmi.o(i.hmi_init)
    hook_grasp                               0x0800d8e9   Thumb Code    66  user_task.o(i.hook_grasp)
    hook_release                             0x0800d939   Thumb Code    68  user_task.o(i.hook_release)
    instruction_refresh                      0x0800d989   Thumb Code    80  my_robot.o(i.instruction_refresh)
    load_status                              0x0800d9f1   Thumb Code   166  freertos.o(i.load_status)
    main                                     0x0800dac1   Thumb Code   288  main.o(i.main)
    manual_move                              0x0800dc29   Thumb Code   632  freertos.o(i.manual_move)
    osDelay                                  0x0800ded1   Thumb Code    30  cmsis_os2.o(i.osDelay)
    osKernelInitialize                       0x0800def1   Thumb Code    38  cmsis_os2.o(i.osKernelInitialize)
    osKernelStart                            0x0800df1d   Thumb Code    82  cmsis_os2.o(i.osKernelStart)
    osThreadNew                              0x0800df7d   Thumb Code   184  cmsis_os2.o(i.osThreadNew)
    pick_up                                  0x0800e035   Thumb Code   506  user_task.o(i.pick_up)
    pick_up_activator_pos_set                0x0800e241   Thumb Code   108  user_task.o(i.pick_up_activator_pos_set)
    place_block                              0x0800e2b9   Thumb Code   120  user_task.o(i.place_block)
    pos_regulator_pos_set                    0x0800e339   Thumb Code   322  user_task.o(i.pos_regulator_pos_set)
    pre_plan                                 0x0800e489   Thumb Code  3502  move.o(i.pre_plan)
    pvPortMalloc                             0x0800fd71   Thumb Code   306  heap_4_1.o(i.pvPortMalloc)
    pxPortInitialiseStack                    0x0800febd   Thumb Code    38  port.o(i.pxPortInitialiseStack)
    read_keys                                0x0800fee9   Thumb Code   264  my_robot.o(i.read_keys)
    remove_barrier                           0x0800fff9   Thumb Code    70  move.o(i.remove_barrier)
    send_init_msg                            0x08010045   Thumb Code    40  main.o(i.send_init_msg)
    send_log                                 0x0801006d   Thumb Code    62  main.o(i.send_log)
    send_msg                                 0x080100ad   Thumb Code   126  main.o(i.send_msg)
    send_msg_synchronal                      0x0801013d   Thumb Code    66  freertos.o(i.send_msg_synchronal)
    speed_cal                                0x08010185   Thumb Code   372  main.o(i.speed_cal)
    sqrt                                     0x08010325   Thumb Code   106  sqrt.o(i.sqrt)
    switcher_direction_set                   0x08010391   Thumb Code   100  user_task.o(i.switcher_direction_set)
    task_handler                             0x08010401   Thumb Code    78  freertos.o(i.task_handler)
    update_barrier                           0x08010459   Thumb Code   102  move.o(i.update_barrier)
    update_check_point                       0x080104c5   Thumb Code    26  move.o(i.update_check_point)
    update_target_info                       0x080104e5   Thumb Code  1156  main.o(i.update_target_info)
    uxListRemove                             0x08010975   Thumb Code    40  list.o(i.uxListRemove)
    vApplicationGetIdleTaskMemory            0x0801099d   Thumb Code    14  cmsis_os2.o(i.vApplicationGetIdleTaskMemory)
    vApplicationGetTimerTaskMemory           0x080109b5   Thumb Code    16  cmsis_os2.o(i.vApplicationGetTimerTaskMemory)
    vListInitialise                          0x080109cd   Thumb Code    26  list.o(i.vListInitialise)
    vListInitialiseItem                      0x080109e7   Thumb Code     6  list.o(i.vListInitialiseItem)
    vListInsert                              0x080109ed   Thumb Code    52  list.o(i.vListInsert)
    vListInsertEnd                           0x08010a21   Thumb Code    24  list.o(i.vListInsertEnd)
    vPortEnterCritical                       0x08010a39   Thumb Code    76  port.o(i.vPortEnterCritical)
    vPortExitCritical                        0x08010a8d   Thumb Code    56  port.o(i.vPortExitCritical)
    vPortFree                                0x08010ac9   Thumb Code   150  heap_4_1.o(i.vPortFree)
    vPortSetupTimerInterrupt                 0x08010b6d   Thumb Code    36  port.o(i.vPortSetupTimerInterrupt)
    vPortValidateInterruptPriority           0x08010b95   Thumb Code   106  port.o(i.vPortValidateInterruptPriority)
    vQueueAddToRegistry                      0x08010c0d   Thumb Code    38  queue.o(i.vQueueAddToRegistry)
    vQueueWaitForMessageRestricted           0x08010c39   Thumb Code    74  queue.o(i.vQueueWaitForMessageRestricted)
    vTaskDelay                               0x08010c85   Thumb Code    82  tasks.o(i.vTaskDelay)
    vTaskDelete                              0x08010ce1   Thumb Code   168  tasks.o(i.vTaskDelete)
    vTaskInternalSetTimeOutState             0x08010da9   Thumb Code    14  tasks.o(i.vTaskInternalSetTimeOutState)
    vTaskMissedYield                         0x08010dc1   Thumb Code     8  tasks.o(i.vTaskMissedYield)
    vTaskPlaceOnEventList                    0x08010dcd   Thumb Code    52  tasks.o(i.vTaskPlaceOnEventList)
    vTaskPlaceOnEventListRestricted          0x08010e05   Thumb Code    60  tasks.o(i.vTaskPlaceOnEventListRestricted)
    vTaskResume                              0x08010e45   Thumb Code   126  tasks.o(i.vTaskResume)
    vTaskStartScheduler                      0x08010ed5   Thumb Code   156  tasks.o(i.vTaskStartScheduler)
    vTaskSuspend                             0x08010f8d   Thumb Code   176  tasks.o(i.vTaskSuspend)
    vTaskSuspendAll                          0x08011055   Thumb Code    12  tasks.o(i.vTaskSuspendAll)
    vTaskSwitchContext                       0x08011065   Thumb Code   122  tasks.o(i.vTaskSwitchContext)
    xPortStartScheduler                      0x080110f5   Thumb Code   330  port.o(i.xPortStartScheduler)
    xPortSysTickHandler                      0x0801125d   Thumb Code    46  port.o(i.xPortSysTickHandler)
    xQueueGenericCreateStatic                0x08011291   Thumb Code   224  queue.o(i.xQueueGenericCreateStatic)
    xQueueGenericReset                       0x08011371   Thumb Code   146  queue.o(i.xQueueGenericReset)
    xQueueGenericSend                        0x08011409   Thumb Code   420  queue.o(i.xQueueGenericSend)
    xQueueGenericSendFromISR                 0x080115b1   Thumb Code   252  queue.o(i.xQueueGenericSendFromISR)
    xQueueReceive                            0x080116ad   Thumb Code   356  queue.o(i.xQueueReceive)
    xTaskCheckForTimeOut                     0x08011815   Thumb Code   132  tasks.o(i.xTaskCheckForTimeOut)
    xTaskCreate                              0x080118a1   Thumb Code   100  tasks.o(i.xTaskCreate)
    xTaskCreateStatic                        0x08011905   Thumb Code   186  tasks.o(i.xTaskCreateStatic)
    xTaskGetCurrentTaskHandle                0x080119c1   Thumb Code     6  tasks.o(i.xTaskGetCurrentTaskHandle)
    xTaskGetHandle                           0x080119cd   Thumb Code   142  tasks.o(i.xTaskGetHandle)
    xTaskGetSchedulerState                   0x08011a71   Thumb Code    24  tasks.o(i.xTaskGetSchedulerState)
    xTaskGetTickCount                        0x08011a91   Thumb Code     6  tasks.o(i.xTaskGetTickCount)
    xTaskIncrementTick                       0x08011a9d   Thumb Code   280  tasks.o(i.xTaskIncrementTick)
    xTaskPriorityDisinherit                  0x08011be1   Thumb Code   152  tasks.o(i.xTaskPriorityDisinherit)
    xTaskRemoveFromEventList                 0x08011c85   Thumb Code   126  tasks.o(i.xTaskRemoveFromEventList)
    xTaskResumeAll                           0x08011d1d   Thumb Code   222  tasks.o(i.xTaskResumeAll)
    xTimerCreateTimerTask                    0x08011e21   Thumb Code   100  timers.o(i.xTimerCreateTimerTask)
    xTimerGenericCommand                     0x08011e99   Thumb Code   128  timers.o(i.xTimerGenericCommand)
    xtsave                                   0x08011f1d   Thumb Code   182  tinn.o(i.xtsave)
    __fpl_dcheck_NaN1                        0x08011fd5   Thumb Code    10  dcheck1.o(x$fpl$dcheck1)
    _fp_init                                 0x08011fe5   Thumb Code    10  fpinit.o(x$fpl$fpinit)
    __fplib_config_fpu_vfp                   0x08011fed   Thumb Code     0  fpinit.o(x$fpl$fpinit)
    __fplib_config_pureend_doubles           0x08011fed   Thumb Code     0  fpinit.o(x$fpl$fpinit)
    __fpl_return_NaN                         0x08011fef   Thumb Code   100  retnan.o(x$fpl$retnan)
    __ARM_scalbn                             0x08012053   Thumb Code    92  scalbn.o(x$fpl$scalbn)
    __fpl_cmpreturn                          0x080120af   Thumb Code    48  trapv.o(x$fpl$trapveneer)
    __I$use$fp                               0x080120de   Number         0  usenofp.o(x$fpl$usenofp)
    defaultTask_attributes                   0x080120ec   Data          36  freertos.o(.constdata)
    Robot_attributes                         0x08012110   Data          36  freertos.o(.constdata)
    manualmove_attributes                    0x08012134   Data          36  freertos.o(.constdata)
    D1CorePrescTable                         0x0801215c   Data          16  system_stm32h7xx.o(.constdata)
    UARTPrescTable                           0x080121d0   Data          24  stm32h7xx_hal_uart.o(.constdata)
    TX_ADDRESS                               0x08012200   Data           5  nrf.o(.constdata)
    RX_ADDRESS                               0x08012205   Data           5  nrf.o(.constdata)
    __mathlib_zero                           0x08012298   Data           8  qnan.o(.constdata)
    Region$$Table$$Base                      0x080122e0   Number         0  anon$$obj.o(Region$$Table)
    Region$$Table$$Limit                     0x08012300   Number         0  anon$$obj.o(Region$$Table)
    last_pos_x                               0x24000000   Data           4  main.o(.data)
    last_pos_y                               0x24000004   Data           4  main.o(.data)
    rxtemp                                   0x24000008   Data           1  main.o(.data)
    turret_buffer                            0x24000009   Data           8  main.o(.data)
    current_pos                              0x24000014   Data          12  main.o(.data)
    correction_value                         0x24000020   Data          12  main.o(.data)
    cmd_feedback                             0x2400002c   Data           8  main.o(.data)
    global_clock                             0x24000034   Data           4  main.o(.data)
    speed_clock                              0x24000038   Data           4  main.o(.data)
    ababa                                    0x2400003c   Data           4  main.o(.data)
    pos_reset                                0x24000040   Data           1  main.o(.data)
    mission_queue_head                       0x24000050   Data           4  freertos.o(.data)
    backup_mission_queue_head                0x24000054   Data           4  freertos.o(.data)
    task_reset                               0x24000058   Data           1  freertos.o(.data)
    block_num                                0x24000059   Data           1  freertos.o(.data)
    backup_block_num                         0x2400005a   Data           1  freertos.o(.data)
    running_task                             0x2400005c   Data           4  freertos.o(.data)
    get_block_flag                           0x24000060   Data           1  freertos.o(.data)
    defaultTaskHandle                        0x24000064   Data           4  freertos.o(.data)
    RobotHandle                              0x24000068   Data           4  freertos.o(.data)
    manualmoveHandle                         0x2400006c   Data           4  freertos.o(.data)
    SystemCoreClock                          0x24000074   Data           4  system_stm32h7xx.o(.data)
    SystemD2Clock                            0x24000078   Data           4  system_stm32h7xx.o(.data)
    uwTick                                   0x2400007c   Data           4  stm32h7xx_hal.o(.data)
    uwTickPrio                               0x24000080   Data           4  stm32h7xx_hal.o(.data)
    uwTickFreq                               0x24000084   Data           1  stm32h7xx_hal.o(.data)
    pxCurrentTCB                             0x24000088   Data           4  tasks.o(.data)
    abc                                      0x24000108   Data           2  my_robot.o(.data)
    nrf_mode                                 0x2400010a   Data           1  my_robot.o(.data)
    last_nrf_mode                            0x2400010b   Data           1  my_robot.o(.data)
    same_times                               0x2400010c   Data           4  my_robot.o(.data)
    pid_speedx                               0x24000110   Data          60  resolve.o(.data)
    pid_speedy                               0x2400014c   Data          60  resolve.o(.data)
    pid_deg                                  0x24000188   Data          60  resolve.o(.data)
    pid_pos                                  0x240001c4   Data          60  resolve.o(.data)
    dY                                       0x24000200   Data           4  resolve.o(.data)
    dX                                       0x24000204   Data           4  resolve.o(.data)
    dZ                                       0x24000208   Data           4  resolve.o(.data)
    autodirveshortdistance                   0x2400020c   Data           4  user_task.o(.data)
    autodrivelongdistance                    0x24000210   Data           4  user_task.o(.data)
    grabposset                               0x24000214   Data           4  user_task.o(.data)
    hookgrasp                                0x24000218   Data           4  user_task.o(.data)
    hookrelease                              0x2400021c   Data           4  user_task.o(.data)
    switcherdirectionset                     0x24000220   Data           4  user_task.o(.data)
    catapultactivate                         0x24000224   Data           4  user_task.o(.data)
    autopickup                               0x24000228   Data           4  user_task.o(.data)
    autoplace                                0x2400022c   Data           4  user_task.o(.data)
    posregulatorposset                       0x24000230   Data           4  user_task.o(.data)
    pickupactivatorposset                    0x24000234   Data           4  user_task.o(.data)
    autoturn                                 0x24000238   Data           4  user_task.o(.data)
    current_target_ID                        0x2400023c   Data           4  user_task.o(.data)
    short_drive_deadzone                     0x24000240   Data           4  user_task.o(.data)
    thread_lock                              0x24000244   Data           1  user_task.o(.data)
    final_point_lock                         0x24000245   Data           1  user_task.o(.data)
    msg                                      0x24000246   Data           1  user_task.o(.data)
    task_handle_temp                         0x24000248   Data           4  user_task.o(.data)
    Yaw                                      0x24000260   Data           4  remote_control.o(.data)
    X                                        0x24000264   Data           4  remote_control.o(.data)
    Y                                        0x24000268   Data           4  remote_control.o(.data)
    check_point_head                         0x24000270   Data           4  move.o(.data)
    barrier_head                             0x24000274   Data           4  move.o(.data)
    flag_current_path_change                 0x24000278   Data           4  move.o(.data)
    flag_final_goal_change                   0x2400027c   Data           4  move.o(.data)
    turn_end_time                            0x24000280   Data           4  move.o(.data)
    dT                                       0x24000288   Data           8  move.o(.data)
    flag_center_access                       0x24000290   Data           4  move.o(.data)
    hmi_Rec_flag                             0x24000298   Data           1  hmi.o(.data)
    hmi_huart                                0x2400029c   Data           4  hmi.o(.data)
    RGB_DEFAULT                              0x240002a0   Data           4  rgb.o(.data)
    can_Sendbuf                              0x240005a4   Data           8  gm6020.o(.data)
    debug                                    0x240005ac   Data          12  main.o(.bss)
    rocker                                   0x240005b8   Data          16  main.o(.bss)
    dma_buffer                               0x240005c8   Data          30  main.o(.bss)
    Rx_buffer                                0x240005e6   Data          16  main.o(.bss)
    huart3_rxbuffer                          0x240005f6   Data          16  main.o(.bss)
    current_acceration                       0x24000608   Data          12  main.o(.bss)
    current_speed                            0x24000614   Data          12  main.o(.bss)
    pos_buffer                               0x24000620   Data         108  main.o(.bss)
    speed_buffer                             0x2400068c   Data          72  main.o(.bss)
    target_relative_pos                      0x240006d4   Data          12  main.o(.bss)
    vx                                       0x240006e0   Data          40  main.o(.bss)
    vy                                       0x24000708   Data          40  main.o(.bss)
    pos_log                                  0x24000730   Data         120  main.o(.bss)
    velocity_nn_x                            0x240007a8   Data          40  main.o(.bss)
    velocity_nn_y                            0x240007d0   Data          40  main.o(.bss)
    flags                                    0x24000898   Data          20  freertos.o(.bss)
    backup_flags                             0x240008ac   Data          20  freertos.o(.bss)
    hfdcan1                                  0x240008d0   Data         160  fdcan.o(.bss)
    hfdcan2                                  0x24000970   Data         160  fdcan.o(.bss)
    hspi1                                    0x24000a10   Data         136  spi.o(.bss)
    htim6                                    0x24000a98   Data          76  tim.o(.bss)
    htim7                                    0x24000ae4   Data          76  tim.o(.bss)
    htim8                                    0x24000b30   Data          76  tim.o(.bss)
    hdma_tim8_ch3                            0x24000b7c   Data         120  tim.o(.bss)
    huart8                                   0x24000bf4   Data         144  usart.o(.bss)
    huart3                                   0x24000c84   Data         144  usart.o(.bss)
    hdma_uart8_rx                            0x24000d14   Data         120  usart.o(.bss)
    htim14                                   0x24000d8c   Data          76  stm32h7xx_hal_timebase_tim.o(.bss)
    xQueueRegistry                           0x24000dd8   Data          64  queue.o(.bss)
    nrf_cmd                                  0x2402daac   Data          32  my_robot.o(.bss)
    nrf_trans_cmd                            0x2402dacc   Data          14  my_robot.o(.bss)
    button                                   0x2402dada   Data          26  my_robot.o(.bss)
    target_pos                               0x2402daf4   Data          12  user_task.o(.bss)
    gyro                                     0x2402db0c   Data          36  remote_control.o(.bss)
    speed_plan                               0x2402db30   Data       18000  move.o(.bss)
    pos_plan                                 0x24032180   Data       18000  move.o(.bss)
    acceleration_plan                        0x240367d0   Data       12000  move.o(.bss)
    output                                   0x240396b0   Data          12  move.o(.bss)
    speed_st                                 0x240396bc   Data        6000  move.o(.bss)
    planned_path                             0x2403ae2c   Data          60  move.o(.bss)
    final_point                              0x2403ae68   Data          12  move.o(.bss)
    hmi_RxData                               0x2403ae80   Data          16  hmi.o(.bss)
    hmi_data                                 0x2403ae90   Data          12  hmi.o(.bss)
    Color_RGB                                0x2403ae9c   Data          12  rgb.o(.bss)
    RGB_WriteBuff                            0x2403aea8   Data         558  rgb.o(.bss)
    GM6020_Feedback_Buf                      0x2403b0d8   Data          48  gm6020.o(.bss)
    GM6020_Pos                               0x2403b108   Data          32  gm6020.o(.bss)
    VESC_Feedback                            0x2403b168   Data          60  vesc_can.o(.bss)
    __libspace_start                         0x2403b1a4   Data          96  libspace.o(.bss)
    __temporary_stack_top$libspace           0x2403b204   Data           0  libspace.o(.bss)



==============================================================================

Memory Map of the image

  Image Entry point : 0x08000299

  Load Region LR_IROM1 (Base: 0x08000000, Size: 0x000128ac, Max: 0x00200000, ABSOLUTE, COMPRESSED[0x000123bc])

    Execution Region ER_IROM1 (Exec base: 0x08000000, Load base: 0x08000000, Size: 0x00012300, Max: 0x00200000, ABSOLUTE)

    Exec Addr    Load Addr    Size         Type   Attr      Idx    E Section Name        Object

    0x08000000   0x08000000   0x00000298   Data   RO            3    RESET               startup_stm32h743xx.o
    0x08000298   0x08000298   0x00000008   Code   RO         9077  * !!!main             c_w.l(__main.o)
    0x080002a0   0x080002a0   0x00000034   Code   RO         9444    !!!scatter          c_w.l(__scatter.o)
    0x080002d4   0x080002d4   0x0000005a   Code   RO         9442    !!dczerorl2         c_w.l(__dczerorl2.o)
    0x0800032e   0x0800032e   0x00000002   PAD
    0x08000330   0x08000330   0x0000001c   Code   RO         9446    !!handler_zi        c_w.l(__scatter_zi.o)
    0x0800034c   0x0800034c   0x00000002   Code   RO         9375    .ARM.Collect$$libinit$$00000000  c_w.l(libinit.o)
    0x0800034e   0x0800034e   0x00000004   Code   RO         9205    .ARM.Collect$$libinit$$00000001  c_w.l(libinit2.o)
    0x08000352   0x08000352   0x00000000   Code   RO         9208    .ARM.Collect$$libinit$$00000004  c_w.l(libinit2.o)
    0x08000352   0x08000352   0x00000008   Code   RO         9209    .ARM.Collect$$libinit$$00000005  c_w.l(libinit2.o)
    0x0800035a   0x0800035a   0x00000000   Code   RO         9211    .ARM.Collect$$libinit$$0000000A  c_w.l(libinit2.o)
    0x0800035a   0x0800035a   0x00000000   Code   RO         9213    .ARM.Collect$$libinit$$0000000C  c_w.l(libinit2.o)
    0x0800035a   0x0800035a   0x00000000   Code   RO         9215    .ARM.Collect$$libinit$$0000000E  c_w.l(libinit2.o)
    0x0800035a   0x0800035a   0x00000000   Code   RO         9218    .ARM.Collect$$libinit$$00000011  c_w.l(libinit2.o)
    0x0800035a   0x0800035a   0x00000000   Code   RO         9220    .ARM.Collect$$libinit$$00000013  c_w.l(libinit2.o)
    0x0800035a   0x0800035a   0x00000000   Code   RO         9222    .ARM.Collect$$libinit$$00000015  c_w.l(libinit2.o)
    0x0800035a   0x0800035a   0x00000000   Code   RO         9224    .ARM.Collect$$libinit$$00000017  c_w.l(libinit2.o)
    0x0800035a   0x0800035a   0x00000000   Code   RO         9226    .ARM.Collect$$libinit$$00000019  c_w.l(libinit2.o)
    0x0800035a   0x0800035a   0x00000000   Code   RO         9228    .ARM.Collect$$libinit$$0000001B  c_w.l(libinit2.o)
    0x0800035a   0x0800035a   0x00000000   Code   RO         9230    .ARM.Collect$$libinit$$0000001D  c_w.l(libinit2.o)
    0x0800035a   0x0800035a   0x00000000   Code   RO         9232    .ARM.Collect$$libinit$$0000001F  c_w.l(libinit2.o)
    0x0800035a   0x0800035a   0x00000000   Code   RO         9234    .ARM.Collect$$libinit$$00000021  c_w.l(libinit2.o)
    0x0800035a   0x0800035a   0x00000000   Code   RO         9236    .ARM.Collect$$libinit$$00000023  c_w.l(libinit2.o)
    0x0800035a   0x0800035a   0x00000000   Code   RO         9238    .ARM.Collect$$libinit$$00000025  c_w.l(libinit2.o)
    0x0800035a   0x0800035a   0x00000000   Code   RO         9242    .ARM.Collect$$libinit$$0000002C  c_w.l(libinit2.o)
    0x0800035a   0x0800035a   0x00000000   Code   RO         9244    .ARM.Collect$$libinit$$0000002E  c_w.l(libinit2.o)
    0x0800035a   0x0800035a   0x00000000   Code   RO         9246    .ARM.Collect$$libinit$$00000030  c_w.l(libinit2.o)
    0x0800035a   0x0800035a   0x00000000   Code   RO         9248    .ARM.Collect$$libinit$$00000032  c_w.l(libinit2.o)
    0x0800035a   0x0800035a   0x00000002   Code   RO         9249    .ARM.Collect$$libinit$$00000033  c_w.l(libinit2.o)
    0x0800035c   0x0800035c   0x00000002   Code   RO         9439    .ARM.Collect$$libshutdown$$00000000  c_w.l(libshutdown.o)
    0x0800035e   0x0800035e   0x00000000   Code   RO         9393    .ARM.Collect$$libshutdown$$00000002  c_w.l(libshutdown2.o)
    0x0800035e   0x0800035e   0x00000000   Code   RO         9395    .ARM.Collect$$libshutdown$$00000004  c_w.l(libshutdown2.o)
    0x0800035e   0x0800035e   0x00000000   Code   RO         9397    .ARM.Collect$$libshutdown$$00000006  c_w.l(libshutdown2.o)
    0x0800035e   0x0800035e   0x00000000   Code   RO         9400    .ARM.Collect$$libshutdown$$00000009  c_w.l(libshutdown2.o)
    0x0800035e   0x0800035e   0x00000000   Code   RO         9403    .ARM.Collect$$libshutdown$$0000000C  c_w.l(libshutdown2.o)
    0x0800035e   0x0800035e   0x00000000   Code   RO         9405    .ARM.Collect$$libshutdown$$0000000E  c_w.l(libshutdown2.o)
    0x0800035e   0x0800035e   0x00000000   Code   RO         9408    .ARM.Collect$$libshutdown$$00000011  c_w.l(libshutdown2.o)
    0x0800035e   0x0800035e   0x00000002   Code   RO         9409    .ARM.Collect$$libshutdown$$00000012  c_w.l(libshutdown2.o)
    0x08000360   0x08000360   0x00000000   Code   RO         9169    .ARM.Collect$$rtentry$$00000000  c_w.l(__rtentry.o)
    0x08000360   0x08000360   0x00000000   Code   RO         9305    .ARM.Collect$$rtentry$$00000002  c_w.l(__rtentry2.o)
    0x08000360   0x08000360   0x00000006   Code   RO         9317    .ARM.Collect$$rtentry$$00000004  c_w.l(__rtentry4.o)
    0x08000366   0x08000366   0x00000000   Code   RO         9307    .ARM.Collect$$rtentry$$00000009  c_w.l(__rtentry2.o)
    0x08000366   0x08000366   0x00000004   Code   RO         9308    .ARM.Collect$$rtentry$$0000000A  c_w.l(__rtentry2.o)
    0x0800036a   0x0800036a   0x00000000   Code   RO         9310    .ARM.Collect$$rtentry$$0000000C  c_w.l(__rtentry2.o)
    0x0800036a   0x0800036a   0x00000008   Code   RO         9311    .ARM.Collect$$rtentry$$0000000D  c_w.l(__rtentry2.o)
    0x08000372   0x08000372   0x00000002   Code   RO         9380    .ARM.Collect$$rtexit$$00000000  c_w.l(rtexit.o)
    0x08000374   0x08000374   0x00000000   Code   RO         9415    .ARM.Collect$$rtexit$$00000002  c_w.l(rtexit2.o)
    0x08000374   0x08000374   0x00000004   Code   RO         9416    .ARM.Collect$$rtexit$$00000003  c_w.l(rtexit2.o)
    0x08000378   0x08000378   0x00000006   Code   RO         9417    .ARM.Collect$$rtexit$$00000004  c_w.l(rtexit2.o)
    0x0800037e   0x0800037e   0x00000002   PAD
    0x08000380   0x08000380   0x000000be   Code   RO         7751    .emb_text           port.o
    0x0800043e   0x0800043e   0x00000002   PAD
    0x08000440   0x08000440   0x00000000   Code   RO         9328    .emb_text           c_w.l(maybetermalloc1.o)
    0x08000440   0x08000440   0x00000040   Code   RO            4    .text               startup_stm32h743xx.o
    0x08000480   0x08000480   0x0000005e   Code   RO         8998    .text               c_w.l(h1_alloc.o)
    0x080004de   0x080004de   0x0000004e   Code   RO         9000    .text               c_w.l(h1_free.o)
    0x0800052c   0x0800052c   0x000000ee   Code   RO         9056    .text               c_w.l(lludivv7m.o)
    0x0800061a   0x0800061a   0x0000003e   Code   RO         9063    .text               c_w.l(strlen.o)
    0x08000658   0x08000658   0x0000008a   Code   RO         9065    .text               c_w.l(rt_memcpy_v6.o)
    0x080006e2   0x080006e2   0x00000064   Code   RO         9067    .text               c_w.l(rt_memcpy_w.o)
    0x08000746   0x08000746   0x00000010   Code   RO         9071    .text               c_w.l(aeabi_memset.o)
    0x08000756   0x08000756   0x0000004e   Code   RO         9073    .text               c_w.l(rt_memclr_w.o)
    0x080007a4   0x080007a4   0x00000006   Code   RO         9075    .text               c_w.l(heapauxi.o)
    0x080007aa   0x080007aa   0x00000002   PAD
    0x080007ac   0x080007ac   0x00000008   Code   RO         9177    .text               c_w.l(rt_heap_descriptor_intlibspace.o)
    0x080007b4   0x080007b4   0x00000004   Code   RO         9179    .text               c_w.l(hguard.o)
    0x080007b8   0x080007b8   0x0000008a   Code   RO         9181    .text               c_w.l(init_alloc.o)
    0x08000842   0x08000842   0x0000000e   Code   RO         9185    .text               c_w.l(h1_init.o)
    0x08000850   0x08000850   0x00000016   Code   RO         9199    .text               c_w.l(_rserrno.o)
    0x08000866   0x08000866   0x00000044   Code   RO         9201    .text               c_w.l(rt_memclr.o)
    0x080008aa   0x080008aa   0x00000002   PAD
    0x080008ac   0x080008ac   0x00000008   Code   RO         9301    .text               c_w.l(libspace.o)
    0x080008b4   0x080008b4   0x00000008   Code   RO         9324    .text               c_w.l(rt_errno_addr_intlibspace.o)
    0x080008bc   0x080008bc   0x00000034   Code   RO         9330    .text               c_w.l(h1_extend.o)
    0x080008f0   0x080008f0   0x0000000e   Code   RO         9334    .text               c_w.l(defsig_rtmem_outer.o)
    0x080008fe   0x080008fe   0x00000002   Code   RO         9347    .text               c_w.l(use_no_semi.o)
    0x08000900   0x08000900   0x00000000   Code   RO         9349    .text               c_w.l(indicate_semi.o)
    0x08000900   0x08000900   0x0000004a   Code   RO         9350    .text               c_w.l(sys_stackheap_outer.o)
    0x0800094a   0x0800094a   0x00000012   Code   RO         9356    .text               c_w.l(exit.o)
    0x0800095c   0x0800095c   0x0000000a   Code   RO         9358    .text               c_w.l(defsig_exit.o)
    0x08000966   0x08000966   0x00000002   PAD
    0x08000968   0x08000968   0x00000050   Code   RO         9364    .text               c_w.l(defsig_rtmem_inner.o)
    0x080009b8   0x080009b8   0x0000000c   Code   RO         9378    .text               c_w.l(sys_exit.o)
    0x080009c4   0x080009c4   0x00000032   Code   RO         9388    .text               c_w.l(defsig_general.o)
    0x080009f6   0x080009f6   0x0000000e   Code   RO         9412    .text               c_w.l(sys_wrch.o)
    0x08000a04   0x08000a04   0x00000004   Code   RO          812    i.BusFault_Handler  stm32h7xx_it.o
    0x08000a08   0x08000a08   0x00000010   Code   RO          813    i.DMA1_Stream0_IRQHandler  stm32h7xx_it.o
    0x08000a18   0x08000a18   0x00000010   Code   RO          814    i.DMA1_Stream1_IRQHandler  stm32h7xx_it.o
    0x08000a28   0x08000a28   0x000000ec   Code   RO         1898    i.DMA_CalcBaseAndBitshift  stm32h7xx_hal_dma.o
    0x08000b14   0x08000b14   0x000000c4   Code   RO         1899    i.DMA_CalcDMAMUXChannelBaseAndMask  stm32h7xx_hal_dma.o
    0x08000bd8   0x08000bd8   0x00000098   Code   RO         1900    i.DMA_CalcDMAMUXRequestGenBaseAndMask  stm32h7xx_hal_dma.o
    0x08000c70   0x08000c70   0x000000ae   Code   RO         1901    i.DMA_CheckFifoParam  stm32h7xx_hal_dma.o
    0x08000d1e   0x08000d1e   0x00000002   PAD
    0x08000d20   0x08000d20   0x00000274   Code   RO         1902    i.DMA_SetConfig     stm32h7xx_hal_dma.o
    0x08000f94   0x08000f94   0x000000fc   Code   RO          252    i.DMA_recieve       main.o
    0x08001090   0x08001090   0x00000002   Code   RO          815    i.DebugMon_Handler  stm32h7xx_it.o
    0x08001092   0x08001092   0x00000006   Code   RO          253    i.Error_Handler     main.o
    0x08001098   0x08001098   0x00000010   Code   RO          816    i.FDCAN1_IT0_IRQHandler  stm32h7xx_it.o
    0x080010a8   0x080010a8   0x00000054   Code   RO         7831    i.FDCAN1_Init       fdcan_bsp.o
    0x080010fc   0x080010fc   0x00000010   Code   RO          817    i.FDCAN2_IT0_IRQHandler  stm32h7xx_it.o
    0x0800110c   0x0800110c   0x00000052   Code   RO         7832    i.FDCAN2_Init       fdcan_bsp.o
    0x0800115e   0x0800115e   0x00000002   PAD
    0x08001160   0x08001160   0x00000220   Code   RO         3505    i.FDCAN_CalcultateRamBlockAddresses  stm32h7xx_hal_fdcan.o
    0x08001380   0x08001380   0x000000d4   Code   RO         3506    i.FDCAN_CopyMessageToRAM  stm32h7xx_hal_fdcan.o
    0x08001454   0x08001454   0x00000054   Code   RO         7833    i.FDCAN_Message_Decode  fdcan_bsp.o
    0x080014a8   0x080014a8   0x00000042   Code   RO         7834    i.FDCAN_SendData    fdcan_bsp.o
    0x080014ea   0x080014ea   0x0000001e   Code   RO         8696    i.GM6020_CAN_Send_Data  gm6020.o
    0x08001508   0x08001508   0x0000003c   Code   RO         8698    i.GM6020_Get_Feedback  gm6020.o
    0x08001544   0x08001544   0x000000a0   Code   RO         8702    i.GM6020_Pos_Rec    gm6020.o
    0x080015e4   0x080015e4   0x0000006c   Code   RO         8705    i.GM6020_Set_V      gm6020.o
    0x08001650   0x08001650   0x0000010c   Code   RO         8336    i.GYRO_Resolve      remote_control.o
    0x0800175c   0x0800175c   0x000004dc   Code   RO         1903    i.HAL_DMA_Abort     stm32h7xx_hal_dma.o
    0x08001c38   0x08001c38   0x00000398   Code   RO         1904    i.HAL_DMA_Abort_IT  stm32h7xx_hal_dma.o
    0x08001fd0   0x08001fd0   0x00000af8   Code   RO         1908    i.HAL_DMA_IRQHandler  stm32h7xx_hal_dma.o
    0x08002ac8   0x08002ac8   0x00000520   Code   RO         1909    i.HAL_DMA_Init      stm32h7xx_hal_dma.o
    0x08002fe8   0x08002fe8   0x000003e0   Code   RO         1913    i.HAL_DMA_Start_IT  stm32h7xx_hal_dma.o
    0x080033c8   0x080033c8   0x00000028   Code   RO         2612    i.HAL_Delay         stm32h7xx_hal.o
    0x080033f0   0x080033f0   0x000000a8   Code   RO         3508    i.HAL_FDCAN_ActivateNotification  stm32h7xx_hal_fdcan.o
    0x08003498   0x08003498   0x00000090   Code   RO         3510    i.HAL_FDCAN_AddMessageToTxFifoQ  stm32h7xx_hal_fdcan.o
    0x08003528   0x08003528   0x00000002   Code   RO         3511    i.HAL_FDCAN_ClockCalibrationCallback  stm32h7xx_hal_fdcan.o
    0x0800352a   0x0800352a   0x000000a8   Code   RO         3515    i.HAL_FDCAN_ConfigFilter  stm32h7xx_hal_fdcan.o
    0x080035d2   0x080035d2   0x00000034   Code   RO         3516    i.HAL_FDCAN_ConfigGlobalFilter  stm32h7xx_hal_fdcan.o
    0x08003606   0x08003606   0x00000002   Code   RO         3537    i.HAL_FDCAN_ErrorCallback  stm32h7xx_hal_fdcan.o
    0x08003608   0x08003608   0x00000002   Code   RO         3538    i.HAL_FDCAN_ErrorStatusCallback  stm32h7xx_hal_fdcan.o
    0x0800360a   0x0800360a   0x00000002   PAD
    0x0800360c   0x0800360c   0x000001f4   Code   RO         3549    i.HAL_FDCAN_GetRxMessage  stm32h7xx_hal_fdcan.o
    0x08003800   0x08003800   0x00000002   Code   RO         3555    i.HAL_FDCAN_HighPriorityMessageCallback  stm32h7xx_hal_fdcan.o
    0x08003802   0x08003802   0x00000002   PAD
    0x08003804   0x08003804   0x000003ec   Code   RO         3556    i.HAL_FDCAN_IRQHandler  stm32h7xx_hal_fdcan.o
    0x08003bf0   0x08003bf0   0x000002e0   Code   RO         3557    i.HAL_FDCAN_Init    stm32h7xx_hal_fdcan.o
    0x08003ed0   0x08003ed0   0x00000168   Code   RO          614    i.HAL_FDCAN_MspInit  fdcan.o
    0x08004038   0x08004038   0x00000002   Code   RO         3566    i.HAL_FDCAN_RxBufferNewMessageCallback  stm32h7xx_hal_fdcan.o
    0x0800403a   0x0800403a   0x00000028   Code   RO         7836    i.HAL_FDCAN_RxFifo0Callback  fdcan_bsp.o
    0x08004062   0x08004062   0x00000038   Code   RO         7837    i.HAL_FDCAN_RxFifo1Callback  fdcan_bsp.o
    0x0800409a   0x0800409a   0x00000034   Code   RO         3569    i.HAL_FDCAN_Start   stm32h7xx_hal_fdcan.o
    0x080040ce   0x080040ce   0x00000002   Code   RO         3591    i.HAL_FDCAN_TT_GlobalTimeCallback  stm32h7xx_hal_fdcan.o
    0x080040d0   0x080040d0   0x00000002   Code   RO         3592    i.HAL_FDCAN_TT_ScheduleSyncCallback  stm32h7xx_hal_fdcan.o
    0x080040d2   0x080040d2   0x00000002   Code   RO         3597    i.HAL_FDCAN_TT_StopWatchCallback  stm32h7xx_hal_fdcan.o
    0x080040d4   0x080040d4   0x00000002   Code   RO         3598    i.HAL_FDCAN_TT_TimeMarkCallback  stm32h7xx_hal_fdcan.o
    0x080040d6   0x080040d6   0x00000002   Code   RO         3599    i.HAL_FDCAN_TimeoutOccurredCallback  stm32h7xx_hal_fdcan.o
    0x080040d8   0x080040d8   0x00000002   Code   RO         3600    i.HAL_FDCAN_TimestampWraparoundCallback  stm32h7xx_hal_fdcan.o
    0x080040da   0x080040da   0x00000002   Code   RO         3601    i.HAL_FDCAN_TxBufferAbortCallback  stm32h7xx_hal_fdcan.o
    0x080040dc   0x080040dc   0x00000002   Code   RO         3602    i.HAL_FDCAN_TxBufferCompleteCallback  stm32h7xx_hal_fdcan.o
    0x080040de   0x080040de   0x00000002   Code   RO         3603    i.HAL_FDCAN_TxEventFifoCallback  stm32h7xx_hal_fdcan.o
    0x080040e0   0x080040e0   0x00000002   Code   RO         3604    i.HAL_FDCAN_TxFifoEmptyCallback  stm32h7xx_hal_fdcan.o
    0x080040e2   0x080040e2   0x00000002   PAD
    0x080040e4   0x080040e4   0x000001fc   Code   RO         1751    i.HAL_GPIO_Init     stm32h7xx_hal_gpio.o
    0x080042e0   0x080042e0   0x00000010   Code   RO         1753    i.HAL_GPIO_ReadPin  stm32h7xx_hal_gpio.o
    0x080042f0   0x080042f0   0x0000000c   Code   RO         1755    i.HAL_GPIO_WritePin  stm32h7xx_hal_gpio.o
    0x080042fc   0x080042fc   0x0000000c   Code   RO         2623    i.HAL_GetREVID      stm32h7xx_hal.o
    0x08004308   0x08004308   0x0000000c   Code   RO         2624    i.HAL_GetTick       stm32h7xx_hal.o
    0x08004314   0x08004314   0x00000018   Code   RO         2630    i.HAL_IncTick       stm32h7xx_hal.o
    0x0800432c   0x0800432c   0x00000060   Code   RO         2631    i.HAL_Init          stm32h7xx_hal.o
    0x0800438c   0x0800438c   0x000000a0   Code   RO          964    i.HAL_InitTick      stm32h7xx_hal_timebase_tim.o
    0x0800442c   0x0800442c   0x00000030   Code   RO          940    i.HAL_MspInit       stm32h7xx_hal_msp.o
    0x0800445c   0x0800445c   0x00000028   Code   RO         1046    i.HAL_NVIC_EnableIRQ  stm32h7xx_hal_cortex.o
    0x08004484   0x08004484   0x0000007a   Code   RO         1052    i.HAL_NVIC_SetPriority  stm32h7xx_hal_cortex.o
    0x080044fe   0x080044fe   0x00000002   PAD
    0x08004500   0x08004500   0x00000028   Code   RO         1053    i.HAL_NVIC_SetPriorityGrouping  stm32h7xx_hal_cortex.o
    0x08004528   0x08004528   0x00000060   Code   RO         2352    i.HAL_PWREx_ConfigSupply  stm32h7xx_hal_pwr_ex.o
    0x08004588   0x08004588   0x00000024   Code   RO         1302    i.HAL_RCCEx_GetD3PCLK1Freq  stm32h7xx_hal_rcc_ex.o
    0x080045ac   0x080045ac   0x00000230   Code   RO         1304    i.HAL_RCCEx_GetPLL2ClockFreq  stm32h7xx_hal_rcc_ex.o
    0x080047dc   0x080047dc   0x00000230   Code   RO         1305    i.HAL_RCCEx_GetPLL3ClockFreq  stm32h7xx_hal_rcc_ex.o
    0x08004a0c   0x08004a0c   0x00000b64   Code   RO         1311    i.HAL_RCCEx_PeriphCLKConfig  stm32h7xx_hal_rcc_ex.o
    0x08005570   0x08005570   0x00000320   Code   RO         1187    i.HAL_RCC_ClockConfig  stm32h7xx_hal_rcc.o
    0x08005890   0x08005890   0x0000006c   Code   RO         1191    i.HAL_RCC_GetClockConfig  stm32h7xx_hal_rcc.o
    0x080058fc   0x080058fc   0x0000004c   Code   RO         1192    i.HAL_RCC_GetHCLKFreq  stm32h7xx_hal_rcc.o
    0x08005948   0x08005948   0x00000024   Code   RO         1194    i.HAL_RCC_GetPCLK1Freq  stm32h7xx_hal_rcc.o
    0x0800596c   0x0800596c   0x00000024   Code   RO         1195    i.HAL_RCC_GetPCLK2Freq  stm32h7xx_hal_rcc.o
    0x08005990   0x08005990   0x0000022c   Code   RO         1196    i.HAL_RCC_GetSysClockFreq  stm32h7xx_hal_rcc.o
    0x08005bbc   0x08005bbc   0x00000800   Code   RO         1199    i.HAL_RCC_OscConfig  stm32h7xx_hal_rcc.o
    0x080063bc   0x080063bc   0x00000180   Code   RO         4134    i.HAL_SPI_Init      stm32h7xx_hal_spi.o
    0x0800653c   0x0800653c   0x000000b8   Code   RO          663    i.HAL_SPI_MspInit   spi.o
    0x080065f4   0x080065f4   0x00000406   Code   RO         4143    i.HAL_SPI_TransmitReceive  stm32h7xx_hal_spi.o
    0x080069fa   0x080069fa   0x00000002   Code   RO         5178    i.HAL_TIMEx_Break2Callback  stm32h7xx_hal_tim_ex.o
    0x080069fc   0x080069fc   0x00000002   Code   RO         5179    i.HAL_TIMEx_BreakCallback  stm32h7xx_hal_tim_ex.o
    0x080069fe   0x080069fe   0x00000002   Code   RO         5180    i.HAL_TIMEx_CommutCallback  stm32h7xx_hal_tim_ex.o
    0x08006a00   0x08006a00   0x000000b4   Code   RO         5182    i.HAL_TIMEx_ConfigBreakDeadTime  stm32h7xx_hal_tim_ex.o
    0x08006ab4   0x08006ab4   0x000000cc   Code   RO         5200    i.HAL_TIMEx_MasterConfigSynchronization  stm32h7xx_hal_tim_ex.o
    0x08006b80   0x08006b80   0x0000006e   Code   RO         4453    i.HAL_TIM_Base_Init  stm32h7xx_hal_tim.o
    0x08006bee   0x08006bee   0x00000002   PAD
    0x08006bf0   0x08006bf0   0x00000128   Code   RO          705    i.HAL_TIM_Base_MspInit  tim.o
    0x08006d18   0x08006d18   0x000000b4   Code   RO         4458    i.HAL_TIM_Base_Start_IT  stm32h7xx_hal_tim.o
    0x08006dcc   0x08006dcc   0x00000134   Code   RO         4462    i.HAL_TIM_ConfigClockSource  stm32h7xx_hal_tim.o
    0x08006f00   0x08006f00   0x00000002   Code   RO         4483    i.HAL_TIM_ErrorCallback  stm32h7xx_hal_tim.o
    0x08006f02   0x08006f02   0x00000002   Code   RO         4487    i.HAL_TIM_IC_CaptureCallback  stm32h7xx_hal_tim.o
    0x08006f04   0x08006f04   0x000001b8   Code   RO         4501    i.HAL_TIM_IRQHandler  stm32h7xx_hal_tim.o
    0x080070bc   0x080070bc   0x00000060   Code   RO          706    i.HAL_TIM_MspPostInit  tim.o
    0x0800711c   0x0800711c   0x00000002   Code   RO         4504    i.HAL_TIM_OC_DelayElapsedCallback  stm32h7xx_hal_tim.o
    0x0800711e   0x0800711e   0x00000170   Code   RO         4525    i.HAL_TIM_PWM_ConfigChannel  stm32h7xx_hal_tim.o
    0x0800728e   0x0800728e   0x0000006e   Code   RO         4528    i.HAL_TIM_PWM_Init  stm32h7xx_hal_tim.o
    0x080072fc   0x080072fc   0x00000002   Code   RO         4530    i.HAL_TIM_PWM_MspInit  stm32h7xx_hal_tim.o
    0x080072fe   0x080072fe   0x00000002   Code   RO         4531    i.HAL_TIM_PWM_PulseFinishedCallback  stm32h7xx_hal_tim.o
    0x08007300   0x08007300   0x00000002   Code   RO         4532    i.HAL_TIM_PWM_PulseFinishedHalfCpltCallback  stm32h7xx_hal_tim.o
    0x08007302   0x08007302   0x00000002   PAD
    0x08007304   0x08007304   0x000002b8   Code   RO         4534    i.HAL_TIM_PWM_Start_DMA  stm32h7xx_hal_tim.o
    0x080075bc   0x080075bc   0x00000150   Code   RO         4537    i.HAL_TIM_PWM_Stop_DMA  stm32h7xx_hal_tim.o
    0x0800770c   0x0800770c   0x00000114   Code   RO          255    i.HAL_TIM_PeriodElapsedCallback  main.o
    0x08007820   0x08007820   0x00000002   Code   RO         4544    i.HAL_TIM_TriggerCallback  stm32h7xx_hal_tim.o
    0x08007822   0x08007822   0x0000004e   Code   RO         5894    i.HAL_UARTEx_DisableFifoMode  stm32h7xx_hal_uart_ex.o
    0x08007870   0x08007870   0x00000002   Code   RO         5478    i.HAL_UARTEx_RxEventCallback  stm32h7xx_hal_uart.o
    0x08007872   0x08007872   0x00000002   Code   RO         5901    i.HAL_UARTEx_RxFifoFullCallback  stm32h7xx_hal_uart_ex.o
    0x08007874   0x08007874   0x0000005e   Code   RO         5902    i.HAL_UARTEx_SetRxFifoThreshold  stm32h7xx_hal_uart_ex.o
    0x080078d2   0x080078d2   0x0000005e   Code   RO         5903    i.HAL_UARTEx_SetTxFifoThreshold  stm32h7xx_hal_uart_ex.o
    0x08007930   0x08007930   0x00000002   Code   RO         5905    i.HAL_UARTEx_TxFifoEmptyCallback  stm32h7xx_hal_uart_ex.o
    0x08007932   0x08007932   0x00000002   Code   RO         5906    i.HAL_UARTEx_WakeupCallback  stm32h7xx_hal_uart_ex.o
    0x08007934   0x08007934   0x00000002   Code   RO         5494    i.HAL_UART_ErrorCallback  stm32h7xx_hal_uart.o
    0x08007936   0x08007936   0x00000002   PAD
    0x08007938   0x08007938   0x00000458   Code   RO         5497    i.HAL_UART_IRQHandler  stm32h7xx_hal_uart.o
    0x08007d90   0x08007d90   0x00000078   Code   RO         5498    i.HAL_UART_Init     stm32h7xx_hal_uart.o
    0x08007e08   0x08007e08   0x0000017c   Code   RO          765    i.HAL_UART_MspInit  usart.o
    0x08007f84   0x08007f84   0x00000074   Code   RO         5502    i.HAL_UART_Receive_DMA  stm32h7xx_hal_uart.o
    0x08007ff8   0x08007ff8   0x00000074   Code   RO         5503    i.HAL_UART_Receive_IT  stm32h7xx_hal_uart.o
    0x0800806c   0x0800806c   0x00000002   Code   RO         5505    i.HAL_UART_RxCpltCallback  stm32h7xx_hal_uart.o
    0x0800806e   0x0800806e   0x00000002   Code   RO         5506    i.HAL_UART_RxHalfCpltCallback  stm32h7xx_hal_uart.o
    0x08008070   0x08008070   0x000000d6   Code   RO         5507    i.HAL_UART_Transmit  stm32h7xx_hal_uart.o
    0x08008146   0x08008146   0x00000002   Code   RO         5510    i.HAL_UART_TxCpltCallback  stm32h7xx_hal_uart.o
    0x08008148   0x08008148   0x00000044   Code   RO         8368    i.Handle_Init       nrf.o
    0x0800818c   0x0800818c   0x00000004   Code   RO          818    i.HardFault_Handler  stm32h7xx_it.o
    0x08008190   0x08008190   0x00000044   Code   RO          589    i.MX_DMA_Init       dma.o
    0x080081d4   0x080081d4   0x00000080   Code   RO          615    i.MX_FDCAN1_Init    fdcan.o
    0x08008254   0x08008254   0x00000080   Code   RO          616    i.MX_FDCAN2_Init    fdcan.o
    0x080082d4   0x080082d4   0x00000054   Code   RO          486    i.MX_FREERTOS_Init  freertos.o
    0x08008328   0x08008328   0x0000014c   Code   RO          462    i.MX_GPIO_Init      gpio.o
    0x08008474   0x08008474   0x00000060   Code   RO          664    i.MX_SPI1_Init      spi.o
    0x080084d4   0x080084d4   0x0000004c   Code   RO          707    i.MX_TIM6_Init      tim.o
    0x08008520   0x08008520   0x0000004c   Code   RO          708    i.MX_TIM7_Init      tim.o
    0x0800856c   0x0800856c   0x000000e8   Code   RO          709    i.MX_TIM8_Init      tim.o
    0x08008654   0x08008654   0x0000006c   Code   RO          766    i.MX_UART8_Init     usart.o
    0x080086c0   0x080086c0   0x0000006c   Code   RO          767    i.MX_USART3_UART_Init  usart.o
    0x0800872c   0x0800872c   0x00000004   Code   RO          819    i.MemManage_Handler  stm32h7xx_it.o
    0x08008730   0x08008730   0x00000004   Code   RO          820    i.NMI_Handler       stm32h7xx_it.o
    0x08008734   0x08008734   0x0000005c   Code   RO         8369    i.NRF24L01_Check    nrf.o
    0x08008790   0x08008790   0x0000006c   Code   RO         8370    i.NRF24L01_RX_Mode  nrf.o
    0x080087fc   0x080087fc   0x0000004c   Code   RO         8371    i.NRF24L01_Read_Buf  nrf.o
    0x08008848   0x08008848   0x00000034   Code   RO         8372    i.NRF24L01_Read_Reg  nrf.o
    0x0800887c   0x0800887c   0x00000048   Code   RO         8373    i.NRF24L01_RxPacket  nrf.o
    0x080088c4   0x080088c4   0x0000004c   Code   RO         8376    i.NRF24L01_Write_Buf  nrf.o
    0x08008910   0x08008910   0x0000003c   Code   RO         8377    i.NRF24L01_Write_Reg  nrf.o
    0x0800894c   0x0800894c   0x000000ee   Code   RO         8165    i.Pid_Run           resolve.o
    0x08008a3a   0x08008a3a   0x00000002   PAD
    0x08008a3c   0x08008a3c   0x00000164   Code   RO         1314    i.RCCEx_PLL2_Config  stm32h7xx_hal_rcc_ex.o
    0x08008ba0   0x08008ba0   0x00000164   Code   RO         1315    i.RCCEx_PLL3_Config  stm32h7xx_hal_rcc_ex.o
    0x08008d04   0x08008d04   0x000000b0   Code   RO         8649    i.RGB_Buffer_Input  rgb.o
    0x08008db4   0x08008db4   0x000002e8   Code   RO         8650    i.RGB_Change        rgb.o
    0x0800909c   0x0800909c   0x00000040   Code   RO         8651    i.RGB_Color         rgb.o
    0x080090dc   0x080090dc   0x0000002c   Code   RO         8652    i.RGB_Init          rgb.o
    0x08009108   0x08009108   0x0000000c   Code   RO         8109    i.Read_Button       my_robot.o
    0x08009114   0x08009114   0x00000014   Code   RO         8110    i.Read_Rocker       my_robot.o
    0x08009128   0x08009128   0x0000043a   Code   RO          487    i.RobotTask         freertos.o
    0x08009562   0x08009562   0x000000d6   Code   RO         4153    i.SPI_CloseTransfer  stm32h7xx_hal_spi.o
    0x08009638   0x08009638   0x0000001a   Code   RO         4164    i.SPI_GetPacketSize  stm32h7xx_hal_spi.o
    0x08009652   0x08009652   0x00000020   Code   RO         8378    i.SPI_ReadWriteByte  nrf.o
    0x08009672   0x08009672   0x00000032   Code   RO         8379    i.SPI_SetSpeed      nrf.o
    0x080096a4   0x080096a4   0x00000040   Code   RO         4171    i.SPI_WaitOnFlagUntilTimeout  stm32h7xx_hal_spi.o
    0x080096e4   0x080096e4   0x000000d8   Code   RO          488    i.StartDefaultTask  freertos.o
    0x080097bc   0x080097bc   0x00000016   Code   RO         7166    i.SysTick_Handler   cmsis_os2.o
    0x080097d2   0x080097d2   0x00000002   PAD
    0x080097d4   0x080097d4   0x000000e4   Code   RO          256    i.SystemClock_Config  main.o
    0x080098b8   0x080098b8   0x000000fc   Code   RO         1004    i.SystemInit        system_stm32h7xx.o
    0x080099b4   0x080099b4   0x00000010   Code   RO          821    i.TIM6_DAC_IRQHandler  stm32h7xx_it.o
    0x080099c4   0x080099c4   0x00000010   Code   RO          822    i.TIM7_IRQHandler   stm32h7xx_it.o
    0x080099d4   0x080099d4   0x00000010   Code   RO          823    i.TIM8_BRK_TIM12_IRQHandler  stm32h7xx_it.o
    0x080099e4   0x080099e4   0x00000018   Code   RO          824    i.TIM8_TRG_COM_TIM14_IRQHandler  stm32h7xx_it.o
    0x080099fc   0x080099fc   0x00000010   Code   RO          825    i.TIM8_UP_TIM13_IRQHandler  stm32h7xx_it.o
    0x08009a0c   0x08009a0c   0x000000cc   Code   RO         4546    i.TIM_Base_SetConfig  stm32h7xx_hal_tim.o
    0x08009ad8   0x08009ad8   0x00000022   Code   RO         4547    i.TIM_CCxChannelCmd  stm32h7xx_hal_tim.o
    0x08009afa   0x08009afa   0x00000068   Code   RO         4550    i.TIM_DMADelayPulseCplt  stm32h7xx_hal_tim.o
    0x08009b62   0x08009b62   0x00000040   Code   RO         4551    i.TIM_DMADelayPulseHalfCplt  stm32h7xx_hal_tim.o
    0x08009ba2   0x08009ba2   0x0000005e   Code   RO         4552    i.TIM_DMAError      stm32h7xx_hal_tim.o
    0x08009c00   0x08009c00   0x00000016   Code   RO         4557    i.TIM_ETR_SetConfig  stm32h7xx_hal_tim.o
    0x08009c16   0x08009c16   0x00000002   PAD
    0x08009c18   0x08009c18   0x00000018   Code   RO         4558    i.TIM_ITRx_SetConfig  stm32h7xx_hal_tim.o
    0x08009c30   0x08009c30   0x000000ac   Code   RO         4559    i.TIM_OC1_SetConfig  stm32h7xx_hal_tim.o
    0x08009cdc   0x08009cdc   0x000000b4   Code   RO         4560    i.TIM_OC2_SetConfig  stm32h7xx_hal_tim.o
    0x08009d90   0x08009d90   0x000000b4   Code   RO         4561    i.TIM_OC3_SetConfig  stm32h7xx_hal_tim.o
    0x08009e44   0x08009e44   0x00000074   Code   RO         4562    i.TIM_OC4_SetConfig  stm32h7xx_hal_tim.o
    0x08009eb8   0x08009eb8   0x00000070   Code   RO         4563    i.TIM_OC5_SetConfig  stm32h7xx_hal_tim.o
    0x08009f28   0x08009f28   0x00000070   Code   RO         4564    i.TIM_OC6_SetConfig  stm32h7xx_hal_tim.o
    0x08009f98   0x08009f98   0x00000026   Code   RO         4566    i.TIM_TI1_ConfigInputStage  stm32h7xx_hal_tim.o
    0x08009fbe   0x08009fbe   0x00000028   Code   RO         4568    i.TIM_TI2_ConfigInputStage  stm32h7xx_hal_tim.o
    0x08009fe6   0x08009fe6   0x00000002   PAD
    0x08009fe8   0x08009fe8   0x00000010   Code   RO          826    i.UART8_IRQHandler  stm32h7xx_it.o
    0x08009ff8   0x08009ff8   0x00000058   Code   RO         5907    i.UARTEx_SetNbDataToProcess  stm32h7xx_hal_uart_ex.o
    0x0800a050   0x0800a050   0x000000f8   Code   RO         5512    i.UART_AdvFeatureConfig  stm32h7xx_hal_uart.o
    0x0800a148   0x0800a148   0x00000076   Code   RO         5513    i.UART_CheckIdleState  stm32h7xx_hal_uart.o
    0x0800a1be   0x0800a1be   0x00000018   Code   RO         5514    i.UART_DMAAbortOnError  stm32h7xx_hal_uart.o
    0x0800a1d6   0x0800a1d6   0x0000005e   Code   RO         5515    i.UART_DMAError     stm32h7xx_hal_uart.o
    0x0800a234   0x0800a234   0x000000aa   Code   RO         5516    i.UART_DMAReceiveCplt  stm32h7xx_hal_uart.o
    0x0800a2de   0x0800a2de   0x00000022   Code   RO         5518    i.UART_DMARxHalfCplt  stm32h7xx_hal_uart.o
    0x0800a300   0x0800a300   0x0000006c   Code   RO         5524    i.UART_EndRxTransfer  stm32h7xx_hal_uart.o
    0x0800a36c   0x0800a36c   0x00000030   Code   RO         5525    i.UART_EndTransmit_IT  stm32h7xx_hal_uart.o
    0x0800a39c   0x0800a39c   0x00000040   Code   RO         5526    i.UART_EndTxTransfer  stm32h7xx_hal_uart.o
    0x0800a3dc   0x0800a3dc   0x000000d2   Code   RO         5527    i.UART_RxISR_16BIT  stm32h7xx_hal_uart.o
    0x0800a4ae   0x0800a4ae   0x00000002   PAD
    0x0800a4b0   0x0800a4b0   0x000001c8   Code   RO         5528    i.UART_RxISR_16BIT_FIFOEN  stm32h7xx_hal_uart.o
    0x0800a678   0x0800a678   0x000000ce   Code   RO         5529    i.UART_RxISR_8BIT   stm32h7xx_hal_uart.o
    0x0800a746   0x0800a746   0x00000002   PAD
    0x0800a748   0x0800a748   0x000001c8   Code   RO         5530    i.UART_RxISR_8BIT_FIFOEN  stm32h7xx_hal_uart.o
    0x0800a910   0x0800a910   0x0000058c   Code   RO         5531    i.UART_SetConfig    stm32h7xx_hal_uart.o
    0x0800ae9c   0x0800ae9c   0x000000d4   Code   RO         5532    i.UART_Start_Receive_DMA  stm32h7xx_hal_uart.o
    0x0800af70   0x0800af70   0x00000170   Code   RO         5533    i.UART_Start_Receive_IT  stm32h7xx_hal_uart.o
    0x0800b0e0   0x0800b0e0   0x000000fe   Code   RO         5538    i.UART_WaitOnFlagUntilTimeout  stm32h7xx_hal_uart.o
    0x0800b1de   0x0800b1de   0x00000002   PAD
    0x0800b1e0   0x0800b1e0   0x00000010   Code   RO          827    i.USART3_IRQHandler  stm32h7xx_it.o
    0x0800b1f0   0x0800b1f0   0x00000004   Code   RO          828    i.UsageFault_Handler  stm32h7xx_it.o
    0x0800b1f4   0x0800b1f4   0x00000050   Code   RO         8787    i.VESC_CAN_DECODE   vesc_can.o
    0x0800b244   0x0800b244   0x0000001c   Code   RO         8790    i.VESC_DECODE_CURRENT  vesc_can.o
    0x0800b260   0x0800b260   0x00000028   Code   RO         8791    i.VESC_DECODE_POS   vesc_can.o
    0x0800b288   0x0800b288   0x0000001c   Code   RO         8792    i.VESC_DECODE_RPM   vesc_can.o
    0x0800b2a4   0x0800b2a4   0x00000030   Code   RO         9275    i.__ARM_fpclassify  m_wv.l(fpclassify.o)
    0x0800b2d4   0x0800b2d4   0x00000026   Code   RO         9277    i.__ARM_fpclassifyf  m_wv.l(fpclassifyf.o)
    0x0800b2fa   0x0800b2fa   0x00000002   PAD
    0x0800b2fc   0x0800b2fc   0x00000010   Code   RO         1059    i.__NVIC_GetPriorityGrouping  stm32h7xx_hal_cortex.o
    0x0800b30c   0x0800b30c   0x00000028   Code   RO         1060    i.__NVIC_SetPriority  stm32h7xx_hal_cortex.o
    0x0800b334   0x0800b334   0x00000006   Code   RO         7168    i.__get_IPSR        cmsis_os2.o
    0x0800b33a   0x0800b33a   0x00000002   PAD
    0x0800b33c   0x0800b33c   0x000002b4   Code   RO         9079    i.__hardfp_atan2f   m_wv.l(atan2f.o)
    0x0800b5f0   0x0800b5f0   0x00000150   Code   RO         9091    i.__hardfp_cosf     m_wv.l(cosf.o)
    0x0800b740   0x0800b740   0x000008f8   Code   RO         9117    i.__hardfp_pow      m_wv.l(pow.o)
    0x0800c038   0x0800c038   0x00000194   Code   RO         9131    i.__hardfp_sinf     m_wv.l(sinf.o)
    0x0800c1cc   0x0800c1cc   0x00000066   Code   RO         9143    i.__hardfp_sqrt     m_wv.l(sqrt.o)
    0x0800c232   0x0800c232   0x0000003a   Code   RO         9155    i.__hardfp_sqrtf    m_wv.l(sqrtf.o)
    0x0800c26c   0x0800c26c   0x00000070   Code   RO         9293    i.__kernel_poly     m_wv.l(poly.o)
    0x0800c2dc   0x0800c2dc   0x00000004   PAD
    0x0800c2e0   0x0800c2e0   0x00000020   Code   RO         9255    i.__mathlib_dbl_divzero  m_wv.l(dunder.o)
    0x0800c300   0x0800c300   0x00000006   Code   RO         9257    i.__mathlib_dbl_infnan2  m_wv.l(dunder.o)
    0x0800c306   0x0800c306   0x00000002   PAD
    0x0800c308   0x0800c308   0x00000018   Code   RO         9258    i.__mathlib_dbl_invalid  m_wv.l(dunder.o)
    0x0800c320   0x0800c320   0x00000018   Code   RO         9259    i.__mathlib_dbl_overflow  m_wv.l(dunder.o)
    0x0800c338   0x0800c338   0x00000018   Code   RO         9261    i.__mathlib_dbl_underflow  m_wv.l(dunder.o)
    0x0800c350   0x0800c350   0x00000006   Code   RO         9280    i.__mathlib_flt_infnan  m_wv.l(funder.o)
    0x0800c356   0x0800c356   0x00000006   Code   RO         9281    i.__mathlib_flt_infnan2  m_wv.l(funder.o)
    0x0800c35c   0x0800c35c   0x00000010   Code   RO         9282    i.__mathlib_flt_invalid  m_wv.l(funder.o)
    0x0800c36c   0x0800c36c   0x00000010   Code   RO         9285    i.__mathlib_flt_underflow  m_wv.l(funder.o)
    0x0800c37c   0x0800c37c   0x00000154   Code   RO         9296    i.__mathlib_rredf2  m_wv.l(rredf.o)
    0x0800c4d0   0x0800c4d0   0x000000f8   Code   RO          257    i.acceration_limit  main.o
    0x0800c5c8   0x0800c5c8   0x00000080   Code   RO         8461    i.add_barrier       move.o
    0x0800c648   0x0800c648   0x00000108   Code   RO          489    i.add_mission       freertos.o
    0x0800c750   0x0800c750   0x00000610   Code   RO         8216    i.auto_drive_longdistance  user_task.o
    0x0800cd60   0x0800cd60   0x00000134   Code   RO         8217    i.auto_drive_shortdistance  user_task.o
    0x0800ce94   0x0800ce94   0x000002ac   Code   RO         8218    i.auto_pick_up      user_task.o
    0x0800d140   0x0800d140   0x0000027c   Code   RO         8219    i.auto_place        user_task.o
    0x0800d3bc   0x0800d3bc   0x00000018   Code   RO         8220    i.auto_turn         user_task.o
    0x0800d3d4   0x0800d3d4   0x00000006   Code   RO         8221    i.catapult_activate  user_task.o
    0x0800d3da   0x0800d3da   0x00000002   PAD
    0x0800d3dc   0x0800d3dc   0x0000007c   Code   RO         8466    i.check_dead_barrier  move.o
    0x0800d458   0x0800d458   0x00000100   Code   RO         8467    i.coordinate_transform  move.o
    0x0800d558   0x0800d558   0x00000188   Code   RO         8470    i.evaluate_place_pos  move.o
    0x0800d6e0   0x0800d6e0   0x00000154   Code   RO          258    i.executive_auto_move  main.o
    0x0800d834   0x0800d834   0x00000018   Code   RO         9271    i.fabs              m_wv.l(fabs.o)
    0x0800d84c   0x0800d84c   0x00000020   Code   RO         8471    i.find_barrier      move.o
    0x0800d86c   0x0800d86c   0x00000060   Code   RO         8222    i.grab_pos_set      user_task.o
    0x0800d8cc   0x0800d8cc   0x0000001c   Code   RO         8606    i.hmi_init          hmi.o
    0x0800d8e8   0x0800d8e8   0x00000050   Code   RO         8223    i.hook_grasp        user_task.o
    0x0800d938   0x0800d938   0x00000050   Code   RO         8224    i.hook_release      user_task.o
    0x0800d988   0x0800d988   0x00000068   Code   RO         8111    i.instruction_refresh  my_robot.o
    0x0800d9f0   0x0800d9f0   0x000000d0   Code   RO          490    i.load_status       freertos.o
    0x0800dac0   0x0800dac0   0x00000168   Code   RO          259    i.main              main.o
    0x0800dc28   0x0800dc28   0x000002a8   Code   RO          491    i.manual_move       freertos.o
    0x0800ded0   0x0800ded0   0x0000001e   Code   RO         7169    i.osDelay           cmsis_os2.o
    0x0800deee   0x0800deee   0x00000002   PAD
    0x0800def0   0x0800def0   0x0000002c   Code   RO         7183    i.osKernelInitialize  cmsis_os2.o
    0x0800df1c   0x0800df1c   0x00000060   Code   RO         7186    i.osKernelStart     cmsis_os2.o
    0x0800df7c   0x0800df7c   0x000000b8   Code   RO         7228    i.osThreadNew       cmsis_os2.o
    0x0800e034   0x0800e034   0x0000020c   Code   RO         8225    i.pick_up           user_task.o
    0x0800e240   0x0800e240   0x00000078   Code   RO         8226    i.pick_up_activator_pos_set  user_task.o
    0x0800e2b8   0x0800e2b8   0x00000080   Code   RO         8227    i.place_block       user_task.o
    0x0800e338   0x0800e338   0x00000150   Code   RO         8228    i.pos_regulator_pos_set  user_task.o
    0x0800e488   0x0800e488   0x00000dbc   Code   RO         8474    i.pre_plan          move.o
    0x0800f244   0x0800f244   0x0000007c   Code   RO         6592    i.prvAddCurrentTaskToDelayedList  tasks.o
    0x0800f2c0   0x0800f2c0   0x000000b8   Code   RO         6593    i.prvAddNewTaskToReadyList  tasks.o
    0x0800f378   0x0800f378   0x00000074   Code   RO         6979    i.prvCheckForValidListAndQueue  timers.o
    0x0800f3ec   0x0800f3ec   0x00000048   Code   RO         6594    i.prvCheckTasksWaitingTermination  tasks.o
    0x0800f434   0x0800f434   0x0000002a   Code   RO         6179    i.prvCopyDataFromQueue  queue.o
    0x0800f45e   0x0800f45e   0x0000007e   Code   RO         6180    i.prvCopyDataToQueue  queue.o
    0x0800f4dc   0x0800f4dc   0x00000050   Code   RO         6595    i.prvDeleteTCB      tasks.o
    0x0800f52c   0x0800f52c   0x00000028   Code   RO         6980    i.prvGetNextExpireTime  timers.o
    0x0800f554   0x0800f554   0x0000007c   Code   RO         7696    i.prvHeapInit       heap_4_1.o
    0x0800f5d0   0x0800f5d0   0x00000028   Code   RO         6596    i.prvIdleTask       tasks.o
    0x0800f5f8   0x0800f5f8   0x0000002a   Code   RO         6183    i.prvInitialiseNewQueue  queue.o
    0x0800f622   0x0800f622   0x000000be   Code   RO         6597    i.prvInitialiseNewTask  tasks.o
    0x0800f6e0   0x0800f6e0   0x00000068   Code   RO         6598    i.prvInitialiseTaskLists  tasks.o
    0x0800f748   0x0800f748   0x00000068   Code   RO         7697    i.prvInsertBlockIntoFreeList  heap_4_1.o
    0x0800f7b0   0x0800f7b0   0x00000058   Code   RO         6982    i.prvInsertTimerInActiveList  timers.o
    0x0800f808   0x0800f808   0x0000001a   Code   RO         6184    i.prvIsQueueEmpty   queue.o
    0x0800f822   0x0800f822   0x0000001e   Code   RO         6185    i.prvIsQueueFull    queue.o
    0x0800f840   0x0800f840   0x00000074   Code   RO         6983    i.prvProcessExpiredTimer  timers.o
    0x0800f8b4   0x0800f8b4   0x00000164   Code   RO         6984    i.prvProcessReceivedCommands  timers.o
    0x0800fa18   0x0800fa18   0x00000074   Code   RO         6985    i.prvProcessTimerOrBlockTask  timers.o
    0x0800fa8c   0x0800fa8c   0x00000034   Code   RO         6600    i.prvResetNextTaskUnblockTime  tasks.o
    0x0800fac0   0x0800fac0   0x0000002c   Code   RO         6986    i.prvSampleTimeNow  timers.o
    0x0800faec   0x0800faec   0x000000b0   Code   RO         6601    i.prvSearchForNameWithinSingleList  tasks.o
    0x0800fb9c   0x0800fb9c   0x000000a4   Code   RO         6987    i.prvSwitchTimerLists  timers.o
    0x0800fc40   0x0800fc40   0x00000040   Code   RO         7752    i.prvTaskExitError  port.o
    0x0800fc80   0x0800fc80   0x00000058   Code   RO         6603    i.prvTaskIsTaskSuspended  tasks.o
    0x0800fcd8   0x0800fcd8   0x0000001a   Code   RO         6988    i.prvTimerTask      timers.o
    0x0800fcf2   0x0800fcf2   0x0000007e   Code   RO         6186    i.prvUnlockQueue    queue.o
    0x0800fd70   0x0800fd70   0x0000014c   Code   RO         7698    i.pvPortMalloc      heap_4_1.o
    0x0800febc   0x0800febc   0x0000002c   Code   RO         7753    i.pxPortInitialiseStack  port.o
    0x0800fee8   0x0800fee8   0x00000110   Code   RO         8113    i.read_keys         my_robot.o
    0x0800fff8   0x0800fff8   0x0000004c   Code   RO         8475    i.remove_barrier    move.o
    0x08010044   0x08010044   0x00000028   Code   RO          260    i.send_init_msg     main.o
    0x0801006c   0x0801006c   0x0000003e   Code   RO          261    i.send_log          main.o
    0x080100aa   0x080100aa   0x00000002   PAD
    0x080100ac   0x080100ac   0x00000090   Code   RO          262    i.send_msg          main.o
    0x0801013c   0x0801013c   0x00000048   Code   RO          493    i.send_msg_synchronal  freertos.o
    0x08010184   0x08010184   0x000001a0   Code   RO          263    i.speed_cal         main.o
    0x08010324   0x08010324   0x0000006a   Code   RO         9145    i.sqrt              m_wv.l(sqrt.o)
    0x0801038e   0x0801038e   0x00000002   PAD
    0x08010390   0x08010390   0x00000070   Code   RO         8229    i.switcher_direction_set  user_task.o
    0x08010400   0x08010400   0x00000058   Code   RO          494    i.task_handler      freertos.o
    0x08010458   0x08010458   0x0000006c   Code   RO         8478    i.update_barrier    move.o
    0x080104c4   0x080104c4   0x00000020   Code   RO         8479    i.update_check_point  move.o
    0x080104e4   0x080104e4   0x00000490   Code   RO          264    i.update_target_info  main.o
    0x08010974   0x08010974   0x00000028   Code   RO         6139    i.uxListRemove      list.o
    0x0801099c   0x0801099c   0x00000018   Code   RO         7240    i.vApplicationGetIdleTaskMemory  cmsis_os2.o
    0x080109b4   0x080109b4   0x00000018   Code   RO         7241    i.vApplicationGetTimerTaskMemory  cmsis_os2.o
    0x080109cc   0x080109cc   0x0000001a   Code   RO         6140    i.vListInitialise   list.o
    0x080109e6   0x080109e6   0x00000006   Code   RO         6141    i.vListInitialiseItem  list.o
    0x080109ec   0x080109ec   0x00000034   Code   RO         6142    i.vListInsert       list.o
    0x08010a20   0x08010a20   0x00000018   Code   RO         6143    i.vListInsertEnd    list.o
    0x08010a38   0x08010a38   0x00000054   Code   RO         7755    i.vPortEnterCritical  port.o
    0x08010a8c   0x08010a8c   0x0000003c   Code   RO         7756    i.vPortExitCritical  port.o
    0x08010ac8   0x08010ac8   0x000000a4   Code   RO         7699    i.vPortFree         heap_4_1.o
    0x08010b6c   0x08010b6c   0x00000028   Code   RO         7757    i.vPortSetupTimerInterrupt  port.o
    0x08010b94   0x08010b94   0x00000078   Code   RO         7758    i.vPortValidateInterruptPriority  port.o
    0x08010c0c   0x08010c0c   0x0000002c   Code   RO         6192    i.vQueueAddToRegistry  queue.o
    0x08010c38   0x08010c38   0x0000004a   Code   RO         6196    i.vQueueWaitForMessageRestricted  queue.o
    0x08010c82   0x08010c82   0x00000002   PAD
    0x08010c84   0x08010c84   0x0000005c   Code   RO         6614    i.vTaskDelay        tasks.o
    0x08010ce0   0x08010ce0   0x000000c8   Code   RO         6616    i.vTaskDelete       tasks.o
    0x08010da8   0x08010da8   0x00000018   Code   RO         6619    i.vTaskInternalSetTimeOutState  tasks.o
    0x08010dc0   0x08010dc0   0x0000000c   Code   RO         6620    i.vTaskMissedYield  tasks.o
    0x08010dcc   0x08010dcc   0x00000038   Code   RO         6622    i.vTaskPlaceOnEventList  tasks.o
    0x08010e04   0x08010e04   0x00000040   Code   RO         6623    i.vTaskPlaceOnEventListRestricted  tasks.o
    0x08010e44   0x08010e44   0x00000090   Code   RO         6628    i.vTaskResume       tasks.o
    0x08010ed4   0x08010ed4   0x000000b8   Code   RO         6631    i.vTaskStartScheduler  tasks.o
    0x08010f8c   0x08010f8c   0x000000c8   Code   RO         6632    i.vTaskSuspend      tasks.o
    0x08011054   0x08011054   0x00000010   Code   RO         6633    i.vTaskSuspendAll   tasks.o
    0x08011064   0x08011064   0x00000090   Code   RO         6634    i.vTaskSwitchContext  tasks.o
    0x080110f4   0x080110f4   0x00000168   Code   RO         7759    i.xPortStartScheduler  port.o
    0x0801125c   0x0801125c   0x00000034   Code   RO         7760    i.xPortSysTickHandler  port.o
    0x08011290   0x08011290   0x000000e0   Code   RO         6202    i.xQueueGenericCreateStatic  queue.o
    0x08011370   0x08011370   0x00000098   Code   RO         6203    i.xQueueGenericReset  queue.o
    0x08011408   0x08011408   0x000001a8   Code   RO         6204    i.xQueueGenericSend  queue.o
    0x080115b0   0x080115b0   0x000000fc   Code   RO         6205    i.xQueueGenericSendFromISR  queue.o
    0x080116ac   0x080116ac   0x00000168   Code   RO         6214    i.xQueueReceive     queue.o
    0x08011814   0x08011814   0x0000008c   Code   RO         6636    i.xTaskCheckForTimeOut  tasks.o
    0x080118a0   0x080118a0   0x00000064   Code   RO         6637    i.xTaskCreate       tasks.o
    0x08011904   0x08011904   0x000000ba   Code   RO         6638    i.xTaskCreateStatic  tasks.o
    0x080119be   0x080119be   0x00000002   PAD
    0x080119c0   0x080119c0   0x0000000c   Code   RO         6641    i.xTaskGetCurrentTaskHandle  tasks.o
    0x080119cc   0x080119cc   0x000000a4   Code   RO         6642    i.xTaskGetHandle    tasks.o
    0x08011a70   0x08011a70   0x00000020   Code   RO         6643    i.xTaskGetSchedulerState  tasks.o
    0x08011a90   0x08011a90   0x0000000c   Code   RO         6644    i.xTaskGetTickCount  tasks.o
    0x08011a9c   0x08011a9c   0x00000144   Code   RO         6646    i.xTaskIncrementTick  tasks.o
    0x08011be0   0x08011be0   0x000000a4   Code   RO         6649    i.xTaskPriorityDisinherit  tasks.o
    0x08011c84   0x08011c84   0x00000098   Code   RO         6651    i.xTaskRemoveFromEventList  tasks.o
    0x08011d1c   0x08011d1c   0x00000104   Code   RO         6652    i.xTaskResumeAll    tasks.o
    0x08011e20   0x08011e20   0x00000078   Code   RO         6997    i.xTimerCreateTimerTask  timers.o
    0x08011e98   0x08011e98   0x00000084   Code   RO         6998    i.xTimerGenericCommand  timers.o
    0x08011f1c   0x08011f1c   0x000000b6   Code   RO           26    i.xtsave            tinn.o
    0x08011fd2   0x08011fd2   0x00000002   PAD
    0x08011fd4   0x08011fd4   0x00000010   Code   RO         9343    x$fpl$dcheck1       fz_wv.l(dcheck1.o)
    0x08011fe4   0x08011fe4   0x0000000a   Code   RO         9345    x$fpl$fpinit        fz_wv.l(fpinit.o)
    0x08011fee   0x08011fee   0x00000064   Code   RO         9376    x$fpl$retnan        fz_wv.l(retnan.o)
    0x08012052   0x08012052   0x0000005c   Code   RO         9252    x$fpl$scalbn        fz_wv.l(scalbn.o)
    0x080120ae   0x080120ae   0x00000030   Code   RO         9410    x$fpl$trapveneer    fz_wv.l(trapv.o)
    0x080120de   0x080120de   0x00000000   Code   RO         9254    x$fpl$usenofp       fz_wv.l(usenofp.o)
    0x080120de   0x080120de   0x00000002   PAD
    0x080120e0   0x080120e0   0x0000000c   Data   RO          266    .constdata          main.o
    0x080120ec   0x080120ec   0x00000070   Data   RO          496    .constdata          freertos.o
    0x0801215c   0x0801215c   0x00000010   Data   RO         1005    .constdata          system_stm32h7xx.o
    0x0801216c   0x0801216c   0x00000008   Data   RO         1915    .constdata          stm32h7xx_hal_dma.o
    0x08012174   0x08012174   0x0000005c   Data   RO         3605    .constdata          stm32h7xx_hal_fdcan.o
    0x080121d0   0x080121d0   0x00000018   Data   RO         5539    .constdata          stm32h7xx_hal_uart.o
    0x080121e8   0x080121e8   0x00000010   Data   RO         5909    .constdata          stm32h7xx_hal_uart_ex.o
    0x080121f8   0x080121f8   0x00000008   Data   RO         8231    .constdata          user_task.o
    0x08012200   0x08012200   0x0000000a   Data   RO         8380    .constdata          nrf.o
    0x0801220a   0x0801220a   0x00000006   PAD
    0x08012210   0x08012210   0x00000088   Data   RO         9120    .constdata          m_wv.l(pow.o)
    0x08012298   0x08012298   0x00000008   Data   RO         9295    .constdata          m_wv.l(qnan.o)
    0x080122a0   0x080122a0   0x00000020   Data   RO         9297    .constdata          m_wv.l(rredf.o)
    0x080122c0   0x080122c0   0x0000001e   Data   RO          497    .conststring        freertos.o
    0x080122de   0x080122de   0x00000002   PAD
    0x080122e0   0x080122e0   0x00000020   Data   RO         9440    Region$$Table       anon$$obj.o


    Execution Region RW_IRAM2 (Exec base: 0x24000000, Load base: 0x08012300, Size: 0x0007c208, Max: 0x00080000, ABSOLUTE, COMPRESSED[0x000000bc])

    Exec Addr    Load Addr    Size         Type   Attr      Idx    E Section Name        Object

    0x24000000   COMPRESSED   0x0000004e   Data   RW          267    .data               main.o
    0x2400004e   COMPRESSED   0x00000002   PAD
    0x24000050   COMPRESSED   0x00000020   Data   RW          498    .data               freertos.o
    0x24000070   COMPRESSED   0x00000004   Data   RW          618    .data               fdcan.o
    0x24000074   COMPRESSED   0x00000008   Data   RW         1006    .data               system_stm32h7xx.o
    0x2400007c   COMPRESSED   0x00000009   Data   RW         2653    .data               stm32h7xx_hal.o
    0x24000085   COMPRESSED   0x00000003   PAD
    0x24000088   COMPRESSED   0x0000003c   Data   RW         6655    .data               tasks.o
    0x240000c4   COMPRESSED   0x00000014   Data   RW         7006    .data               timers.o
    0x240000d8   COMPRESSED   0x00000004   Data   RW         7243    .data               cmsis_os2.o
    0x240000dc   COMPRESSED   0x00000020   Data   RW         7705    .data               heap_4_1.o
    0x240000fc   COMPRESSED   0x0000000c   Data   RW         7761    .data               port.o
    0x24000108   COMPRESSED   0x00000008   Data   RW         8115    .data               my_robot.o
    0x24000110   COMPRESSED   0x000000fc   Data   RW         8168    .data               resolve.o
    0x2400020c   COMPRESSED   0x00000054   Data   RW         8232    .data               user_task.o
    0x24000260   COMPRESSED   0x0000000d   Data   RW         8338    .data               remote_control.o
    0x2400026d   COMPRESSED   0x00000003   PAD
    0x24000270   COMPRESSED   0x00000028   Data   RW         8481    .data               move.o
    0x24000298   COMPRESSED   0x00000008   Data   RW         8610    .data               hmi.o
    0x240002a0   COMPRESSED   0x00000004   Data   RW         8654    .data               rgb.o
    0x240002a4   COMPRESSED   0x00000308   Data   RW         8708    .data               gm6020.o
    0x240005ac        -       0x000002ec   Zero   RW          265    .bss                main.o
    0x24000898        -       0x00000038   Zero   RW          495    .bss                freertos.o
    0x240008d0        -       0x00000140   Zero   RW          617    .bss                fdcan.o
    0x24000a10        -       0x00000088   Zero   RW          665    .bss                spi.o
    0x24000a98        -       0x0000015c   Zero   RW          710    .bss                tim.o
    0x24000bf4        -       0x00000198   Zero   RW          768    .bss                usart.o
    0x24000d8c        -       0x0000004c   Zero   RW          967    .bss                stm32h7xx_hal_timebase_tim.o
    0x24000dd8        -       0x00000040   Zero   RW         6218    .bss                queue.o
    0x24000e18        -       0x000004c4   Zero   RW         6654    .bss                tasks.o
    0x240012dc        -       0x00000118   Zero   RW         7005    .bss                timers.o
    0x240013f4        -       0x000006b8   Zero   RW         7242    .bss                cmsis_os2.o
    0x24001aac        -       0x0002c000   Zero   RW         7704    .bss                heap_4_1.o
    0x2402daac        -       0x00000048   Zero   RW         8114    .bss                my_robot.o
    0x2402daf4        -       0x00000018   Zero   RW         8230    .bss                user_task.o
    0x2402db0c        -       0x00000024   Zero   RW         8337    .bss                remote_control.o
    0x2402db30        -       0x0000d350   Zero   RW         8480    .bss                move.o
    0x2403ae80        -       0x0000001c   Zero   RW         8608    .bss                hmi.o
    0x2403ae9c        -       0x0000023a   Zero   RW         8653    .bss                rgb.o
    0x2403b0d6   COMPRESSED   0x00000002   PAD
    0x2403b0d8        -       0x00000090   Zero   RW         8706    .bss                gm6020.o
    0x2403b168        -       0x0000003c   Zero   RW         8798    .bss                vesc_can.o
    0x2403b1a4        -       0x00000060   Zero   RW         9302    .bss                c_w.l(libspace.o)
    0x2403b204   COMPRESSED   0x00000004   PAD
    0x2403b208        -       0x00002000   Zero   RW            2    HEAP                startup_stm32h743xx.o
    0x2403d208        -       0x0003f000   Zero   RW            1    STACK               startup_stm32h743xx.o


==============================================================================

Image component sizes


      Code (inc. data)   RO Data    RW Data    ZI Data      Debug   Object Name

       430         38          0          4       1720      70815   cmsis_os2.o
        68          4          0          0          0        882   dma.o
         0          0          0          0          0      19356   event_groups.o
       616         44          0          4        320       2728   fdcan.o
       412         12          0          0          0       4732   fdcan_bsp.o
      2694        278        142         32         56      47104   freertos.o
       358         34          0        776        144       4517   gm6020.o
       332         22          0          0          0       1195   gpio.o
       724         74          0         32     180224       4955   heap_4_1.o
        28          8          0          8         28       1296   hmi.o
       148          0          0          0          0       3662   list.o
      3540        350         12         78        748      28050   main.o
      4664        232          0         40      54096      13187   move.o
       408         40          0          8         72       3191   my_robot.o
       686         48         10          0          0       7079   nrf.o
      1014         92          0         12          0      11753   port.o
      1922         20          0          0         64      17440   queue.o
       268         34          0         13         36       1961   remote_control.o
       238          0          0        252          0       5596   resolve.o
      1028         46          0          4        570       3701   rgb.o
       280         20          0          0        136       1877   spi.o
        64         26        664          0     266240        840   startup_stm32h743xx.o
       184         38          0          9          0      22693   stm32h7xx_hal.o
       258         22          0          0          0      39242   stm32h7xx_hal_cortex.o
      8662        168          8          0          0      13282   stm32h7xx_hal_dma.o
      3610         52         92          0          0      22348   stm32h7xx_hal_fdcan.o
       536         52          0          0          0       2887   stm32h7xx_hal_gpio.o
        48          6          0          0          0        930   stm32h7xx_hal_msp.o
        96          6          0          0          0        769   stm32h7xx_hal_pwr_ex.o
      3660        118          0          0          0       7621   stm32h7xx_hal_rcc.o
      4784        110          0          0          0       7241   stm32h7xx_hal_rcc_ex.o
      1718         12          0          0          0       5573   stm32h7xx_hal_spi.o
      4058        310          0          0          0      22482   stm32h7xx_hal_tim.o
       390         38          0          0          0       4060   stm32h7xx_hal_tim_ex.o
       160         20          0          0         76       1644   stm32h7xx_hal_timebase_tim.o
      6178        204         24          0          0      43698   stm32h7xx_hal_uart.o
       360         10         16          0          0       5518   stm32h7xx_hal_uart_ex.o
       206         68          0          0          0       8287   stm32h7xx_it.o
         0          0          0          0          0        392   stream_buffer.o
       252         40         16          8          0       1398   system_stm32h7xx.o
      3792        456          0         60       1220      33406   tasks.o
       776         68          0          0        348       3964   tim.o
      1318        124          0         20        280      32847   timers.o
       182          0          0          0          0    1328933   tinn.o
       596         48          0          0        408       2699   usart.o
      4686        408          8         84         24      15532   user_task.o
       176          8          0          0         60       3875   vesc_can.o

    ----------------------------------------------------------------------
     66656       3808       1032       1452     506872    1887238   Object Totals
         0          0         32          0          0          0   (incl. Generated)
        48          0          8          8          2          0   (incl. Padding)

    ----------------------------------------------------------------------

      Code (inc. data)   RO Data    RW Data    ZI Data      Debug   Library Member Name

        90          0          0          0          0          0   __dczerorl2.o
         8          0          0          0          0         68   __main.o
         0          0          0          0          0          0   __rtentry.o
        12          0          0          0          0          0   __rtentry2.o
         6          0          0          0          0          0   __rtentry4.o
        52          8          0          0          0          0   __scatter.o
        28          0          0          0          0          0   __scatter_zi.o
        22          0          0          0          0        100   _rserrno.o
        16          0          0          0          0         68   aeabi_memset.o
        10          0          0          0          0         68   defsig_exit.o
        50          0          0          0          0         88   defsig_general.o
        80         58          0          0          0         76   defsig_rtmem_inner.o
        14          0          0          0          0         80   defsig_rtmem_outer.o
        18          0          0          0          0         80   exit.o
        94          0          0          0          0         80   h1_alloc.o
        52          0          0          0          0         68   h1_extend.o
        78          0          0          0          0         80   h1_free.o
        14          0          0          0          0         84   h1_init.o
         6          0          0          0          0        152   heapauxi.o
         4          0          0          0          0        136   hguard.o
         0          0          0          0          0          0   indicate_semi.o
       138          0          0          0          0        168   init_alloc.o
         2          0          0          0          0          0   libinit.o
        14          0          0          0          0          0   libinit2.o
         2          0          0          0          0          0   libshutdown.o
         2          0          0          0          0          0   libshutdown2.o
         8          4          0          0         96         68   libspace.o
       238          0          0          0          0        100   lludivv7m.o
         0          0          0          0          0          0   maybetermalloc1.o
         8          4          0          0          0         68   rt_errno_addr_intlibspace.o
         8          4          0          0          0         68   rt_heap_descriptor_intlibspace.o
        68          0          0          0          0         68   rt_memclr.o
        78          0          0          0          0         80   rt_memclr_w.o
       138          0          0          0          0         68   rt_memcpy_v6.o
       100          0          0          0          0         80   rt_memcpy_w.o
         2          0          0          0          0          0   rtexit.o
        10          0          0          0          0          0   rtexit2.o
        62          0          0          0          0         76   strlen.o
        12          4          0          0          0         68   sys_exit.o
        74          0          0          0          0         80   sys_stackheap_outer.o
        14          0          0          0          0         76   sys_wrch.o
         2          0          0          0          0         68   use_no_semi.o
        16          4          0          0          0        116   dcheck1.o
        10          0          0          0          0        116   fpinit.o
       100          0          0          0          0        116   retnan.o
        92          0          0          0          0        116   scalbn.o
        48          0          0          0          0        116   trapv.o
         0          0          0          0          0          0   usenofp.o
       692         98          0          0          0        208   atan2f.o
       336         60          0          0          0        136   cosf.o
       110         60          0          0          0        580   dunder.o
        24          0          0          0          0        124   fabs.o
        48          0          0          0          0        124   fpclassify.o
        38          0          0          0          0        116   fpclassifyf.o
        44         12          0          0          0        464   funder.o
       112          0          0          0          0        116   poly.o
      2296        304        136          0          0        320   pow.o
         0          0          8          0          0          0   qnan.o
       340         24         32          0          0        160   rredf.o
       404         60          0          0          0        212   sinf.o
       208          0          0          0          0        280   sqrt.o
        58          0          0          0          0        136   sqrtf.o

    ----------------------------------------------------------------------
      6632        704        176          0        100       5920   Library Totals
        22          0          0          0          4          0   (incl. Padding)

    ----------------------------------------------------------------------

      Code (inc. data)   RO Data    RW Data    ZI Data      Debug   Library Name

      1634         82          0          0         96       2364   c_w.l
       266          4          0          0          0        580   fz_wv.l
      4710        618        176          0          0       2976   m_wv.l

    ----------------------------------------------------------------------
      6632        704        176          0        100       5920   Library Totals

    ----------------------------------------------------------------------

==============================================================================


      Code (inc. data)   RO Data    RW Data    ZI Data      Debug   

     73288       4512       1208       1452     506972    1857258   Grand Totals
     73288       4512       1208        188     506972    1857258   ELF Image Totals (compressed)
     73288       4512       1208        188          0          0   ROM Totals

==============================================================================

    Total RO  Size (Code + RO Data)                74496 (  72.75kB)
    Total RW  Size (RW Data + ZI Data)            508424 ( 496.51kB)
    Total ROM Size (Code + RO Data + RW Data)      74684 (  72.93kB)

==============================================================================

