Component: ARM Compiler 5.06 update 7 (build 960) Tool: armlink [4d3601]

==============================================================================

Section Cross References

    startup_stm32h743xx.o(STACK) refers (Special) to heapauxi.o(.text) for __use_two_region_memory
    startup_stm32h743xx.o(HEAP) refers (Special) to heapauxi.o(.text) for __use_two_region_memory
    startup_stm32h743xx.o(RESET) refers (Special) to heapauxi.o(.text) for __use_two_region_memory
    startup_stm32h743xx.o(RESET) refers to startup_stm32h743xx.o(STACK) for __initial_sp
    startup_stm32h743xx.o(RESET) refers to startup_stm32h743xx.o(.text) for Reset_Handler
    startup_stm32h743xx.o(RESET) refers to stm32h7xx_it.o(i.NMI_Handler) for NMI_Handler
    startup_stm32h743xx.o(RESET) refers to stm32h7xx_it.o(i.HardFault_Handler) for HardFault_Handler
    startup_stm32h743xx.o(RESET) refers to stm32h7xx_it.o(i.MemManage_Handler) for MemManage_Handler
    startup_stm32h743xx.o(RESET) refers to stm32h7xx_it.o(i.BusFault_Handler) for BusFault_Handler
    startup_stm32h743xx.o(RESET) refers to stm32h7xx_it.o(i.UsageFault_Handler) for UsageFault_Handler
    startup_stm32h743xx.o(RESET) refers to port.o(.emb_text) for SVC_Handler
    startup_stm32h743xx.o(RESET) refers to stm32h7xx_it.o(i.DebugMon_Handler) for DebugMon_Handler
    startup_stm32h743xx.o(RESET) refers to cmsis_os2.o(i.SysTick_Handler) for SysTick_Handler
    startup_stm32h743xx.o(RESET) refers to stm32h7xx_it.o(i.DMA1_Stream0_IRQHandler) for DMA1_Stream0_IRQHandler
    startup_stm32h743xx.o(RESET) refers to stm32h7xx_it.o(i.DMA1_Stream1_IRQHandler) for DMA1_Stream1_IRQHandler
    startup_stm32h743xx.o(RESET) refers to stm32h7xx_it.o(i.FDCAN1_IT0_IRQHandler) for FDCAN1_IT0_IRQHandler
    startup_stm32h743xx.o(RESET) refers to stm32h7xx_it.o(i.FDCAN2_IT0_IRQHandler) for FDCAN2_IT0_IRQHandler
    startup_stm32h743xx.o(RESET) refers to stm32h7xx_it.o(i.USART3_IRQHandler) for USART3_IRQHandler
    startup_stm32h743xx.o(RESET) refers to stm32h7xx_it.o(i.TIM8_BRK_TIM12_IRQHandler) for TIM8_BRK_TIM12_IRQHandler
    startup_stm32h743xx.o(RESET) refers to stm32h7xx_it.o(i.TIM8_UP_TIM13_IRQHandler) for TIM8_UP_TIM13_IRQHandler
    startup_stm32h743xx.o(RESET) refers to stm32h7xx_it.o(i.TIM8_TRG_COM_TIM14_IRQHandler) for TIM8_TRG_COM_TIM14_IRQHandler
    startup_stm32h743xx.o(RESET) refers to stm32h7xx_it.o(i.TIM6_DAC_IRQHandler) for TIM6_DAC_IRQHandler
    startup_stm32h743xx.o(RESET) refers to stm32h7xx_it.o(i.TIM7_IRQHandler) for TIM7_IRQHandler
    startup_stm32h743xx.o(RESET) refers to stm32h7xx_it.o(i.UART8_IRQHandler) for UART8_IRQHandler
    startup_stm32h743xx.o(.text) refers (Special) to heapauxi.o(.text) for __use_two_region_memory
    startup_stm32h743xx.o(.text) refers to system_stm32h7xx.o(i.SystemInit) for SystemInit
    startup_stm32h743xx.o(.text) refers to __main.o(!!!main) for __main
    startup_stm32h743xx.o(.text) refers to startup_stm32h743xx.o(HEAP) for Heap_Mem
    startup_stm32h743xx.o(.text) refers to startup_stm32h743xx.o(STACK) for Stack_Mem
    main.o(i.DMA_recieve) refers to main.o(i.update_target_info) for update_target_info
    main.o(i.DMA_recieve) refers to main.o(.bss) for pos_log
    main.o(i.DMA_recieve) refers to main.o(.data) for current_pos
    main.o(i.Fifo_update) refers to main.o(.bss) for buffer
    main.o(i.HAL_TIM_PeriodElapsedCallback) refers to stm32h7xx_hal.o(i.HAL_IncTick) for HAL_IncTick
    main.o(i.HAL_TIM_PeriodElapsedCallback) refers to main.o(i.acceration_limit) for acceration_limit
    main.o(i.HAL_TIM_PeriodElapsedCallback) refers to move.o(i.check_dead_barrier) for check_dead_barrier
    main.o(i.HAL_TIM_PeriodElapsedCallback) refers to main.o(i.executive_auto_move) for executive_auto_move
    main.o(i.HAL_TIM_PeriodElapsedCallback) refers to resolve.o(i.Set_Pos) for Set_Pos
    main.o(i.HAL_TIM_PeriodElapsedCallback) refers to resolve.o(i.Elmo_Run) for Elmo_Run
    main.o(i.HAL_TIM_PeriodElapsedCallback) refers to main.o(i.send_msg) for send_msg
    main.o(i.HAL_TIM_PeriodElapsedCallback) refers to elmo_fdcan.o(i.Elmo_SendCmd) for Elmo_SendCmd
    main.o(i.HAL_TIM_PeriodElapsedCallback) refers to main.o(i.DMA_recieve) for DMA_recieve
    main.o(i.HAL_TIM_PeriodElapsedCallback) refers to main.o(i.speed_cal) for speed_cal
    main.o(i.HAL_TIM_PeriodElapsedCallback) refers to freertos.o(.bss) for flags
    main.o(i.HAL_TIM_PeriodElapsedCallback) refers to main.o(.data) for global_clock
    main.o(i.HAL_TIM_PeriodElapsedCallback) refers to user_task.o(.data) for thread_lock
    main.o(i.HAL_TIM_PeriodElapsedCallback) refers to resolve.o(.data) for dX
    main.o(i.HAL_TIM_PeriodElapsedCallback) refers to fdcan.o(.bss) for hfdcan2
    main.o(i.SystemClock_Config) refers to rt_memclr_w.o(.text) for __aeabi_memclr4
    main.o(i.SystemClock_Config) refers to stm32h7xx_hal_pwr_ex.o(i.HAL_PWREx_ConfigSupply) for HAL_PWREx_ConfigSupply
[...]
    Read_Rocker                              0x080093f5   Thumb Code    16  my_robot.o(i.Read_Rocker)
    RobotTask                                0x08009409   Thumb Code  1082  freertos.o(i.RobotTask)
    SPI_ReadWriteByte                        0x08009933   Thumb Code    32  nrf.o(i.SPI_ReadWriteByte)
    SPI_SetSpeed                             0x08009953   Thumb Code    50  nrf.o(i.SPI_SetSpeed)
    Set_Pos                                  0x08009a0d   Thumb Code  1252  resolve.o(i.Set_Pos)
    StartDefaultTask                         0x08009f09   Thumb Code   190  freertos.o(i.StartDefaultTask)
    SysTick_Handler                          0x08009fe1   Thumb Code    22  cmsis_os2.o(i.SysTick_Handler)
    SystemClock_Config                       0x08009ff9   Thumb Code   216  main.o(i.SystemClock_Config)
    SystemInit                               0x0800a0dd   Thumb Code   212  system_stm32h7xx.o(i.SystemInit)
    TIM6_DAC_IRQHandler                      0x0800a1d9   Thumb Code    10  stm32h7xx_it.o(i.TIM6_DAC_IRQHandler)
    TIM7_IRQHandler                          0x0800a1e9   Thumb Code    10  stm32h7xx_it.o(i.TIM7_IRQHandler)
    TIM8_BRK_TIM12_IRQHandler                0x0800a1f9   Thumb Code    10  stm32h7xx_it.o(i.TIM8_BRK_TIM12_IRQHandler)
    TIM8_TRG_COM_TIM14_IRQHandler            0x0800a209   Thumb Code    16  stm32h7xx_it.o(i.TIM8_TRG_COM_TIM14_IRQHandler)
    TIM8_UP_TIM13_IRQHandler                 0x0800a221   Thumb Code    10  stm32h7xx_it.o(i.TIM8_UP_TIM13_IRQHandler)
    TIM_Base_SetConfig                       0x0800a231   Thumb Code   170  stm32h7xx_hal_tim.o(i.TIM_Base_SetConfig)
    TIM_ETR_SetConfig                        0x0800a2fd   Thumb Code    22  stm32h7xx_hal_tim.o(i.TIM_ETR_SetConfig)
    TIM_OC2_SetConfig                        0x0800a3d9   Thumb Code   156  stm32h7xx_hal_tim.o(i.TIM_OC2_SetConfig)
    UART8_IRQHandler                         0x0800a6e5   Thumb Code    10  stm32h7xx_it.o(i.UART8_IRQHandler)
    UART_AdvFeatureConfig                    0x0800a74d   Thumb Code   248  stm32h7xx_hal_uart.o(i.UART_AdvFeatureConfig)
    UART_CheckIdleState                      0x0800a845   Thumb Code   118  stm32h7xx_hal_uart.o(i.UART_CheckIdleState)
    UART_SetConfig                           0x0800b00d   Thumb Code  1402  stm32h7xx_hal_uart.o(i.UART_SetConfig)
    UART_Start_Receive_DMA                   0x0800b599   Thumb Code   200  stm32h7xx_hal_uart.o(i.UART_Start_Receive_DMA)
    UART_Start_Receive_IT                    0x0800b66d   Thumb Code   352  stm32h7xx_hal_uart.o(i.UART_Start_Receive_IT)
    UART_WaitOnFlagUntilTimeout              0x0800b7dd   Thumb Code   254  stm32h7xx_hal_uart.o(i.UART_WaitOnFlagUntilTimeout)
    USART3_IRQHandler                        0x0800b8dd   Thumb Code    10  stm32h7xx_it.o(i.USART3_IRQHandler)
    UsageFault_Handler                       0x0800b8ed   Thumb Code     4  stm32h7xx_it.o(i.UsageFault_Handler)
    __ARM_fpclassify                         0x0800b951   Thumb Code    48  fpclassify.o(i.__ARM_fpclassify)
    __ARM_fpclassifyf                        0x0800b981   Thumb Code    38  fpclassifyf.o(i.__ARM_fpclassifyf)
    __hardfp_atan2f                          0x0800b9e9   Thumb Code   594  atan2f.o(i.__hardfp_atan2f)
    __hardfp_cosf                            0x0800bc9d   Thumb Code   276  cosf.o(i.__hardfp_cosf)
    __hardfp_pow                             0x0800bdf1   Thumb Code  2140  pow.o(i.__hardfp_pow)
    __hardfp_sinf                            0x0800c6e9   Thumb Code   344  sinf.o(i.__hardfp_sinf)
    __hardfp_sqrt                            0x0800c87d   Thumb Code   102  sqrt.o(i.__hardfp_sqrt)
    __hardfp_sqrtf                           0x0800c8e3   Thumb Code    58  sqrtf.o(i.__hardfp_sqrtf)
    __kernel_poly                            0x0800c91d   Thumb Code   112  poly.o(i.__kernel_poly)
    __mathlib_dbl_divzero                    0x0800c991   Thumb Code    14  dunder.o(i.__mathlib_dbl_divzero)
    __mathlib_dbl_infnan2                    0x0800c9b1   Thumb Code     6  dunder.o(i.__mathlib_dbl_infnan2)
    __mathlib_dbl_invalid                    0x0800c9b9   Thumb Code    10  dunder.o(i.__mathlib_dbl_invalid)
    __mathlib_dbl_overflow                   0x0800c9d1   Thumb Code    10  dunder.o(i.__mathlib_dbl_overflow)
    __mathlib_dbl_underflow                  0x0800c9e9   Thumb Code    10  dunder.o(i.__mathlib_dbl_underflow)
    __mathlib_flt_infnan                     0x0800ca01   Thumb Code     6  funder.o(i.__mathlib_flt_infnan)
    __mathlib_flt_infnan2                    0x0800ca07   Thumb Code     6  funder.o(i.__mathlib_flt_infnan2)
    __mathlib_flt_invalid                    0x0800ca0d   Thumb Code    10  funder.o(i.__mathlib_flt_invalid)
    __mathlib_flt_underflow                  0x0800ca1d   Thumb Code    10  funder.o(i.__mathlib_flt_underflow)
    __mathlib_rredf2                         0x0800ca2d   Thumb Code   316  rredf.o(i.__mathlib_rredf2)
    acceration_limit                         0x0800cb81   Thumb Code   224  main.o(i.acceration_limit)
    add_barrier                              0x0800cc79   Thumb Code   124  move.o(i.add_barrier)
    add_mission                              0x0800ccf9   Thumb Code   214  freertos.o(i.add_mission)
    auto_drive_longdistance                  0x0800ce01   Thumb Code  1492  user_task.o(i.auto_drive_longdistance)
    auto_drive_shortdistance                 0x0800d411   Thumb Code   278  user_task.o(i.auto_drive_shortdistance)
    auto_pick_up                             0x0800d545   Thumb Code   632  user_task.o(i.auto_pick_up)
    auto_place                               0x0800d7f1   Thumb Code   580  user_task.o(i.auto_place)
    auto_turn                                0x0800da6d   Thumb Code    20  user_task.o(i.auto_turn)
    catapult_activate                        0x0800da85   Thumb Code     6  user_task.o(i.catapult_activate)
    check_dead_barrier                       0x0800da8d   Thumb Code   116  move.o(i.check_dead_barrier)
    coordinate_transform                     0x0800db09   Thumb Code   246  move.o(i.coordinate_transform)
    evaluate_place_pos                       0x0800dc09   Thumb Code   352  move.o(i.evaluate_place_pos)
    executive_auto_move                      0x0800dd91   Thumb Code   302  main.o(i.executive_auto_move)
    fabs                                     0x0800dee5   Thumb Code    24  fabs.o(i.fabs)
    find_barrier                             0x0800defd   Thumb Code    28  move.o(i.find_barrier)
    grab_pos_set                             0x0800df1d   Thumb Code    84  user_task.o(i.grab_pos_set)
    hmi_init                                 0x0800df7d   Thumb Code    20  hmi.o(i.hmi_init)
    hook_grasp                               0x0800df99   Thumb Code    66  user_task.o(i.hook_grasp)
    hook_release                             0x0800dfe9   Thumb Code    68  user_task.o(i.hook_release)
    instruction_refresh                      0x0800e039   Thumb Code    80  my_robot.o(i.instruction_refresh)
    load_status                              0x0800e0a1   Thumb Code   166  freertos.o(i.load_status)
    main                                     0x0800e171   Thumb Code   216  main.o(i.main)
    manual_move                              0x0800e281   Thumb Code   632  freertos.o(i.manual_move)
    osDelay                                  0x0800e529   Thumb Code    30  cmsis_os2.o(i.osDelay)
    osKernelInitialize                       0x0800e549   Thumb Code    38  cmsis_os2.o(i.osKernelInitialize)
    osKernelStart                            0x0800e575   Thumb Code    82  cmsis_os2.o(i.osKernelStart)
    osThreadNew                              0x0800e5d5   Thumb Code   184  cmsis_os2.o(i.osThreadNew)
    pick_up                                  0x0800e68d   Thumb Code   506  user_task.o(i.pick_up)
    pick_up_activator_pos_set                0x0800e899   Thumb Code   108  user_task.o(i.pick_up_activator_pos_set)
    place_block                              0x0800e911   Thumb Code   120  user_task.o(i.place_block)
    pos_regulator_pos_set                    0x0800e991   Thumb Code   322  user_task.o(i.pos_regulator_pos_set)
    pre_plan                                 0x0800eae1   Thumb Code  3502  move.o(i.pre_plan)
    pvPortMalloc                             0x080103c9   Thumb Code   306  heap_4_1.o(i.pvPortMalloc)
    pxPortInitialiseStack                    0x08010515   Thumb Code    38  port.o(i.pxPortInitialiseStack)
    read_keys                                0x08010541   Thumb Code   264  my_robot.o(i.read_keys)
    remove_barrier                           0x08010651   Thumb Code    70  move.o(i.remove_barrier)
    send_init_msg                            0x0801069d   Thumb Code    40  main.o(i.send_init_msg)
    send_log                                 0x080106c5   Thumb Code    62  main.o(i.send_log)
    send_msg                                 0x08010705   Thumb Code   126  main.o(i.send_msg)
    send_msg_synchronal                      0x08010795   Thumb Code    66  freertos.o(i.send_msg_synchronal)
    speed_cal                                0x080107dd   Thumb Code   372  main.o(i.speed_cal)
    sqrt                                     0x0801097d   Thumb Code   106  sqrt.o(i.sqrt)
    switcher_direction_set                   0x080109e9   Thumb Code   100  user_task.o(i.switcher_direction_set)
    task_handler                             0x08010a59   Thumb Code    78  freertos.o(i.task_handler)
    update_barrier                           0x08010ab1   Thumb Code   102  move.o(i.update_barrier)
    update_check_point                       0x08010b1d   Thumb Code    26  move.o(i.update_check_point)
    update_target_info                       0x08010b3d   Thumb Code  1156  main.o(i.update_target_info)
    uxListRemove                             0x08010fcd   Thumb Code    40  list.o(i.uxListRemove)
    vApplicationGetIdleTaskMemory            0x08010ff5   Thumb Code    14  cmsis_os2.o(i.vApplicationGetIdleTaskMemory)
    vApplicationGetTimerTaskMemory           0x0801100d   Thumb Code    16  cmsis_os2.o(i.vApplicationGetTimerTaskMemory)
    vListInitialise                          0x08011025   Thumb Code    26  list.o(i.vListInitialise)
    vListInitialiseItem                      0x0801103f   Thumb Code     6  list.o(i.vListInitialiseItem)
    vListInsert                              0x08011045   Thumb Code    52  list.o(i.vListInsert)
    vListInsertEnd                           0x08011079   Thumb Code    24  list.o(i.vListInsertEnd)
    vPortEnterCritical                       0x08011091   Thumb Code    76  port.o(i.vPortEnterCritical)
    vPortExitCritical                        0x080110e5   Thumb Code    56  port.o(i.vPortExitCritical)
    vPortFree                                0x08011121   Thumb Code   150  heap_4_1.o(i.vPortFree)
    vPortSetupTimerInterrupt                 0x080111c5   Thumb Code    36  port.o(i.vPortSetupTimerInterrupt)
    vPortValidateInterruptPriority           0x080111ed   Thumb Code   106  port.o(i.vPortValidateInterruptPriority)
    vQueueAddToRegistry                      0x08011265   Thumb Code    38  queue.o(i.vQueueAddToRegistry)
    vQueueWaitForMessageRestricted           0x08011291   Thumb Code    74  queue.o(i.vQueueWaitForMessageRestricted)
    vTaskDelay                               0x080112dd   Thumb Code    82  tasks.o(i.vTaskDelay)
    vTaskDelete                              0x08011339   Thumb Code   168  tasks.o(i.vTaskDelete)
    vTaskInternalSetTimeOutState             0x08011401   Thumb Code    14  tasks.o(i.vTaskInternalSetTimeOutState)
    vTaskMissedYield                         0x08011419   Thumb Code     8  tasks.o(i.vTaskMissedYield)
    vTaskPlaceOnEventList                    0x08011425   Thumb Code    52  tasks.o(i.vTaskPlaceOnEventList)
    vTaskPlaceOnEventListRestricted          0x0801145d   Thumb Code    60  tasks.o(i.vTaskPlaceOnEventListRestricted)
    vTaskResume                              0x0801149d   Thumb Code   126  tasks.o(i.vTaskResume)
    vTaskStartScheduler                      0x0801152d   Thumb Code   156  tasks.o(i.vTaskStartScheduler)
    vTaskSuspend                             0x080115e5   Thumb Code   176  tasks.o(i.vTaskSuspend)
    vTaskSuspendAll                          0x080116ad   Thumb Code    12  tasks.o(i.vTaskSuspendAll)
    vTaskSwitchContext                       0x080116bd   Thumb Code   122  tasks.o(i.vTaskSwitchContext)
    xPortStartScheduler                      0x0801174d   Thumb Code   330  port.o(i.xPortStartScheduler)
    xPortSysTickHandler                      0x080118b5   Thumb Code    46  port.o(i.xPortSysTickHandler)
    xQueueGenericCreateStatic                0x080118e9   Thumb Code   224  queue.o(i.xQueueGenericCreateStatic)
    xQueueGenericReset                       0x080119c9   Thumb Code   146  queue.o(i.xQueueGenericReset)
    xQueueGenericSend                        0x08011a61   Thumb Code   420  queue.o(i.xQueueGenericSend)
    xQueueGenericSendFromISR                 0x08011c09   Thumb Code   252  queue.o(i.xQueueGenericSendFromISR)
    xQueueReceive                            0x08011d05   Thumb Code   356  queue.o(i.xQueueReceive)
    xTaskCheckForTimeOut                     0x08011e6d   Thumb Code   132  tasks.o(i.xTaskCheckForTimeOut)
    xTaskCreate                              0x08011ef9   Thumb Code   100  tasks.o(i.xTaskCreate)
    xTaskCreateStatic                        0x08011f5d   Thumb Code   186  tasks.o(i.xTaskCreateStatic)
    xTaskGetCurrentTaskHandle                0x08012019   Thumb Code     6  tasks.o(i.xTaskGetCurrentTaskHandle)
    xTaskGetHandle                           0x08012025   Thumb Code   142  tasks.o(i.xTaskGetHandle)
    xTaskGetSchedulerState                   0x080120c9   Thumb Code    24  tasks.o(i.xTaskGetSchedulerState)
    xTaskGetTickCount                        0x080120e9   Thumb Code     6  tasks.o(i.xTaskGetTickCount)
    xTaskIncrementTick                       0x080120f5   Thumb Code   280  tasks.o(i.xTaskIncrementTick)
    xTaskPriorityDisinherit                  0x08012239   Thumb Code   152  tasks.o(i.xTaskPriorityDisinherit)
    xTaskRemoveFromEventList                 0x080122dd   Thumb Code   126  tasks.o(i.xTaskRemoveFromEventList)
    xTaskResumeAll                           0x08012375   Thumb Code   222  tasks.o(i.xTaskResumeAll)
    xTimerCreateTimerTask                    0x08012479   Thumb Code   100  timers.o(i.xTimerCreateTimerTask)
    xTimerGenericCommand                     0x080124f1   Thumb Code   128  timers.o(i.xTimerGenericCommand)
    xtsave                                   0x08012575   Thumb Code   182  tinn.o(i.xtsave)
    __fpl_dcheck_NaN1                        0x0801262d   Thumb Code    10  dcheck1.o(x$fpl$dcheck1)
    _fp_init                                 0x0801263d   Thumb Code    10  fpinit.o(x$fpl$fpinit)
    __fplib_config_fpu_vfp                   0x08012645   Thumb Code     0  fpinit.o(x$fpl$fpinit)
    __fplib_config_pureend_doubles           0x08012645   Thumb Code     0  fpinit.o(x$fpl$fpinit)
    __fpl_return_NaN                         0x08012647   Thumb Code   100  retnan.o(x$fpl$retnan)
    __ARM_scalbn                             0x080126ab   Thumb Code    92  scalbn.o(x$fpl$scalbn)
    __fpl_cmpreturn                          0x08012707   Thumb Code    48  trapv.o(x$fpl$trapveneer)
    __I$use$fp                               0x08012736   Number         0  usenofp.o(x$fpl$usenofp)
    defaultTask_attributes                   0x08012744   Data          36  freertos.o(.constdata)
    Robot_attributes                         0x08012768   Data          36  freertos.o(.constdata)
    manualmove_attributes                    0x0801278c   Data          36  freertos.o(.constdata)
    D1CorePrescTable                         0x080127b4   Data          16  system_stm32h7xx.o(.constdata)
    UARTPrescTable                           0x08012828   Data          24  stm32h7xx_hal_uart.o(.constdata)
    TX_ADDRESS                               0x08012858   Data           5  nrf.o(.constdata)
    RX_ADDRESS                               0x0801285d   Data           5  nrf.o(.constdata)
    __mathlib_zero                           0x080128f0   Data           8  qnan.o(.constdata)
    sinTable_f32                             0x08012938   Data        2052  arm_common_tables.o(.rodata.sinTable_f32)
    Region$$Table$$Base                      0x0801313c   Number         0  anon$$obj.o(Region$$Table)
    Region$$Table$$Limit                     0x0801315c   Number         0  anon$$obj.o(Region$$Table)
    last_pos_x                               0x24000000   Data           4  main.o(.data)
    last_pos_y                               0x24000004   Data           4  main.o(.data)
    rxtemp                                   0x24000008   Data           1  main.o(.data)
    turret_buffer                            0x24000009   Data           8  main.o(.data)
    current_pos                              0x24000014   Data          12  main.o(.data)
    correction_value                         0x24000020   Data          12  main.o(.data)
    cmd_feedback                             0x2400002c   Data           8  main.o(.data)
    global_clock                             0x24000034   Data           4  main.o(.data)
    speed_clock                              0x24000038   Data           4  main.o(.data)
    ababa                                    0x2400003c   Data           4  main.o(.data)
    pos_reset                                0x24000040   Data           1  main.o(.data)
    mission_queue_head                       0x24000050   Data           4  freertos.o(.data)
    backup_mission_queue_head                0x24000054   Data           4  freertos.o(.data)
    task_reset                               0x24000058   Data           1  freertos.o(.data)
    block_num                                0x24000059   Data           1  freertos.o(.data)
    backup_block_num                         0x2400005a   Data           1  freertos.o(.data)
    running_task                             0x2400005c   Data           4  freertos.o(.data)
    get_block_flag                           0x24000060   Data           1  freertos.o(.data)
    defaultTaskHandle                        0x24000064   Data           4  freertos.o(.data)
    RobotHandle                              0x24000068   Data           4  freertos.o(.data)
    manualmoveHandle                         0x2400006c   Data           4  freertos.o(.data)
    SystemCoreClock                          0x24000074   Data           4  system_stm32h7xx.o(.data)
    SystemD2Clock                            0x24000078   Data           4  system_stm32h7xx.o(.data)
    uwTick                                   0x2400007c   Data           4  stm32h7xx_hal.o(.data)
    uwTickPrio                               0x24000080   Data           4  stm32h7xx_hal.o(.data)
    uwTickFreq                               0x24000084   Data           1  stm32h7xx_hal.o(.data)
    pxCurrentTCB                             0x24000088   Data           4  tasks.o(.data)
    QUEUE_CAN_IDx                            0x24000108   Data           4  elmo_fdcan.o(.data)
    abc                                      0x24000114   Data           2  my_robot.o(.data)
    nrf_mode                                 0x24000116   Data           1  my_robot.o(.data)
    last_nrf_mode                            0x24000117   Data           1  my_robot.o(.data)
    same_times                               0x24000118   Data           4  my_robot.o(.data)
    pid_speedx                               0x2400011c   Data          60  resolve.o(.data)
    pid_speedy                               0x24000158   Data          60  resolve.o(.data)
    pid_deg                                  0x24000194   Data          60  resolve.o(.data)
    pid_pos                                  0x240001d0   Data          60  resolve.o(.data)
    dY                                       0x2400020c   Data           4  resolve.o(.data)
    dX                                       0x24000210   Data           4  resolve.o(.data)
    dZ                                       0x24000214   Data           4  resolve.o(.data)
    autodirveshortdistance                   0x24000218   Data           4  user_task.o(.data)
    autodrivelongdistance                    0x2400021c   Data           4  user_task.o(.data)
    grabposset                               0x24000220   Data           4  user_task.o(.data)
    hookgrasp                                0x24000224   Data           4  user_task.o(.data)
    hookrelease                              0x24000228   Data           4  user_task.o(.data)
    switcherdirectionset                     0x2400022c   Data           4  user_task.o(.data)
    catapultactivate                         0x24000230   Data           4  user_task.o(.data)
    autopickup                               0x24000234   Data           4  user_task.o(.data)
    autoplace                                0x24000238   Data           4  user_task.o(.data)
    posregulatorposset                       0x2400023c   Data           4  user_task.o(.data)
    pickupactivatorposset                    0x24000240   Data           4  user_task.o(.data)
    autoturn                                 0x24000244   Data           4  user_task.o(.data)
    current_target_ID                        0x24000248   Data           4  user_task.o(.data)
    short_drive_deadzone                     0x2400024c   Data           4  user_task.o(.data)
    thread_lock                              0x24000250   Data           1  user_task.o(.data)
    final_point_lock                         0x24000251   Data           1  user_task.o(.data)
    msg                                      0x24000252   Data           1  user_task.o(.data)
    task_handle_temp                         0x24000254   Data           4  user_task.o(.data)
    Yaw                                      0x2400026c   Data           4  remote_control.o(.data)
    X                                        0x24000270   Data           4  remote_control.o(.data)
    Y                                        0x24000274   Data           4  remote_control.o(.data)
    check_point_head                         0x24000280   Data           4  move.o(.data)
    barrier_head                             0x24000284   Data           4  move.o(.data)
    flag_current_path_change                 0x24000288   Data           4  move.o(.data)
    flag_final_goal_change                   0x2400028c   Data           4  move.o(.data)
    turn_end_time                            0x24000290   Data           4  move.o(.data)
    dT                                       0x24000298   Data           8  move.o(.data)
    flag_center_access                       0x240002a0   Data           4  move.o(.data)
    hmi_Rec_flag                             0x240002a8   Data           1  hmi.o(.data)
    hmi_huart                                0x240002ac   Data           4  hmi.o(.data)
    debug                                    0x240002b0   Data          12  main.o(.bss)
    rocker                                   0x240002bc   Data          16  main.o(.bss)
    dma_buffer                               0x240002cc   Data          30  main.o(.bss)
    Rx_buffer                                0x240002ea   Data          16  main.o(.bss)
    huart3_rxbuffer                          0x240002fa   Data          16  main.o(.bss)
    current_acceration                       0x2400030c   Data          12  main.o(.bss)
    current_speed                            0x24000318   Data          12  main.o(.bss)
    pos_buffer                               0x24000324   Data         108  main.o(.bss)
    speed_buffer                             0x24000390   Data          72  main.o(.bss)
    target_relative_pos                      0x240003d8   Data          12  main.o(.bss)
    vx                                       0x240003e4   Data          40  main.o(.bss)
    vy                                       0x2400040c   Data          40  main.o(.bss)
    pos_log                                  0x24000434   Data         120  main.o(.bss)
    velocity_nn_x                            0x240004ac   Data          40  main.o(.bss)
    velocity_nn_y                            0x240004d4   Data          40  main.o(.bss)
    flags                                    0x2400059c   Data          20  freertos.o(.bss)
    backup_flags                             0x240005b0   Data          20  freertos.o(.bss)
    hfdcan1                                  0x240005d4   Data         160  fdcan.o(.bss)
    hfdcan2                                  0x24000674   Data         160  fdcan.o(.bss)
    hspi1                                    0x24000714   Data         136  spi.o(.bss)
    htim6                                    0x2400079c   Data          76  tim.o(.bss)
    htim7                                    0x240007e8   Data          76  tim.o(.bss)
    htim8                                    0x24000834   Data          76  tim.o(.bss)
    hdma_tim8_ch3                            0x24000880   Data         120  tim.o(.bss)
    huart8                                   0x240008f8   Data         144  usart.o(.bss)
    huart3                                   0x24000988   Data         144  usart.o(.bss)
    hdma_uart8_rx                            0x24000a18   Data         120  usart.o(.bss)
    htim14                                   0x24000a90   Data          76  stm32h7xx_hal_timebase_tim.o(.bss)
    xQueueRegistry                           0x24000adc   Data          64  queue.o(.bss)
    nrf_cmd                                  0x24030244   Data          32  my_robot.o(.bss)
    nrf_trans_cmd                            0x24030264   Data          14  my_robot.o(.bss)
    button                                   0x24030272   Data          26  my_robot.o(.bss)
    Wheel_Speed                              0x2403028c   Data          16  resolve.o(.bss)
    target_pos                               0x2403029c   Data          12  user_task.o(.bss)
    gyro                                     0x240302b4   Data          36  remote_control.o(.bss)
    speed_plan                               0x240302d8   Data       18000  move.o(.bss)
    pos_plan                                 0x24034928   Data       18000  move.o(.bss)
    acceleration_plan                        0x24038f78   Data       12000  move.o(.bss)
    output                                   0x2403be58   Data          12  move.o(.bss)
    speed_st                                 0x2403be64   Data        6000  move.o(.bss)
    planned_path                             0x2403d5d4   Data          60  move.o(.bss)
    final_point                              0x2403d610   Data          12  move.o(.bss)
    hmi_RxData                               0x2403d628   Data          16  hmi.o(.bss)
    hmi_data                                 0x2403d638   Data          12  hmi.o(.bss)
    __libspace_start                         0x2403d644   Data          96  libspace.o(.bss)
    __temporary_stack_top$libspace           0x2403d6a4   Data           0  libspace.o(.bss)



==============================================================================

Memory Map of the image

  Image Entry point : 0x08000299

  Load Region LR_IROM1 (Base: 0x08000000, Size: 0x0001340c, Max: 0x00200000, ABSOLUTE, COMPRESSED[0x000131dc])

    Execution Region ER_IROM1 (Exec base: 0x08000000, Load base: 0x08000000, Size: 0x0001315c, Max: 0x00200000, ABSOLUTE)

    Exec Addr    Load Addr    Size         Type   Attr      Idx    E Section Name        Object

    0x08000000   0x08000000   0x00000298   Data   RO            3    RESET               startup_stm32h743xx.o
    0x08000298   0x08000298   0x00000008   Code   RO         8830  * !!!main             c_w.l(__main.o)
    0x080002a0   0x080002a0   0x00000034   Code   RO         9197    !!!scatter          c_w.l(__scatter.o)
    0x080002d4   0x080002d4   0x0000005a   Code   RO         9195    !!dczerorl2         c_w.l(__dczerorl2.o)
    0x0800032e   0x0800032e   0x00000002   PAD
    0x08000330   0x08000330   0x0000001c   Code   RO         9199    !!handler_zi        c_w.l(__scatter_zi.o)
    0x0800034c   0x0800034c   0x00000002   Code   RO         9128    .ARM.Collect$$libinit$$00000000  c_w.l(libinit.o)
    0x0800034e   0x0800034e   0x00000004   Code   RO         8958    .ARM.Collect$$libinit$$00000001  c_w.l(libinit2.o)
    0x08000352   0x08000352   0x00000000   Code   RO         8961    .ARM.Collect$$libinit$$00000004  c_w.l(libinit2.o)
    0x08000352   0x08000352   0x00000008   Code   RO         8962    .ARM.Collect$$libinit$$00000005  c_w.l(libinit2.o)
    0x0800035a   0x0800035a   0x00000000   Code   RO         8964    .ARM.Collect$$libinit$$0000000A  c_w.l(libinit2.o)
    0x0800035a   0x0800035a   0x00000000   Code   RO         8966    .ARM.Collect$$libinit$$0000000C  c_w.l(libinit2.o)
    0x0800035a   0x0800035a   0x00000000   Code   RO         8968    .ARM.Collect$$libinit$$0000000E  c_w.l(libinit2.o)
    0x0800035a   0x0800035a   0x00000000   Code   RO         8971    .ARM.Collect$$libinit$$00000011  c_w.l(libinit2.o)
    0x0800035a   0x0800035a   0x00000000   Code   RO         8973    .ARM.Collect$$libinit$$00000013  c_w.l(libinit2.o)
    0x0800035a   0x0800035a   0x00000000   Code   RO         8975    .ARM.Collect$$libinit$$00000015  c_w.l(libinit2.o)
    0x0800035a   0x0800035a   0x00000000   Code   RO         8977    .ARM.Collect$$libinit$$00000017  c_w.l(libinit2.o)
    0x0800035a   0x0800035a   0x00000000   Code   RO         8979    .ARM.Collect$$libinit$$00000019  c_w.l(libinit2.o)
    0x0800035a   0x0800035a   0x00000000   Code   RO         8981    .ARM.Collect$$libinit$$0000001B  c_w.l(libinit2.o)
    0x0800035a   0x0800035a   0x00000000   Code   RO         8983    .ARM.Collect$$libinit$$0000001D  c_w.l(libinit2.o)
    0x0800035a   0x0800035a   0x00000000   Code   RO         8985    .ARM.Collect$$libinit$$0000001F  c_w.l(libinit2.o)
    0x0800035a   0x0800035a   0x00000000   Code   RO         8987    .ARM.Collect$$libinit$$00000021  c_w.l(libinit2.o)
    0x0800035a   0x0800035a   0x00000000   Code   RO         8989    .ARM.Collect$$libinit$$00000023  c_w.l(libinit2.o)
    0x0800035a   0x0800035a   0x00000000   Code   RO         8991    .ARM.Collect$$libinit$$00000025  c_w.l(libinit2.o)
    0x0800035a   0x0800035a   0x00000000   Code   RO         8995    .ARM.Collect$$libinit$$0000002C  c_w.l(libinit2.o)
    0x0800035a   0x0800035a   0x00000000   Code   RO         8997    .ARM.Collect$$libinit$$0000002E  c_w.l(libinit2.o)
    0x0800035a   0x0800035a   0x00000000   Code   RO         8999    .ARM.Collect$$libinit$$00000030  c_w.l(libinit2.o)
    0x0800035a   0x0800035a   0x00000000   Code   RO         9001    .ARM.Collect$$libinit$$00000032  c_w.l(libinit2.o)
    0x0800035a   0x0800035a   0x00000002   Code   RO         9002    .ARM.Collect$$libinit$$00000033  c_w.l(libinit2.o)
    0x0800035c   0x0800035c   0x00000002   Code   RO         9192    .ARM.Collect$$libshutdown$$00000000  c_w.l(libshutdown.o)
    0x0800035e   0x0800035e   0x00000000   Code   RO         9146    .ARM.Collect$$libshutdown$$00000002  c_w.l(libshutdown2.o)
    0x0800035e   0x0800035e   0x00000000   Code   RO         9148    .ARM.Collect$$libshutdown$$00000004  c_w.l(libshutdown2.o)
    0x0800035e   0x0800035e   0x00000000   Code   RO         9150    .ARM.Collect$$libshutdown$$00000006  c_w.l(libshutdown2.o)
    0x0800035e   0x0800035e   0x00000000   Code   RO         9153    .ARM.Collect$$libshutdown$$00000009  c_w.l(libshutdown2.o)
    0x0800035e   0x0800035e   0x00000000   Code   RO         9156    .ARM.Collect$$libshutdown$$0000000C  c_w.l(libshutdown2.o)
    0x0800035e   0x0800035e   0x00000000   Code   RO         9158    .ARM.Collect$$libshutdown$$0000000E  c_w.l(libshutdown2.o)
    0x0800035e   0x0800035e   0x00000000   Code   RO         9161    .ARM.Collect$$libshutdown$$00000011  c_w.l(libshutdown2.o)
    0x0800035e   0x0800035e   0x00000002   Code   RO         9162    .ARM.Collect$$libshutdown$$00000012  c_w.l(libshutdown2.o)
    0x08000360   0x08000360   0x00000000   Code   RO         8922    .ARM.Collect$$rtentry$$00000000  c_w.l(__rtentry.o)
    0x08000360   0x08000360   0x00000000   Code   RO         9058    .ARM.Collect$$rtentry$$00000002  c_w.l(__rtentry2.o)
    0x08000360   0x08000360   0x00000006   Code   RO         9070    .ARM.Collect$$rtentry$$00000004  c_w.l(__rtentry4.o)
    0x08000366   0x08000366   0x00000000   Code   RO         9060    .ARM.Collect$$rtentry$$00000009  c_w.l(__rtentry2.o)
    0x08000366   0x08000366   0x00000004   Code   RO         9061    .ARM.Collect$$rtentry$$0000000A  c_w.l(__rtentry2.o)
    0x0800036a   0x0800036a   0x00000000   Code   RO         9063    .ARM.Collect$$rtentry$$0000000C  c_w.l(__rtentry2.o)
    0x0800036a   0x0800036a   0x00000008   Code   RO         9064    .ARM.Collect$$rtentry$$0000000D  c_w.l(__rtentry2.o)
    0x08000372   0x08000372   0x00000002   Code   RO         9133    .ARM.Collect$$rtexit$$00000000  c_w.l(rtexit.o)
    0x08000374   0x08000374   0x00000000   Code   RO         9168    .ARM.Collect$$rtexit$$00000002  c_w.l(rtexit2.o)
    0x08000374   0x08000374   0x00000004   Code   RO         9169    .ARM.Collect$$rtexit$$00000003  c_w.l(rtexit2.o)
    0x08000378   0x08000378   0x00000006   Code   RO         9170    .ARM.Collect$$rtexit$$00000004  c_w.l(rtexit2.o)
    0x0800037e   0x0800037e   0x00000002   PAD
    0x08000380   0x08000380   0x000000be   Code   RO         7739    .emb_text           port.o
    0x0800043e   0x0800043e   0x00000002   PAD
    0x08000440   0x08000440   0x00000000   Code   RO         9081    .emb_text           c_w.l(maybetermalloc1.o)
    0x08000440   0x08000440   0x00000040   Code   RO            4    .text               startup_stm32h743xx.o
    0x08000480   0x08000480   0x0000005e   Code   RO         8751    .text               c_w.l(h1_alloc.o)
    0x080004de   0x080004de   0x0000004e   Code   RO         8753    .text               c_w.l(h1_free.o)
    0x0800052c   0x0800052c   0x000000ee   Code   RO         8809    .text               c_w.l(lludivv7m.o)
    0x0800061a   0x0800061a   0x0000003e   Code   RO         8816    .text               c_w.l(strlen.o)
    0x08000658   0x08000658   0x0000008a   Code   RO         8818    .text               c_w.l(rt_memcpy_v6.o)
    0x080006e2   0x080006e2   0x00000064   Code   RO         8820    .text               c_w.l(rt_memcpy_w.o)
    0x08000746   0x08000746   0x00000010   Code   RO         8824    .text               c_w.l(aeabi_memset.o)
    0x08000756   0x08000756   0x0000004e   Code   RO         8826    .text               c_w.l(rt_memclr_w.o)
    0x080007a4   0x080007a4   0x00000006   Code   RO         8828    .text               c_w.l(heapauxi.o)
    0x080007aa   0x080007aa   0x00000002   PAD
    0x080007ac   0x080007ac   0x00000008   Code   RO         8930    .text               c_w.l(rt_heap_descriptor_intlibspace.o)
    0x080007b4   0x080007b4   0x00000004   Code   RO         8932    .text               c_w.l(hguard.o)
    0x080007b8   0x080007b8   0x0000008a   Code   RO         8934    .text               c_w.l(init_alloc.o)
    0x08000842   0x08000842   0x0000000e   Code   RO         8938    .text               c_w.l(h1_init.o)
    0x08000850   0x08000850   0x00000016   Code   RO         8952    .text               c_w.l(_rserrno.o)
    0x08000866   0x08000866   0x00000044   Code   RO         8954    .text               c_w.l(rt_memclr.o)
    0x080008aa   0x080008aa   0x00000002   PAD
    0x080008ac   0x080008ac   0x00000008   Code   RO         9054    .text               c_w.l(libspace.o)
    0x080008b4   0x080008b4   0x00000008   Code   RO         9077    .text               c_w.l(rt_errno_addr_intlibspace.o)
    0x080008bc   0x080008bc   0x00000034   Code   RO         9083    .text               c_w.l(h1_extend.o)
    0x080008f0   0x080008f0   0x0000000e   Code   RO         9087    .text               c_w.l(defsig_rtmem_outer.o)
    0x080008fe   0x080008fe   0x00000002   Code   RO         9100    .text               c_w.l(use_no_semi.o)
    0x08000900   0x08000900   0x00000000   Code   RO         9102    .text               c_w.l(indicate_semi.o)
    0x08000900   0x08000900   0x0000004a   Code   RO         9103    .text               c_w.l(sys_stackheap_outer.o)
    0x0800094a   0x0800094a   0x00000012   Code   RO         9109    .text               c_w.l(exit.o)
    0x0800095c   0x0800095c   0x0000000a   Code   RO         9111    .text               c_w.l(defsig_exit.o)
    0x08000966   0x08000966   0x00000002   PAD
    0x08000968   0x08000968   0x00000050   Code   RO         9117    .text               c_w.l(defsig_rtmem_inner.o)
    0x080009b8   0x080009b8   0x0000000c   Code   RO         9131    .text               c_w.l(sys_exit.o)
    0x080009c4   0x080009c4   0x00000032   Code   RO         9141    .text               c_w.l(defsig_general.o)
    0x080009f6   0x080009f6   0x0000000e   Code   RO         9165    .text               c_w.l(sys_wrch.o)
    0x08000a04   0x08000a04   0x00000090   Code   RO         8629    .text.arm_cos_f32   arm_cortexM7lfdp_math.lib(arm_cos_f32.o)
    0x08000a94   0x08000a94   0x0000008c   Code   RO         8639    .text.arm_sin_f32   arm_cortexM7lfdp_math.lib(arm_sin_f32.o)
    0x08000b20   0x08000b20   0x00000004   Code   RO          694    i.BusFault_Handler  stm32h7xx_it.o
    0x08000b24   0x08000b24   0x00000010   Code   RO          695    i.DMA1_Stream0_IRQHandler  stm32h7xx_it.o
    0x08000b34   0x08000b34   0x00000010   Code   RO          696    i.DMA1_Stream1_IRQHandler  stm32h7xx_it.o
    0x08000b44   0x08000b44   0x000000ec   Code   RO         1886    i.DMA_CalcBaseAndBitshift  stm32h7xx_hal_dma.o
    0x08000c30   0x08000c30   0x000000c4   Code   RO         1887    i.DMA_CalcDMAMUXChannelBaseAndMask  stm32h7xx_hal_dma.o
    0x08000cf4   0x08000cf4   0x00000098   Code   RO         1888    i.DMA_CalcDMAMUXRequestGenBaseAndMask  stm32h7xx_hal_dma.o
    0x08000d8c   0x08000d8c   0x000000ae   Code   RO         1889    i.DMA_CheckFifoParam  stm32h7xx_hal_dma.o
    0x08000e3a   0x08000e3a   0x00000002   PAD
    0x08000e3c   0x08000e3c   0x00000274   Code   RO         1890    i.DMA_SetConfig     stm32h7xx_hal_dma.o
    0x080010b0   0x080010b0   0x000000fc   Code   RO           13    i.DMA_recieve       main.o
    0x080011ac   0x080011ac   0x00000002   Code   RO          697    i.DebugMon_Handler  stm32h7xx_it.o
    0x080011ae   0x080011ae   0x00000002   PAD
    0x080011b0   0x080011b0   0x0000001c   Code   RO         7873    i.Elmo_CANSend      elmo_fdcan.o
    0x080011cc   0x080011cc   0x0000001c   Code   RO         7874    i.Elmo_CAN_Send_Data  elmo_fdcan.o
    0x080011e8   0x080011e8   0x00000020   Code   RO         7875    i.Elmo_CAN_USER_Init  elmo_fdcan.o
    0x08001208   0x08001208   0x000000d4   Code   RO         7877    i.Elmo_Delay100us_IDx  elmo_fdcan.o
    0x080012dc   0x080012dc   0x00000014   Code   RO         7878    i.Elmo_Get_Encoder  elmo_fdcan.o
    0x080012f0   0x080012f0   0x0000001c   Code   RO         7879    i.Elmo_Get_Init_Flag  elmo_fdcan.o
    0x0800130c   0x0800130c   0x0000018c   Code   RO         7880    i.Elmo_Init         elmo_fdcan.o
    0x08001498   0x08001498   0x0000004c   Code   RO         7883    i.Elmo_PVM          elmo_fdcan.o
    0x080014e4   0x080014e4   0x00000164   Code   RO         7885    i.Elmo_Pre_PVM      elmo_fdcan.o
    0x08001648   0x08001648   0x00000024   Code   RO         8146    i.Elmo_Run          resolve.o
    0x0800166c   0x0800166c   0x00000050   Code   RO         7889    i.Elmo_SendCmd      elmo_fdcan.o
    0x080016bc   0x080016bc   0x00000092   Code   RO         7890    i.Elmo_SendCmd_QUEUE_CAN_IDx  elmo_fdcan.o
    0x0800174e   0x0800174e   0x0000000c   Code   RO         7894    i.Elmo_TIM_init     elmo_fdcan.o
    0x0800175a   0x0800175a   0x0000001c   Code   RO         7895    i.Elmo_software_delay_ms  elmo_fdcan.o
    0x08001776   0x08001776   0x00000006   Code   RO           14    i.Error_Handler     main.o
    0x0800177c   0x0800177c   0x00000010   Code   RO          698    i.FDCAN1_IT0_IRQHandler  stm32h7xx_it.o
    0x0800178c   0x0800178c   0x00000054   Code   RO         7819    i.FDCAN1_Init       fdcan_bsp.o
    0x080017e0   0x080017e0   0x00000010   Code   RO          699    i.FDCAN2_IT0_IRQHandler  stm32h7xx_it.o
    0x080017f0   0x080017f0   0x00000054   Code   RO         7820    i.FDCAN2_Init       fdcan_bsp.o
    0x08001844   0x08001844   0x00000220   Code   RO         3493    i.FDCAN_CalcultateRamBlockAddresses  stm32h7xx_hal_fdcan.o
    0x08001a64   0x08001a64   0x000000d4   Code   RO         3494    i.FDCAN_CopyMessageToRAM  stm32h7xx_hal_fdcan.o
    0x08001b38   0x08001b38   0x00000084   Code   RO         7821    i.FDCAN_Message_Decode  fdcan_bsp.o
    0x08001bbc   0x08001bbc   0x00000042   Code   RO         7822    i.FDCAN_SendData    fdcan_bsp.o
    0x08001bfe   0x08001bfe   0x00000002   PAD
    0x08001c00   0x08001c00   0x0000010c   Code   RO         8318    i.GYRO_Resolve      remote_control.o
    0x08001d0c   0x08001d0c   0x000004dc   Code   RO         1891    i.HAL_DMA_Abort     stm32h7xx_hal_dma.o
    0x080021e8   0x080021e8   0x00000398   Code   RO         1892    i.HAL_DMA_Abort_IT  stm32h7xx_hal_dma.o
    0x08002580   0x08002580   0x00000af8   Code   RO         1896    i.HAL_DMA_IRQHandler  stm32h7xx_hal_dma.o
    0x08003078   0x08003078   0x00000520   Code   RO         1897    i.HAL_DMA_Init      stm32h7xx_hal_dma.o
    0x08003598   0x08003598   0x000003e0   Code   RO         1901    i.HAL_DMA_Start_IT  stm32h7xx_hal_dma.o
    0x08003978   0x08003978   0x00000028   Code   RO         2600    i.HAL_Delay         stm32h7xx_hal.o
    0x080039a0   0x080039a0   0x000000a8   Code   RO         3496    i.HAL_FDCAN_ActivateNotification  stm32h7xx_hal_fdcan.o
    0x08003a48   0x08003a48   0x00000090   Code   RO         3498    i.HAL_FDCAN_AddMessageToTxFifoQ  stm32h7xx_hal_fdcan.o
    0x08003ad8   0x08003ad8   0x00000002   Code   RO         3499    i.HAL_FDCAN_ClockCalibrationCallback  stm32h7xx_hal_fdcan.o
    0x08003ada   0x08003ada   0x000000a8   Code   RO         3503    i.HAL_FDCAN_ConfigFilter  stm32h7xx_hal_fdcan.o
    0x08003b82   0x08003b82   0x00000034   Code   RO         3504    i.HAL_FDCAN_ConfigGlobalFilter  stm32h7xx_hal_fdcan.o
    0x08003bb6   0x08003bb6   0x00000002   Code   RO         3525    i.HAL_FDCAN_ErrorCallback  stm32h7xx_hal_fdcan.o
    0x08003bb8   0x08003bb8   0x00000002   Code   RO         3526    i.HAL_FDCAN_ErrorStatusCallback  stm32h7xx_hal_fdcan.o
    0x08003bba   0x08003bba   0x00000002   PAD
    0x08003bbc   0x08003bbc   0x000001f4   Code   RO         3537    i.HAL_FDCAN_GetRxMessage  stm32h7xx_hal_fdcan.o
    0x08003db0   0x08003db0   0x00000002   Code   RO         3543    i.HAL_FDCAN_HighPriorityMessageCallback  stm32h7xx_hal_fdcan.o
    0x08003db2   0x08003db2   0x00000002   PAD
    0x08003db4   0x08003db4   0x000003ec   Code   RO         3544    i.HAL_FDCAN_IRQHandler  stm32h7xx_hal_fdcan.o
    0x080041a0   0x080041a0   0x000002e0   Code   RO         3545    i.HAL_FDCAN_Init    stm32h7xx_hal_fdcan.o
    0x08004480   0x08004480   0x00000168   Code   RO          496    i.HAL_FDCAN_MspInit  fdcan.o
    0x080045e8   0x080045e8   0x00000002   Code   RO         3554    i.HAL_FDCAN_RxBufferNewMessageCallback  stm32h7xx_hal_fdcan.o
    0x080045ea   0x080045ea   0x00000028   Code   RO         7823    i.HAL_FDCAN_RxFifo0Callback  fdcan_bsp.o
    0x08004612   0x08004612   0x00000028   Code   RO         7824    i.HAL_FDCAN_RxFifo1Callback  fdcan_bsp.o
    0x0800463a   0x0800463a   0x00000034   Code   RO         3557    i.HAL_FDCAN_Start   stm32h7xx_hal_fdcan.o
    0x0800466e   0x0800466e   0x00000002   Code   RO         3579    i.HAL_FDCAN_TT_GlobalTimeCallback  stm32h7xx_hal_fdcan.o
    0x08004670   0x08004670   0x00000002   Code   RO         3580    i.HAL_FDCAN_TT_ScheduleSyncCallback  stm32h7xx_hal_fdcan.o
    0x08004672   0x08004672   0x00000002   Code   RO         3585    i.HAL_FDCAN_TT_StopWatchCallback  stm32h7xx_hal_fdcan.o
    0x08004674   0x08004674   0x00000002   Code   RO         3586    i.HAL_FDCAN_TT_TimeMarkCallback  stm32h7xx_hal_fdcan.o
    0x08004676   0x08004676   0x00000002   Code   RO         3587    i.HAL_FDCAN_TimeoutOccurredCallback  stm32h7xx_hal_fdcan.o
    0x08004678   0x08004678   0x00000002   Code   RO         3588    i.HAL_FDCAN_TimestampWraparoundCallback  stm32h7xx_hal_fdcan.o
    0x0800467a   0x0800467a   0x00000002   Code   RO         3589    i.HAL_FDCAN_TxBufferAbortCallback  stm32h7xx_hal_fdcan.o
    0x0800467c   0x0800467c   0x00000002   Code   RO         3590    i.HAL_FDCAN_TxBufferCompleteCallback  stm32h7xx_hal_fdcan.o
    0x0800467e   0x0800467e   0x00000002   Code   RO         3591    i.HAL_FDCAN_TxEventFifoCallback  stm32h7xx_hal_fdcan.o
    0x08004680   0x08004680   0x00000002   Code   RO         3592    i.HAL_FDCAN_TxFifoEmptyCallback  stm32h7xx_hal_fdcan.o
    0x08004682   0x08004682   0x00000002   PAD
    0x08004684   0x08004684   0x000001fc   Code   RO         1739    i.HAL_GPIO_Init     stm32h7xx_hal_gpio.o
    0x08004880   0x08004880   0x0000000c   Code   RO         1743    i.HAL_GPIO_WritePin  stm32h7xx_hal_gpio.o
    0x0800488c   0x0800488c   0x0000000c   Code   RO         2611    i.HAL_GetREVID      stm32h7xx_hal.o
    0x08004898   0x08004898   0x0000000c   Code   RO         2612    i.HAL_GetTick       stm32h7xx_hal.o
    0x080048a4   0x080048a4   0x00000018   Code   RO         2618    i.HAL_IncTick       stm32h7xx_hal.o
    0x080048bc   0x080048bc   0x00000060   Code   RO         2619    i.HAL_Init          stm32h7xx_hal.o
    0x0800491c   0x0800491c   0x000000a0   Code   RO          846    i.HAL_InitTick      stm32h7xx_hal_timebase_tim.o
    0x080049bc   0x080049bc   0x00000030   Code   RO          822    i.HAL_MspInit       stm32h7xx_hal_msp.o
    0x080049ec   0x080049ec   0x00000028   Code   RO         1034    i.HAL_NVIC_EnableIRQ  stm32h7xx_hal_cortex.o
    0x08004a14   0x08004a14   0x0000007a   Code   RO         1040    i.HAL_NVIC_SetPriority  stm32h7xx_hal_cortex.o
    0x08004a8e   0x08004a8e   0x00000002   PAD
    0x08004a90   0x08004a90   0x00000028   Code   RO         1041    i.HAL_NVIC_SetPriorityGrouping  stm32h7xx_hal_cortex.o
    0x08004ab8   0x08004ab8   0x00000060   Code   RO         2340    i.HAL_PWREx_ConfigSupply  stm32h7xx_hal_pwr_ex.o
    0x08004b18   0x08004b18   0x00000024   Code   RO         1290    i.HAL_RCCEx_GetD3PCLK1Freq  stm32h7xx_hal_rcc_ex.o
    0x08004b3c   0x08004b3c   0x00000230   Code   RO         1292    i.HAL_RCCEx_GetPLL2ClockFreq  stm32h7xx_hal_rcc_ex.o
    0x08004d6c   0x08004d6c   0x00000230   Code   RO         1293    i.HAL_RCCEx_GetPLL3ClockFreq  stm32h7xx_hal_rcc_ex.o
    0x08004f9c   0x08004f9c   0x00000b64   Code   RO         1299    i.HAL_RCCEx_PeriphCLKConfig  stm32h7xx_hal_rcc_ex.o
    0x08005b00   0x08005b00   0x00000320   Code   RO         1175    i.HAL_RCC_ClockConfig  stm32h7xx_hal_rcc.o
    0x08005e20   0x08005e20   0x0000006c   Code   RO         1179    i.HAL_RCC_GetClockConfig  stm32h7xx_hal_rcc.o
    0x08005e8c   0x08005e8c   0x0000004c   Code   RO         1180    i.HAL_RCC_GetHCLKFreq  stm32h7xx_hal_rcc.o
    0x08005ed8   0x08005ed8   0x00000024   Code   RO         1182    i.HAL_RCC_GetPCLK1Freq  stm32h7xx_hal_rcc.o
    0x08005efc   0x08005efc   0x00000024   Code   RO         1183    i.HAL_RCC_GetPCLK2Freq  stm32h7xx_hal_rcc.o
    0x08005f20   0x08005f20   0x0000022c   Code   RO         1184    i.HAL_RCC_GetSysClockFreq  stm32h7xx_hal_rcc.o
    0x0800614c   0x0800614c   0x00000800   Code   RO         1187    i.HAL_RCC_OscConfig  stm32h7xx_hal_rcc.o
    0x0800694c   0x0800694c   0x00000180   Code   RO         4122    i.HAL_SPI_Init      stm32h7xx_hal_spi.o
    0x08006acc   0x08006acc   0x000000b8   Code   RO          545    i.HAL_SPI_MspInit   spi.o
    0x08006b84   0x08006b84   0x00000406   Code   RO         4131    i.HAL_SPI_TransmitReceive  stm32h7xx_hal_spi.o
    0x08006f8a   0x08006f8a   0x00000002   Code   RO         5166    i.HAL_TIMEx_Break2Callback  stm32h7xx_hal_tim_ex.o
    0x08006f8c   0x08006f8c   0x00000002   Code   RO         5167    i.HAL_TIMEx_BreakCallback  stm32h7xx_hal_tim_ex.o
    0x08006f8e   0x08006f8e   0x00000002   Code   RO         5168    i.HAL_TIMEx_CommutCallback  stm32h7xx_hal_tim_ex.o
    0x08006f90   0x08006f90   0x000000b4   Code   RO         5170    i.HAL_TIMEx_ConfigBreakDeadTime  stm32h7xx_hal_tim_ex.o
    0x08007044   0x08007044   0x000000cc   Code   RO         5188    i.HAL_TIMEx_MasterConfigSynchronization  stm32h7xx_hal_tim_ex.o
    0x08007110   0x08007110   0x0000006e   Code   RO         4441    i.HAL_TIM_Base_Init  stm32h7xx_hal_tim.o
    0x0800717e   0x0800717e   0x00000002   PAD
    0x08007180   0x08007180   0x00000128   Code   RO          587    i.HAL_TIM_Base_MspInit  tim.o
    0x080072a8   0x080072a8   0x000000b4   Code   RO         4446    i.HAL_TIM_Base_Start_IT  stm32h7xx_hal_tim.o
    0x0800735c   0x0800735c   0x0000003e   Code   RO         4449    i.HAL_TIM_Base_Stop_IT  stm32h7xx_hal_tim.o
    0x0800739a   0x0800739a   0x00000002   PAD
    0x0800739c   0x0800739c   0x00000134   Code   RO         4450    i.HAL_TIM_ConfigClockSource  stm32h7xx_hal_tim.o
    0x080074d0   0x080074d0   0x00000002   Code   RO         4475    i.HAL_TIM_IC_CaptureCallback  stm32h7xx_hal_tim.o
    0x080074d2   0x080074d2   0x000001b8   Code   RO         4489    i.HAL_TIM_IRQHandler  stm32h7xx_hal_tim.o
    0x0800768a   0x0800768a   0x00000002   PAD
    0x0800768c   0x0800768c   0x00000060   Code   RO          588    i.HAL_TIM_MspPostInit  tim.o
    0x080076ec   0x080076ec   0x00000002   Code   RO         4492    i.HAL_TIM_OC_DelayElapsedCallback  stm32h7xx_hal_tim.o
    0x080076ee   0x080076ee   0x00000170   Code   RO         4513    i.HAL_TIM_PWM_ConfigChannel  stm32h7xx_hal_tim.o
    0x0800785e   0x0800785e   0x0000006e   Code   RO         4516    i.HAL_TIM_PWM_Init  stm32h7xx_hal_tim.o
    0x080078cc   0x080078cc   0x00000002   Code   RO         4518    i.HAL_TIM_PWM_MspInit  stm32h7xx_hal_tim.o
    0x080078ce   0x080078ce   0x00000002   Code   RO         4519    i.HAL_TIM_PWM_PulseFinishedCallback  stm32h7xx_hal_tim.o
    0x080078d0   0x080078d0   0x00000110   Code   RO           16    i.HAL_TIM_PeriodElapsedCallback  main.o
    0x080079e0   0x080079e0   0x00000002   Code   RO         4532    i.HAL_TIM_TriggerCallback  stm32h7xx_hal_tim.o
    0x080079e2   0x080079e2   0x0000004e   Code   RO         5882    i.HAL_UARTEx_DisableFifoMode  stm32h7xx_hal_uart_ex.o
    0x08007a30   0x08007a30   0x00000002   Code   RO         5466    i.HAL_UARTEx_RxEventCallback  stm32h7xx_hal_uart.o
    0x08007a32   0x08007a32   0x00000002   Code   RO         5889    i.HAL_UARTEx_RxFifoFullCallback  stm32h7xx_hal_uart_ex.o
    0x08007a34   0x08007a34   0x0000005e   Code   RO         5890    i.HAL_UARTEx_SetRxFifoThreshold  stm32h7xx_hal_uart_ex.o
    0x08007a92   0x08007a92   0x0000005e   Code   RO         5891    i.HAL_UARTEx_SetTxFifoThreshold  stm32h7xx_hal_uart_ex.o
    0x08007af0   0x08007af0   0x00000002   Code   RO         5893    i.HAL_UARTEx_TxFifoEmptyCallback  stm32h7xx_hal_uart_ex.o
    0x08007af2   0x08007af2   0x00000002   Code   RO         5894    i.HAL_UARTEx_WakeupCallback  stm32h7xx_hal_uart_ex.o
    0x08007af4   0x08007af4   0x00000002   Code   RO         5482    i.HAL_UART_ErrorCallback  stm32h7xx_hal_uart.o
    0x08007af6   0x08007af6   0x00000002   PAD
    0x08007af8   0x08007af8   0x00000458   Code   RO         5485    i.HAL_UART_IRQHandler  stm32h7xx_hal_uart.o
    0x08007f50   0x08007f50   0x00000078   Code   RO         5486    i.HAL_UART_Init     stm32h7xx_hal_uart.o
    0x08007fc8   0x08007fc8   0x0000017c   Code   RO          647    i.HAL_UART_MspInit  usart.o
    0x08008144   0x08008144   0x00000074   Code   RO         5490    i.HAL_UART_Receive_DMA  stm32h7xx_hal_uart.o
    0x080081b8   0x080081b8   0x00000074   Code   RO         5491    i.HAL_UART_Receive_IT  stm32h7xx_hal_uart.o
    0x0800822c   0x0800822c   0x00000002   Code   RO         5493    i.HAL_UART_RxCpltCallback  stm32h7xx_hal_uart.o
    0x0800822e   0x0800822e   0x00000002   Code   RO         5494    i.HAL_UART_RxHalfCpltCallback  stm32h7xx_hal_uart.o
    0x08008230   0x08008230   0x000000d6   Code   RO         5495    i.HAL_UART_Transmit  stm32h7xx_hal_uart.o
    0x08008306   0x08008306   0x00000002   Code   RO         5498    i.HAL_UART_TxCpltCallback  stm32h7xx_hal_uart.o
    0x08008308   0x08008308   0x00000044   Code   RO         8350    i.Handle_Init       nrf.o
    0x0800834c   0x0800834c   0x00000004   Code   RO          700    i.HardFault_Handler  stm32h7xx_it.o
    0x08008350   0x08008350   0x00000044   Code   RO          471    i.MX_DMA_Init       dma.o
    0x08008394   0x08008394   0x00000080   Code   RO          497    i.MX_FDCAN1_Init    fdcan.o
    0x08008414   0x08008414   0x00000080   Code   RO          498    i.MX_FDCAN2_Init    fdcan.o
    0x08008494   0x08008494   0x00000054   Code   RO          368    i.MX_FREERTOS_Init  freertos.o
    0x080084e8   0x080084e8   0x00000148   Code   RO          344    i.MX_GPIO_Init      gpio.o
    0x08008630   0x08008630   0x00000060   Code   RO          546    i.MX_SPI1_Init      spi.o
    0x08008690   0x08008690   0x0000004c   Code   RO          589    i.MX_TIM6_Init      tim.o
    0x080086dc   0x080086dc   0x0000004c   Code   RO          590    i.MX_TIM7_Init      tim.o
    0x08008728   0x08008728   0x000000e8   Code   RO          591    i.MX_TIM8_Init      tim.o
    0x08008810   0x08008810   0x0000006c   Code   RO          648    i.MX_UART8_Init     usart.o
    0x0800887c   0x0800887c   0x0000006c   Code   RO          649    i.MX_USART3_UART_Init  usart.o
    0x080088e8   0x080088e8   0x00000004   Code   RO          701    i.MemManage_Handler  stm32h7xx_it.o
    0x080088ec   0x080088ec   0x00000004   Code   RO          702    i.NMI_Handler       stm32h7xx_it.o
    0x080088f0   0x080088f0   0x000000e8   Code   RO         7897    i.NMTCmd            elmo_fdcan.o
    0x080089d8   0x080089d8   0x0000005c   Code   RO         8351    i.NRF24L01_Check    nrf.o
    0x08008a34   0x08008a34   0x0000006c   Code   RO         8352    i.NRF24L01_RX_Mode  nrf.o
    0x08008aa0   0x08008aa0   0x0000004c   Code   RO         8353    i.NRF24L01_Read_Buf  nrf.o
    0x08008aec   0x08008aec   0x00000034   Code   RO         8354    i.NRF24L01_Read_Reg  nrf.o
    0x08008b20   0x08008b20   0x00000048   Code   RO         8355    i.NRF24L01_RxPacket  nrf.o
    0x08008b68   0x08008b68   0x0000004c   Code   RO         8358    i.NRF24L01_Write_Buf  nrf.o
    0x08008bb4   0x08008bb4   0x0000003c   Code   RO         8359    i.NRF24L01_Write_Reg  nrf.o
    0x08008bf0   0x08008bf0   0x000000ee   Code   RO         8147    i.Pid_Run           resolve.o
    0x08008cde   0x08008cde   0x00000012   Code   RO         7900    i.Queue_Can_Update  elmo_fdcan.o
    0x08008cf0   0x08008cf0   0x00000164   Code   RO         1302    i.RCCEx_PLL2_Config  stm32h7xx_hal_rcc_ex.o
    0x08008e54   0x08008e54   0x00000164   Code   RO         1303    i.RCCEx_PLL3_Config  stm32h7xx_hal_rcc_ex.o
    0x08008fb8   0x08008fb8   0x0000018c   Code   RO         7901    i.RPDO2_Cmd_data    elmo_fdcan.o
    0x08009144   0x08009144   0x00000120   Code   RO         7902    i.RPDO2_Cmd_string  elmo_fdcan.o
    0x08009264   0x08009264   0x00000184   Code   RO         7903    i.RSDO              elmo_fdcan.o
    0x080093e8   0x080093e8   0x0000000c   Code   RO         8091    i.Read_Button       my_robot.o
    0x080093f4   0x080093f4   0x00000014   Code   RO         8092    i.Read_Rocker       my_robot.o
    0x08009408   0x08009408   0x0000043a   Code   RO          369    i.RobotTask         freertos.o
    0x08009842   0x08009842   0x000000d6   Code   RO         4141    i.SPI_CloseTransfer  stm32h7xx_hal_spi.o
    0x08009918   0x08009918   0x0000001a   Code   RO         4152    i.SPI_GetPacketSize  stm32h7xx_hal_spi.o
    0x08009932   0x08009932   0x00000020   Code   RO         8360    i.SPI_ReadWriteByte  nrf.o
    0x08009952   0x08009952   0x00000032   Code   RO         8361    i.SPI_SetSpeed      nrf.o
    0x08009984   0x08009984   0x00000040   Code   RO         4159    i.SPI_WaitOnFlagUntilTimeout  stm32h7xx_hal_spi.o
    0x080099c4   0x080099c4   0x00000048   Code   RO         7904    i.Self_test         elmo_fdcan.o
    0x08009a0c   0x08009a0c   0x000004fc   Code   RO         8148    i.Set_Pos           resolve.o
    0x08009f08   0x08009f08   0x000000d8   Code   RO          370    i.StartDefaultTask  freertos.o
    0x08009fe0   0x08009fe0   0x00000016   Code   RO         7154    i.SysTick_Handler   cmsis_os2.o
    0x08009ff6   0x08009ff6   0x00000002   PAD
    0x08009ff8   0x08009ff8   0x000000e4   Code   RO           17    i.SystemClock_Config  main.o
    0x0800a0dc   0x0800a0dc   0x000000fc   Code   RO          992    i.SystemInit        system_stm32h7xx.o
    0x0800a1d8   0x0800a1d8   0x00000010   Code   RO          703    i.TIM6_DAC_IRQHandler  stm32h7xx_it.o
    0x0800a1e8   0x0800a1e8   0x00000010   Code   RO          704    i.TIM7_IRQHandler   stm32h7xx_it.o
    0x0800a1f8   0x0800a1f8   0x00000010   Code   RO          705    i.TIM8_BRK_TIM12_IRQHandler  stm32h7xx_it.o
    0x0800a208   0x0800a208   0x00000018   Code   RO          706    i.TIM8_TRG_COM_TIM14_IRQHandler  stm32h7xx_it.o
    0x0800a220   0x0800a220   0x00000010   Code   RO          707    i.TIM8_UP_TIM13_IRQHandler  stm32h7xx_it.o
    0x0800a230   0x0800a230   0x000000cc   Code   RO         4534    i.TIM_Base_SetConfig  stm32h7xx_hal_tim.o
    0x0800a2fc   0x0800a2fc   0x00000016   Code   RO         4545    i.TIM_ETR_SetConfig  stm32h7xx_hal_tim.o
    0x0800a312   0x0800a312   0x00000002   PAD
    0x0800a314   0x0800a314   0x00000018   Code   RO         4546    i.TIM_ITRx_SetConfig  stm32h7xx_hal_tim.o
    0x0800a32c   0x0800a32c   0x000000ac   Code   RO         4547    i.TIM_OC1_SetConfig  stm32h7xx_hal_tim.o
    0x0800a3d8   0x0800a3d8   0x000000b4   Code   RO         4548    i.TIM_OC2_SetConfig  stm32h7xx_hal_tim.o
    0x0800a48c   0x0800a48c   0x000000b4   Code   RO         4549    i.TIM_OC3_SetConfig  stm32h7xx_hal_tim.o
    0x0800a540   0x0800a540   0x00000074   Code   RO         4550    i.TIM_OC4_SetConfig  stm32h7xx_hal_tim.o
    0x0800a5b4   0x0800a5b4   0x00000070   Code   RO         4551    i.TIM_OC5_SetConfig  stm32h7xx_hal_tim.o
    0x0800a624   0x0800a624   0x00000070   Code   RO         4552    i.TIM_OC6_SetConfig  stm32h7xx_hal_tim.o
    0x0800a694   0x0800a694   0x00000026   Code   RO         4554    i.TIM_TI1_ConfigInputStage  stm32h7xx_hal_tim.o
    0x0800a6ba   0x0800a6ba   0x00000028   Code   RO         4556    i.TIM_TI2_ConfigInputStage  stm32h7xx_hal_tim.o
    0x0800a6e2   0x0800a6e2   0x00000002   PAD
    0x0800a6e4   0x0800a6e4   0x00000010   Code   RO          708    i.UART8_IRQHandler  stm32h7xx_it.o
    0x0800a6f4   0x0800a6f4   0x00000058   Code   RO         5895    i.UARTEx_SetNbDataToProcess  stm32h7xx_hal_uart_ex.o
    0x0800a74c   0x0800a74c   0x000000f8   Code   RO         5500    i.UART_AdvFeatureConfig  stm32h7xx_hal_uart.o
    0x0800a844   0x0800a844   0x00000076   Code   RO         5501    i.UART_CheckIdleState  stm32h7xx_hal_uart.o
    0x0800a8ba   0x0800a8ba   0x00000018   Code   RO         5502    i.UART_DMAAbortOnError  stm32h7xx_hal_uart.o
    0x0800a8d2   0x0800a8d2   0x0000005e   Code   RO         5503    i.UART_DMAError     stm32h7xx_hal_uart.o
    0x0800a930   0x0800a930   0x000000aa   Code   RO         5504    i.UART_DMAReceiveCplt  stm32h7xx_hal_uart.o
    0x0800a9da   0x0800a9da   0x00000022   Code   RO         5506    i.UART_DMARxHalfCplt  stm32h7xx_hal_uart.o
    0x0800a9fc   0x0800a9fc   0x0000006c   Code   RO         5512    i.UART_EndRxTransfer  stm32h7xx_hal_uart.o
    0x0800aa68   0x0800aa68   0x00000030   Code   RO         5513    i.UART_EndTransmit_IT  stm32h7xx_hal_uart.o
    0x0800aa98   0x0800aa98   0x00000040   Code   RO         5514    i.UART_EndTxTransfer  stm32h7xx_hal_uart.o
    0x0800aad8   0x0800aad8   0x000000d2   Code   RO         5515    i.UART_RxISR_16BIT  stm32h7xx_hal_uart.o
    0x0800abaa   0x0800abaa   0x00000002   PAD
    0x0800abac   0x0800abac   0x000001c8   Code   RO         5516    i.UART_RxISR_16BIT_FIFOEN  stm32h7xx_hal_uart.o
    0x0800ad74   0x0800ad74   0x000000ce   Code   RO         5517    i.UART_RxISR_8BIT   stm32h7xx_hal_uart.o
    0x0800ae42   0x0800ae42   0x00000002   PAD
    0x0800ae44   0x0800ae44   0x000001c8   Code   RO         5518    i.UART_RxISR_8BIT_FIFOEN  stm32h7xx_hal_uart.o
    0x0800b00c   0x0800b00c   0x0000058c   Code   RO         5519    i.UART_SetConfig    stm32h7xx_hal_uart.o
    0x0800b598   0x0800b598   0x000000d4   Code   RO         5520    i.UART_Start_Receive_DMA  stm32h7xx_hal_uart.o
    0x0800b66c   0x0800b66c   0x00000170   Code   RO         5521    i.UART_Start_Receive_IT  stm32h7xx_hal_uart.o
    0x0800b7dc   0x0800b7dc   0x000000fe   Code   RO         5526    i.UART_WaitOnFlagUntilTimeout  stm32h7xx_hal_uart.o
    0x0800b8da   0x0800b8da   0x00000002   PAD
    0x0800b8dc   0x0800b8dc   0x00000010   Code   RO          709    i.USART3_IRQHandler  stm32h7xx_it.o
    0x0800b8ec   0x0800b8ec   0x00000004   Code   RO          710    i.UsageFault_Handler  stm32h7xx_it.o
    0x0800b8f0   0x0800b8f0   0x00000040   Code   RO         7905    i.Variate_init      elmo_fdcan.o
    0x0800b930   0x0800b930   0x00000020   Code   RO         7906    i.Variate_init_QUEUE_CAN_IDx  elmo_fdcan.o
    0x0800b950   0x0800b950   0x00000030   Code   RO         9028    i.__ARM_fpclassify  m_wv.l(fpclassify.o)
    0x0800b980   0x0800b980   0x00000026   Code   RO         9030    i.__ARM_fpclassifyf  m_wv.l(fpclassifyf.o)
    0x0800b9a6   0x0800b9a6   0x00000002   PAD
    0x0800b9a8   0x0800b9a8   0x00000010   Code   RO         1047    i.__NVIC_GetPriorityGrouping  stm32h7xx_hal_cortex.o
    0x0800b9b8   0x0800b9b8   0x00000028   Code   RO         1048    i.__NVIC_SetPriority  stm32h7xx_hal_cortex.o
    0x0800b9e0   0x0800b9e0   0x00000006   Code   RO         7156    i.__get_IPSR        cmsis_os2.o
    0x0800b9e6   0x0800b9e6   0x00000002   PAD
    0x0800b9e8   0x0800b9e8   0x000002b4   Code   RO         8832    i.__hardfp_atan2f   m_wv.l(atan2f.o)
    0x0800bc9c   0x0800bc9c   0x00000150   Code   RO         8844    i.__hardfp_cosf     m_wv.l(cosf.o)
    0x0800bdec   0x0800bdec   0x00000004   PAD
    0x0800bdf0   0x0800bdf0   0x000008f8   Code   RO         8870    i.__hardfp_pow      m_wv.l(pow.o)
    0x0800c6e8   0x0800c6e8   0x00000194   Code   RO         8884    i.__hardfp_sinf     m_wv.l(sinf.o)
    0x0800c87c   0x0800c87c   0x00000066   Code   RO         8896    i.__hardfp_sqrt     m_wv.l(sqrt.o)
    0x0800c8e2   0x0800c8e2   0x0000003a   Code   RO         8908    i.__hardfp_sqrtf    m_wv.l(sqrtf.o)
    0x0800c91c   0x0800c91c   0x00000070   Code   RO         9046    i.__kernel_poly     m_wv.l(poly.o)
    0x0800c98c   0x0800c98c   0x00000004   PAD
    0x0800c990   0x0800c990   0x00000020   Code   RO         9008    i.__mathlib_dbl_divzero  m_wv.l(dunder.o)
    0x0800c9b0   0x0800c9b0   0x00000006   Code   RO         9010    i.__mathlib_dbl_infnan2  m_wv.l(dunder.o)
    0x0800c9b6   0x0800c9b6   0x00000002   PAD
    0x0800c9b8   0x0800c9b8   0x00000018   Code   RO         9011    i.__mathlib_dbl_invalid  m_wv.l(dunder.o)
    0x0800c9d0   0x0800c9d0   0x00000018   Code   RO         9012    i.__mathlib_dbl_overflow  m_wv.l(dunder.o)
    0x0800c9e8   0x0800c9e8   0x00000018   Code   RO         9014    i.__mathlib_dbl_underflow  m_wv.l(dunder.o)
    0x0800ca00   0x0800ca00   0x00000006   Code   RO         9033    i.__mathlib_flt_infnan  m_wv.l(funder.o)
    0x0800ca06   0x0800ca06   0x00000006   Code   RO         9034    i.__mathlib_flt_infnan2  m_wv.l(funder.o)
    0x0800ca0c   0x0800ca0c   0x00000010   Code   RO         9035    i.__mathlib_flt_invalid  m_wv.l(funder.o)
    0x0800ca1c   0x0800ca1c   0x00000010   Code   RO         9038    i.__mathlib_flt_underflow  m_wv.l(funder.o)
    0x0800ca2c   0x0800ca2c   0x00000154   Code   RO         9049    i.__mathlib_rredf2  m_wv.l(rredf.o)
    0x0800cb80   0x0800cb80   0x000000f8   Code   RO           18    i.acceration_limit  main.o
    0x0800cc78   0x0800cc78   0x00000080   Code   RO         8443    i.add_barrier       move.o
    0x0800ccf8   0x0800ccf8   0x00000108   Code   RO          371    i.add_mission       freertos.o
    0x0800ce00   0x0800ce00   0x00000610   Code   RO         8198    i.auto_drive_longdistance  user_task.o
    0x0800d410   0x0800d410   0x00000134   Code   RO         8199    i.auto_drive_shortdistance  user_task.o
    0x0800d544   0x0800d544   0x000002ac   Code   RO         8200    i.auto_pick_up      user_task.o
    0x0800d7f0   0x0800d7f0   0x0000027c   Code   RO         8201    i.auto_place        user_task.o
    0x0800da6c   0x0800da6c   0x00000018   Code   RO         8202    i.auto_turn         user_task.o
    0x0800da84   0x0800da84   0x00000006   Code   RO         8203    i.catapult_activate  user_task.o
    0x0800da8a   0x0800da8a   0x00000002   PAD
    0x0800da8c   0x0800da8c   0x0000007c   Code   RO         8448    i.check_dead_barrier  move.o
    0x0800db08   0x0800db08   0x00000100   Code   RO         8449    i.coordinate_transform  move.o
    0x0800dc08   0x0800dc08   0x00000188   Code   RO         8452    i.evaluate_place_pos  move.o
    0x0800dd90   0x0800dd90   0x00000154   Code   RO           19    i.executive_auto_move  main.o
    0x0800dee4   0x0800dee4   0x00000018   Code   RO         9024    i.fabs              m_wv.l(fabs.o)
    0x0800defc   0x0800defc   0x00000020   Code   RO         8453    i.find_barrier      move.o
    0x0800df1c   0x0800df1c   0x00000060   Code   RO         8204    i.grab_pos_set      user_task.o
    0x0800df7c   0x0800df7c   0x0000001c   Code   RO         8588    i.hmi_init          hmi.o
    0x0800df98   0x0800df98   0x00000050   Code   RO         8205    i.hook_grasp        user_task.o
    0x0800dfe8   0x0800dfe8   0x00000050   Code   RO         8206    i.hook_release      user_task.o
    0x0800e038   0x0800e038   0x00000068   Code   RO         8093    i.instruction_refresh  my_robot.o
    0x0800e0a0   0x0800e0a0   0x000000d0   Code   RO          372    i.load_status       freertos.o
    0x0800e170   0x0800e170   0x00000110   Code   RO           20    i.main              main.o
    0x0800e280   0x0800e280   0x000002a8   Code   RO          373    i.manual_move       freertos.o
    0x0800e528   0x0800e528   0x0000001e   Code   RO         7157    i.osDelay           cmsis_os2.o
    0x0800e546   0x0800e546   0x00000002   PAD
    0x0800e548   0x0800e548   0x0000002c   Code   RO         7171    i.osKernelInitialize  cmsis_os2.o
    0x0800e574   0x0800e574   0x00000060   Code   RO         7174    i.osKernelStart     cmsis_os2.o
    0x0800e5d4   0x0800e5d4   0x000000b8   Code   RO         7216    i.osThreadNew       cmsis_os2.o
    0x0800e68c   0x0800e68c   0x0000020c   Code   RO         8207    i.pick_up           user_task.o
    0x0800e898   0x0800e898   0x00000078   Code   RO         8208    i.pick_up_activator_pos_set  user_task.o
    0x0800e910   0x0800e910   0x00000080   Code   RO         8209    i.place_block       user_task.o
    0x0800e990   0x0800e990   0x00000150   Code   RO         8210    i.pos_regulator_pos_set  user_task.o
    0x0800eae0   0x0800eae0   0x00000dbc   Code   RO         8456    i.pre_plan          move.o
    0x0800f89c   0x0800f89c   0x0000007c   Code   RO         6580    i.prvAddCurrentTaskToDelayedList  tasks.o
    0x0800f918   0x0800f918   0x000000b8   Code   RO         6581    i.prvAddNewTaskToReadyList  tasks.o
    0x0800f9d0   0x0800f9d0   0x00000074   Code   RO         6967    i.prvCheckForValidListAndQueue  timers.o
    0x0800fa44   0x0800fa44   0x00000048   Code   RO         6582    i.prvCheckTasksWaitingTermination  tasks.o
    0x0800fa8c   0x0800fa8c   0x0000002a   Code   RO         6167    i.prvCopyDataFromQueue  queue.o
    0x0800fab6   0x0800fab6   0x0000007e   Code   RO         6168    i.prvCopyDataToQueue  queue.o
    0x0800fb34   0x0800fb34   0x00000050   Code   RO         6583    i.prvDeleteTCB      tasks.o
    0x0800fb84   0x0800fb84   0x00000028   Code   RO         6968    i.prvGetNextExpireTime  timers.o
    0x0800fbac   0x0800fbac   0x0000007c   Code   RO         7684    i.prvHeapInit       heap_4_1.o
    0x0800fc28   0x0800fc28   0x00000028   Code   RO         6584    i.prvIdleTask       tasks.o
    0x0800fc50   0x0800fc50   0x0000002a   Code   RO         6171    i.prvInitialiseNewQueue  queue.o
    0x0800fc7a   0x0800fc7a   0x000000be   Code   RO         6585    i.prvInitialiseNewTask  tasks.o
    0x0800fd38   0x0800fd38   0x00000068   Code   RO         6586    i.prvInitialiseTaskLists  tasks.o
    0x0800fda0   0x0800fda0   0x00000068   Code   RO         7685    i.prvInsertBlockIntoFreeList  heap_4_1.o
    0x0800fe08   0x0800fe08   0x00000058   Code   RO         6970    i.prvInsertTimerInActiveList  timers.o
    0x0800fe60   0x0800fe60   0x0000001a   Code   RO         6172    i.prvIsQueueEmpty   queue.o
    0x0800fe7a   0x0800fe7a   0x0000001e   Code   RO         6173    i.prvIsQueueFull    queue.o
    0x0800fe98   0x0800fe98   0x00000074   Code   RO         6971    i.prvProcessExpiredTimer  timers.o
    0x0800ff0c   0x0800ff0c   0x00000164   Code   RO         6972    i.prvProcessReceivedCommands  timers.o
    0x08010070   0x08010070   0x00000074   Code   RO         6973    i.prvProcessTimerOrBlockTask  timers.o
    0x080100e4   0x080100e4   0x00000034   Code   RO         6588    i.prvResetNextTaskUnblockTime  tasks.o
    0x08010118   0x08010118   0x0000002c   Code   RO         6974    i.prvSampleTimeNow  timers.o
    0x08010144   0x08010144   0x000000b0   Code   RO         6589    i.prvSearchForNameWithinSingleList  tasks.o
    0x080101f4   0x080101f4   0x000000a4   Code   RO         6975    i.prvSwitchTimerLists  timers.o
    0x08010298   0x08010298   0x00000040   Code   RO         7740    i.prvTaskExitError  port.o
    0x080102d8   0x080102d8   0x00000058   Code   RO         6591    i.prvTaskIsTaskSuspended  tasks.o
    0x08010330   0x08010330   0x0000001a   Code   RO         6976    i.prvTimerTask      timers.o
    0x0801034a   0x0801034a   0x0000007e   Code   RO         6174    i.prvUnlockQueue    queue.o
    0x080103c8   0x080103c8   0x0000014c   Code   RO         7686    i.pvPortMalloc      heap_4_1.o
    0x08010514   0x08010514   0x0000002c   Code   RO         7741    i.pxPortInitialiseStack  port.o
    0x08010540   0x08010540   0x00000110   Code   RO         8095    i.read_keys         my_robot.o
    0x08010650   0x08010650   0x0000004c   Code   RO         8457    i.remove_barrier    move.o
    0x0801069c   0x0801069c   0x00000028   Code   RO           21    i.send_init_msg     main.o
    0x080106c4   0x080106c4   0x0000003e   Code   RO           22    i.send_log          main.o
    0x08010702   0x08010702   0x00000002   PAD
    0x08010704   0x08010704   0x00000090   Code   RO           23    i.send_msg          main.o
    0x08010794   0x08010794   0x00000048   Code   RO          375    i.send_msg_synchronal  freertos.o
    0x080107dc   0x080107dc   0x000001a0   Code   RO           24    i.speed_cal         main.o
    0x0801097c   0x0801097c   0x0000006a   Code   RO         8898    i.sqrt              m_wv.l(sqrt.o)
    0x080109e6   0x080109e6   0x00000002   PAD
    0x080109e8   0x080109e8   0x00000070   Code   RO         8211    i.switcher_direction_set  user_task.o
    0x08010a58   0x08010a58   0x00000058   Code   RO          376    i.task_handler      freertos.o
    0x08010ab0   0x08010ab0   0x0000006c   Code   RO         8460    i.update_barrier    move.o
    0x08010b1c   0x08010b1c   0x00000020   Code   RO         8461    i.update_check_point  move.o
    0x08010b3c   0x08010b3c   0x00000490   Code   RO           25    i.update_target_info  main.o
    0x08010fcc   0x08010fcc   0x00000028   Code   RO         6127    i.uxListRemove      list.o
    0x08010ff4   0x08010ff4   0x00000018   Code   RO         7228    i.vApplicationGetIdleTaskMemory  cmsis_os2.o
    0x0801100c   0x0801100c   0x00000018   Code   RO         7229    i.vApplicationGetTimerTaskMemory  cmsis_os2.o
    0x08011024   0x08011024   0x0000001a   Code   RO         6128    i.vListInitialise   list.o
    0x0801103e   0x0801103e   0x00000006   Code   RO         6129    i.vListInitialiseItem  list.o
    0x08011044   0x08011044   0x00000034   Code   RO         6130    i.vListInsert       list.o
    0x08011078   0x08011078   0x00000018   Code   RO         6131    i.vListInsertEnd    list.o
    0x08011090   0x08011090   0x00000054   Code   RO         7743    i.vPortEnterCritical  port.o
    0x080110e4   0x080110e4   0x0000003c   Code   RO         7744    i.vPortExitCritical  port.o
    0x08011120   0x08011120   0x000000a4   Code   RO         7687    i.vPortFree         heap_4_1.o
    0x080111c4   0x080111c4   0x00000028   Code   RO         7745    i.vPortSetupTimerInterrupt  port.o
    0x080111ec   0x080111ec   0x00000078   Code   RO         7746    i.vPortValidateInterruptPriority  port.o
    0x08011264   0x08011264   0x0000002c   Code   RO         6180    i.vQueueAddToRegistry  queue.o
    0x08011290   0x08011290   0x0000004a   Code   RO         6184    i.vQueueWaitForMessageRestricted  queue.o
    0x080112da   0x080112da   0x00000002   PAD
    0x080112dc   0x080112dc   0x0000005c   Code   RO         6602    i.vTaskDelay        tasks.o
    0x08011338   0x08011338   0x000000c8   Code   RO         6604    i.vTaskDelete       tasks.o
    0x08011400   0x08011400   0x00000018   Code   RO         6607    i.vTaskInternalSetTimeOutState  tasks.o
    0x08011418   0x08011418   0x0000000c   Code   RO         6608    i.vTaskMissedYield  tasks.o
    0x08011424   0x08011424   0x00000038   Code   RO         6610    i.vTaskPlaceOnEventList  tasks.o
    0x0801145c   0x0801145c   0x00000040   Code   RO         6611    i.vTaskPlaceOnEventListRestricted  tasks.o
    0x0801149c   0x0801149c   0x00000090   Code   RO         6616    i.vTaskResume       tasks.o
    0x0801152c   0x0801152c   0x000000b8   Code   RO         6619    i.vTaskStartScheduler  tasks.o
    0x080115e4   0x080115e4   0x000000c8   Code   RO         6620    i.vTaskSuspend      tasks.o
    0x080116ac   0x080116ac   0x00000010   Code   RO         6621    i.vTaskSuspendAll   tasks.o
    0x080116bc   0x080116bc   0x00000090   Code   RO         6622    i.vTaskSwitchContext  tasks.o
    0x0801174c   0x0801174c   0x00000168   Code   RO         7747    i.xPortStartScheduler  port.o
    0x080118b4   0x080118b4   0x00000034   Code   RO         7748    i.xPortSysTickHandler  port.o
    0x080118e8   0x080118e8   0x000000e0   Code   RO         6190    i.xQueueGenericCreateStatic  queue.o
    0x080119c8   0x080119c8   0x00000098   Code   RO         6191    i.xQueueGenericReset  queue.o
    0x08011a60   0x08011a60   0x000001a8   Code   RO         6192    i.xQueueGenericSend  queue.o
    0x08011c08   0x08011c08   0x000000fc   Code   RO         6193    i.xQueueGenericSendFromISR  queue.o
    0x08011d04   0x08011d04   0x00000168   Code   RO         6202    i.xQueueReceive     queue.o
    0x08011e6c   0x08011e6c   0x0000008c   Code   RO         6624    i.xTaskCheckForTimeOut  tasks.o
    0x08011ef8   0x08011ef8   0x00000064   Code   RO         6625    i.xTaskCreate       tasks.o
    0x08011f5c   0x08011f5c   0x000000ba   Code   RO         6626    i.xTaskCreateStatic  tasks.o
    0x08012016   0x08012016   0x00000002   PAD
    0x08012018   0x08012018   0x0000000c   Code   RO         6629    i.xTaskGetCurrentTaskHandle  tasks.o
    0x08012024   0x08012024   0x000000a4   Code   RO         6630    i.xTaskGetHandle    tasks.o
    0x080120c8   0x080120c8   0x00000020   Code   RO         6631    i.xTaskGetSchedulerState  tasks.o
    0x080120e8   0x080120e8   0x0000000c   Code   RO         6632    i.xTaskGetTickCount  tasks.o
    0x080120f4   0x080120f4   0x00000144   Code   RO         6634    i.xTaskIncrementTick  tasks.o
    0x08012238   0x08012238   0x000000a4   Code   RO         6637    i.xTaskPriorityDisinherit  tasks.o
    0x080122dc   0x080122dc   0x00000098   Code   RO         6639    i.xTaskRemoveFromEventList  tasks.o
    0x08012374   0x08012374   0x00000104   Code   RO         6640    i.xTaskResumeAll    tasks.o
    0x08012478   0x08012478   0x00000078   Code   RO         6985    i.xTimerCreateTimerTask  timers.o
    0x080124f0   0x080124f0   0x00000084   Code   RO         6986    i.xTimerGenericCommand  timers.o
    0x08012574   0x08012574   0x000000b6   Code   RO          898    i.xtsave            tinn.o
    0x0801262a   0x0801262a   0x00000002   PAD
    0x0801262c   0x0801262c   0x00000010   Code   RO         9096    x$fpl$dcheck1       fz_wv.l(dcheck1.o)
    0x0801263c   0x0801263c   0x0000000a   Code   RO         9098    x$fpl$fpinit        fz_wv.l(fpinit.o)
    0x08012646   0x08012646   0x00000064   Code   RO         9129    x$fpl$retnan        fz_wv.l(retnan.o)
    0x080126aa   0x080126aa   0x0000005c   Code   RO         9005    x$fpl$scalbn        fz_wv.l(scalbn.o)
    0x08012706   0x08012706   0x00000030   Code   RO         9163    x$fpl$trapveneer    fz_wv.l(trapv.o)
    0x08012736   0x08012736   0x00000000   Code   RO         9007    x$fpl$usenofp       fz_wv.l(usenofp.o)
    0x08012736   0x08012736   0x00000002   PAD
    0x08012738   0x08012738   0x0000000c   Data   RO           27    .constdata          main.o
    0x08012744   0x08012744   0x00000070   Data   RO          378    .constdata          freertos.o
    0x080127b4   0x080127b4   0x00000010   Data   RO          993    .constdata          system_stm32h7xx.o
    0x080127c4   0x080127c4   0x00000008   Data   RO         1903    .constdata          stm32h7xx_hal_dma.o
    0x080127cc   0x080127cc   0x0000005c   Data   RO         3593    .constdata          stm32h7xx_hal_fdcan.o
    0x08012828   0x08012828   0x00000018   Data   RO         5527    .constdata          stm32h7xx_hal_uart.o
    0x08012840   0x08012840   0x00000010   Data   RO         5897    .constdata          stm32h7xx_hal_uart_ex.o
    0x08012850   0x08012850   0x00000008   Data   RO         8213    .constdata          user_task.o
    0x08012858   0x08012858   0x0000000a   Data   RO         8362    .constdata          nrf.o
    0x08012862   0x08012862   0x00000006   PAD
    0x08012868   0x08012868   0x00000088   Data   RO         8873    .constdata          m_wv.l(pow.o)
    0x080128f0   0x080128f0   0x00000008   Data   RO         9048    .constdata          m_wv.l(qnan.o)
    0x080128f8   0x080128f8   0x00000020   Data   RO         9050    .constdata          m_wv.l(rredf.o)
    0x08012918   0x08012918   0x0000001e   Data   RO          379    .conststring        freertos.o
    0x08012936   0x08012936   0x00000002   PAD
    0x08012938   0x08012938   0x00000804   Data   RO         8735    .rodata.sinTable_f32  arm_cortexM7lfdp_math.lib(arm_common_tables.o)
    0x0801313c   0x0801313c   0x00000020   Data   RO         9193    Region$$Table       anon$$obj.o


    Execution Region RW_IRAM2 (Exec base: 0x24000000, Load base: 0x0801315c, Size: 0x0007e6a8, Max: 0x00080000, ABSOLUTE, COMPRESSED[0x00000080])

    Exec Addr    Load Addr    Size         Type   Attr      Idx    E Section Name        Object

    0x24000000   COMPRESSED   0x0000004e   Data   RW           28    .data               main.o
    0x2400004e   COMPRESSED   0x00000002   PAD
    0x24000050   COMPRESSED   0x00000020   Data   RW          380    .data               freertos.o
    0x24000070   COMPRESSED   0x00000004   Data   RW          500    .data               fdcan.o
    0x24000074   COMPRESSED   0x00000008   Data   RW          994    .data               system_stm32h7xx.o
    0x2400007c   COMPRESSED   0x00000009   Data   RW         2641    .data               stm32h7xx_hal.o
    0x24000085   COMPRESSED   0x00000003   PAD
    0x24000088   COMPRESSED   0x0000003c   Data   RW         6643    .data               tasks.o
    0x240000c4   COMPRESSED   0x00000014   Data   RW         6994    .data               timers.o
    0x240000d8   COMPRESSED   0x00000004   Data   RW         7231    .data               cmsis_os2.o
    0x240000dc   COMPRESSED   0x00000020   Data   RW         7693    .data               heap_4_1.o
    0x240000fc   COMPRESSED   0x0000000c   Data   RW         7749    .data               port.o
    0x24000108   COMPRESSED   0x0000000c   Data   RW         7909    .data               elmo_fdcan.o
    0x24000114   COMPRESSED   0x00000008   Data   RW         8097    .data               my_robot.o
    0x2400011c   COMPRESSED   0x000000fc   Data   RW         8150    .data               resolve.o
    0x24000218   COMPRESSED   0x00000054   Data   RW         8214    .data               user_task.o
    0x2400026c   COMPRESSED   0x0000000d   Data   RW         8320    .data               remote_control.o
    0x24000279   COMPRESSED   0x00000007   PAD
    0x24000280   COMPRESSED   0x00000028   Data   RW         8463    .data               move.o
    0x240002a8   COMPRESSED   0x00000008   Data   RW         8592    .data               hmi.o
    0x240002b0        -       0x000002ec   Zero   RW           26    .bss                main.o
    0x2400059c        -       0x00000038   Zero   RW          377    .bss                freertos.o
    0x240005d4        -       0x00000140   Zero   RW          499    .bss                fdcan.o
    0x24000714        -       0x00000088   Zero   RW          547    .bss                spi.o
    0x2400079c        -       0x0000015c   Zero   RW          592    .bss                tim.o
    0x240008f8        -       0x00000198   Zero   RW          650    .bss                usart.o
    0x24000a90        -       0x0000004c   Zero   RW          849    .bss                stm32h7xx_hal_timebase_tim.o
    0x24000adc        -       0x00000040   Zero   RW         6206    .bss                queue.o
    0x24000b1c        -       0x000004c4   Zero   RW         6642    .bss                tasks.o
    0x24000fe0        -       0x00000118   Zero   RW         6993    .bss                timers.o
    0x240010f8        -       0x000006b8   Zero   RW         7230    .bss                cmsis_os2.o
    0x240017b0        -       0x0002c000   Zero   RW         7692    .bss                heap_4_1.o
    0x2402d7b0        -       0x00002a94   Zero   RW         7908    .bss                elmo_fdcan.o
    0x24030244        -       0x00000048   Zero   RW         8096    .bss                my_robot.o
    0x2403028c        -       0x00000010   Zero   RW         8149    .bss                resolve.o
    0x2403029c        -       0x00000018   Zero   RW         8212    .bss                user_task.o
    0x240302b4        -       0x00000024   Zero   RW         8319    .bss                remote_control.o
    0x240302d8        -       0x0000d350   Zero   RW         8462    .bss                move.o
    0x2403d628        -       0x0000001c   Zero   RW         8590    .bss                hmi.o
    0x2403d644        -       0x00000060   Zero   RW         9055    .bss                c_w.l(libspace.o)
    0x2403d6a4   COMPRESSED   0x00000004   PAD
    0x2403d6a8        -       0x0003f000   Zero   RW            2    HEAP                startup_stm32h743xx.o
    0x2407c6a8        -       0x00002000   Zero   RW            1    STACK               startup_stm32h743xx.o


==============================================================================

Image component sizes


      Code (inc. data)   RO Data    RW Data    ZI Data      Debug   Object Name

       430         38          0          4       1720      70815   cmsis_os2.o
        68          4          0          0          0        882   dma.o
      2932        322          0         12      10900      13799   elmo_fdcan.o
         0          0          0          0          0      19356   event_groups.o
       616         44          0          4        320       2728   fdcan.o
       446         14          0          0          0       4764   fdcan_bsp.o
      2694        278        142         32         56      47104   freertos.o
       328         20          0          0          0       1195   gpio.o
       724         74          0         32     180224       4955   heap_4_1.o
        28          8          0          8         28       1296   hmi.o
       148          0          0          0          0       3662   list.o
      3448        336         12         78        748    1356744   main.o
      4664        232          0         40      54096      13187   move.o
       408         40          0          8         72       3191   my_robot.o
       686         48         10          0          0       7079   nrf.o
      1014         92          0         12          0      11753   port.o
      1922         20          0          0         64      17440   queue.o
       268         34          0         13         36       1961   remote_control.o
      1550         82          0        252         16       7117   resolve.o
       280         20          0          0        136       1877   spi.o
        64         26        664          0     266240        840   startup_stm32h743xx.o
       184         38          0          9          0      22693   stm32h7xx_hal.o
       258         22          0          0          0      39242   stm32h7xx_hal_cortex.o
      8662        168          8          0          0      13282   stm32h7xx_hal_dma.o
      3610         52         92          0          0      22348   stm32h7xx_hal_fdcan.o
       520         52          0          0          0       2216   stm32h7xx_hal_gpio.o
        48          6          0          0          0        930   stm32h7xx_hal_msp.o
        96          6          0          0          0        769   stm32h7xx_hal_pwr_ex.o
      3660        118          0          0          0       7621   stm32h7xx_hal_rcc.o
      4784        110          0          0          0       7241   stm32h7xx_hal_rcc_ex.o
      1718         12          0          0          0       5573   stm32h7xx_hal_spi.o
      2788        236          0          0          0      17063   stm32h7xx_hal_tim.o
       390         38          0          0          0       4060   stm32h7xx_hal_tim_ex.o
       160         20          0          0         76       1644   stm32h7xx_hal_timebase_tim.o
      6178        204         24          0          0      43698   stm32h7xx_hal_uart.o
       360         10         16          0          0       5518   stm32h7xx_hal_uart_ex.o
       206         68          0          0          0       8287   stm32h7xx_it.o
         0          0          0          0          0        392   stream_buffer.o
       252         40         16          8          0       1398   system_stm32h7xx.o
      3792        456          0         60       1220      33406   tasks.o
       776         68          0          0        348       3964   tim.o
      1318        124          0         20        280      32847   timers.o
       182          0          0          0          0       2001   tinn.o
       596         48          0          0        408       2699   usart.o
      4686        408          8         84         24      15532   user_task.o

    ----------------------------------------------------------------------
     67992       4036       1032        688     517012    1886169   Object Totals
         0          0         32          0          0          0   (incl. Generated)
        50          0          8         12          0          0   (incl. Padding)

    ----------------------------------------------------------------------

      Code (inc. data)   RO Data    RW Data    ZI Data      Debug   Library Member Name

         0          0       2052          0          0       4961   arm_common_tables.o
       144         12          0          0          0       1111   arm_cos_f32.o
       140         12          0          0          0       1098   arm_sin_f32.o
        90          0          0          0          0          0   __dczerorl2.o
         8          0          0          0          0         68   __main.o
         0          0          0          0          0          0   __rtentry.o
        12          0          0          0          0          0   __rtentry2.o
         6          0          0          0          0          0   __rtentry4.o
        52          8          0          0          0          0   __scatter.o
        28          0          0          0          0          0   __scatter_zi.o
        22          0          0          0          0        100   _rserrno.o
        16          0          0          0          0         68   aeabi_memset.o
        10          0          0          0          0         68   defsig_exit.o
        50          0          0          0          0         88   defsig_general.o
        80         58          0          0          0         76   defsig_rtmem_inner.o
        14          0          0          0          0         80   defsig_rtmem_outer.o
        18          0          0          0          0         80   exit.o
        94          0          0          0          0         80   h1_alloc.o
        52          0          0          0          0         68   h1_extend.o
        78          0          0          0          0         80   h1_free.o
        14          0          0          0          0         84   h1_init.o
         6          0          0          0          0        152   heapauxi.o
         4          0          0          0          0        136   hguard.o
         0          0          0          0          0          0   indicate_semi.o
       138          0          0          0          0        168   init_alloc.o
         2          0          0          0          0          0   libinit.o
        14          0          0          0          0          0   libinit2.o
         2          0          0          0          0          0   libshutdown.o
         2          0          0          0          0          0   libshutdown2.o
         8          4          0          0         96         68   libspace.o
       238          0          0          0          0        100   lludivv7m.o
         0          0          0          0          0          0   maybetermalloc1.o
         8          4          0          0          0         68   rt_errno_addr_intlibspace.o
         8          4          0          0          0         68   rt_heap_descriptor_intlibspace.o
        68          0          0          0          0         68   rt_memclr.o
        78          0          0          0          0         80   rt_memclr_w.o
       138          0          0          0          0         68   rt_memcpy_v6.o
       100          0          0          0          0         80   rt_memcpy_w.o
         2          0          0          0          0          0   rtexit.o
        10          0          0          0          0          0   rtexit2.o
        62          0          0          0          0         76   strlen.o
        12          4          0          0          0         68   sys_exit.o
        74          0          0          0          0         80   sys_stackheap_outer.o
        14          0          0          0          0         76   sys_wrch.o
         2          0          0          0          0         68   use_no_semi.o
        16          4          0          0          0        116   dcheck1.o
        10          0          0          0          0        116   fpinit.o
       100          0          0          0          0        116   retnan.o
        92          0          0          0          0        116   scalbn.o
        48          0          0          0          0        116   trapv.o
         0          0          0          0          0          0   usenofp.o
       692         98          0          0          0        208   atan2f.o
       336         60          0          0          0        136   cosf.o
       110         60          0          0          0        580   dunder.o
        24          0          0          0          0        124   fabs.o
        48          0          0          0          0        124   fpclassify.o
        38          0          0          0          0        116   fpclassifyf.o
        44         12          0          0          0        464   funder.o
       112          0          0          0          0        116   poly.o
      2296        304        136          0          0        320   pow.o
         0          0          8          0          0          0   qnan.o
       340         24         32          0          0        160   rredf.o
       404         60          0          0          0        212   sinf.o
       208          0          0          0          0        280   sqrt.o
        58          0          0          0          0        136   sqrtf.o

    ----------------------------------------------------------------------
      6920        732       2228          0        100      13090   Library Totals
        26          4          0          0          4          0   (incl. Padding)

    ----------------------------------------------------------------------

      Code (inc. data)   RO Data    RW Data    ZI Data      Debug   Library Name

       284         24       2052          0          0       7170   arm_cortexM7lfdp_math.lib
      1634         82          0          0         96       2364   c_w.l
       266          4          0          0          0        580   fz_wv.l
      4710        618        176          0          0       2976   m_wv.l

    ----------------------------------------------------------------------
      6920        732       2228          0        100      13090   Library Totals

    ----------------------------------------------------------------------

==============================================================================


      Code (inc. data)   RO Data    RW Data    ZI Data      Debug   

     74912       4768       3260        688     517112    1863043   Grand Totals
     74912       4768       3260        128     517112    1863043   ELF Image Totals (compressed)
     74912       4768       3260        128          0          0   ROM Totals

==============================================================================

    Total RO  Size (Code + RO Data)                78172 (  76.34kB)
    Total RW  Size (RW Data + ZI Data)            517800 ( 505.66kB)
    Total ROM Size (Code + RO Data + RW Data)      78300 (  76.46kB)

==============================================================================

